

================================================================
== Vitis HLS Report for 'fmcw_ramp_gen'
================================================================
* Date:           Fri Aug 28 13:30:58 2026

* Version:        2025.2 (Build 6295257 on Nov 14 2025)
* Project:        RADAR_ramp
* Solution:       hls (Vivado IP Flow Target)
* Product family: zynq
* Target device:  xc7z020-clg484-1


================================================================
== Performance Estimates
================================================================
+ Timing: 
    * Summary: 
    +--------+----------+----------+------------+
    |  Clock |  Target  | Estimated| Uncertainty|
    +--------+----------+----------+------------+
    |ap_clk  |  10.00 ns|  7.024 ns|     2.70 ns|
    +--------+----------+----------+------------+

+ Latency: 
    * Summary: 
    +---------+---------+-----------+-----------+-----+-----+---------+
    |  Latency (cycles) |   Latency (absolute)  |  Interval | Pipeline|
    |   min   |   max   |    min    |    max    | min | max |   Type  |
    +---------+---------+-----------+-----------+-----+-----+---------+
    |        1|        1|  10.000 ns|  10.000 ns|    2|    2|       no|
    +---------+---------+-----------+-----------+-----+-----+---------+

    + Detail: 
        * Instance: 
        N/A

        * Loop: 
        N/A

============================================================
+ Verbose Summary: Synthesis Manager
============================================================
InlineROM: 1
ExposeGlobal: 0
============================================================
+ Verbose Summary: CDFG Model
============================================================
IsTopModel: 1
ResetActiveHigh: 1
IsCombinational: 0
IsDatapathOnly: 0
HasWiredReturn: 1
HasMFsm: 0
HasVarLatency: 1
IsPipeline: 0
IsRtlPipelined: 0
IsInstanceOverlapped: 0
IsDontTouch: 0
HasImplIP: 0
IsGatedGlobalClock: 0


============================================================
+ Verbose Summary: Schedule
============================================================
* Number of FSM states : 2
* Pipeline : 0
* Dataflow Pipeline: 0

* FSM state transitions: 
1 --> 2 
2 --> 

* FSM state operations: 

State 1 <SV = 0> <Delay = 7.02>
ST_1 : Operation 3 [1/1] (0.00ns)   --->   "%spectopmodule_ln3 = spectopmodule void @_ssdm_op_SpecTopModule, void @empty_11" [fmcw_ramp_gen.cpp:3]   --->   Operation 3 'spectopmodule' 'spectopmodule_ln3' <Predicate = true> <Delay = 0.00>
ST_1 : Operation 4 [1/1] (0.00ns)   --->   "%specinterface_ln0 = specinterface void @_ssdm_op_SpecInterface, i32 %dac_stream_V_data_V, i4 %dac_stream_V_keep_V, i4 %dac_stream_V_strb_V, i1 %dac_stream_V_last_V, void @empty, i32 1, i32 1, void @empty_0, i32 0, i32 0, void @empty_1, void @empty_1, void @empty_1, i32 0, i32 0, i32 0, i32 0, void @empty_1, void @empty_1, i32 4294967295, i32 0, i32 0, i32 0"   --->   Operation 4 'specinterface' 'specinterface_ln0' <Predicate = true> <Delay = 0.00>
ST_1 : Operation 5 [1/1] (0.00ns)   --->   "%specbitsmap_ln0 = specbitsmap void @_ssdm_op_SpecBitsMap, i32 %dac_stream_V_data_V"   --->   Operation 5 'specbitsmap' 'specbitsmap_ln0' <Predicate = true> <Delay = 0.00>
ST_1 : Operation 6 [1/1] (0.00ns)   --->   "%specbitsmap_ln0 = specbitsmap void @_ssdm_op_SpecBitsMap, i4 %dac_stream_V_keep_V"   --->   Operation 6 'specbitsmap' 'specbitsmap_ln0' <Predicate = true> <Delay = 0.00>
ST_1 : Operation 7 [1/1] (0.00ns)   --->   "%specbitsmap_ln0 = specbitsmap void @_ssdm_op_SpecBitsMap, i4 %dac_stream_V_strb_V"   --->   Operation 7 'specbitsmap' 'specbitsmap_ln0' <Predicate = true> <Delay = 0.00>
ST_1 : Operation 8 [1/1] (0.00ns)   --->   "%specbitsmap_ln0 = specbitsmap void @_ssdm_op_SpecBitsMap, i1 %dac_stream_V_last_V"   --->   Operation 8 'specbitsmap' 'specbitsmap_ln0' <Predicate = true> <Delay = 0.00>
ST_1 : Operation 9 [1/1] (0.00ns)   --->   "%specbitsmap_ln0 = specbitsmap void @_ssdm_op_SpecBitsMap, i1 %sync_trigger"   --->   Operation 9 'specbitsmap' 'specbitsmap_ln0' <Predicate = true> <Delay = 0.00>
ST_1 : Operation 10 [1/1] (0.00ns)   --->   "%specinterface_ln0 = specinterface void @_ssdm_op_SpecInterface, i1 %sync_trigger, void @empty_2, i32 4294967295, i32 4294967295, void @empty_1, i32 0, i32 0, void @empty_1, void @empty_1, void @empty_1, i32 0, i32 0, i32 0, i32 0, void @empty_1, void @empty_1, i32 4294967295, i32 0, i32 0, i32 0"   --->   Operation 10 'specinterface' 'specinterface_ln0' <Predicate = true> <Delay = 0.00>
ST_1 : Operation 11 [1/1] (0.00ns)   --->   "%specbitsmap_ln0 = specbitsmap void @_ssdm_op_SpecBitsMap, i14 %min_val"   --->   Operation 11 'specbitsmap' 'specbitsmap_ln0' <Predicate = true> <Delay = 0.00>
ST_1 : Operation 12 [1/1] (0.00ns)   --->   "%specinterface_ln0 = specinterface void @_ssdm_op_SpecInterface, i14 %min_val, void @empty_3, i32 4294967295, i32 4294967295, void @empty_1, i32 0, i32 0, void @empty_4, void @empty_5, void @empty_1, i32 0, i32 0, i32 0, i32 0, void @empty_1, void @empty_1, i32 4294967295, i32 0, i32 0, i32 0"   --->   Operation 12 'specinterface' 'specinterface_ln0' <Predicate = true> <Delay = 0.00>
ST_1 : Operation 13 [1/1] (0.00ns)   --->   "%specinterface_ln0 = specinterface void @_ssdm_op_SpecInterface, i14 %min_val, void @empty_6, i32 0, i32 0, void @empty_1, i32 0, i32 0, void @empty_1, void @empty_1, void @empty_1, i32 0, i32 0, i32 0, i32 0, void @empty_1, void @empty_1, i32 4294967295, i32 0, i32 0, i32 0"   --->   Operation 13 'specinterface' 'specinterface_ln0' <Predicate = true> <Delay = 0.00>
ST_1 : Operation 14 [1/1] (0.00ns)   --->   "%specbitsmap_ln0 = specbitsmap void @_ssdm_op_SpecBitsMap, i14 %max_val"   --->   Operation 14 'specbitsmap' 'specbitsmap_ln0' <Predicate = true> <Delay = 0.00>
ST_1 : Operation 15 [1/1] (0.00ns)   --->   "%specinterface_ln0 = specinterface void @_ssdm_op_SpecInterface, i14 %max_val, void @empty_3, i32 4294967295, i32 4294967295, void @empty_1, i32 0, i32 0, void @empty_4, void @empty_7, void @empty_1, i32 0, i32 0, i32 0, i32 0, void @empty_1, void @empty_1, i32 4294967295, i32 0, i32 0, i32 0"   --->   Operation 15 'specinterface' 'specinterface_ln0' <Predicate = true> <Delay = 0.00>
ST_1 : Operation 16 [1/1] (0.00ns)   --->   "%specinterface_ln0 = specinterface void @_ssdm_op_SpecInterface, i14 %max_val, void @empty_6, i32 0, i32 0, void @empty_1, i32 0, i32 0, void @empty_1, void @empty_1, void @empty_1, i32 0, i32 0, i32 0, i32 0, void @empty_1, void @empty_1, i32 4294967295, i32 0, i32 0, i32 0"   --->   Operation 16 'specinterface' 'specinterface_ln0' <Predicate = true> <Delay = 0.00>
ST_1 : Operation 17 [1/1] (0.00ns)   --->   "%specbitsmap_ln0 = specbitsmap void @_ssdm_op_SpecBitsMap, i14 %step_size"   --->   Operation 17 'specbitsmap' 'specbitsmap_ln0' <Predicate = true> <Delay = 0.00>
ST_1 : Operation 18 [1/1] (0.00ns)   --->   "%specinterface_ln0 = specinterface void @_ssdm_op_SpecInterface, i14 %step_size, void @empty_3, i32 4294967295, i32 4294967295, void @empty_1, i32 0, i32 0, void @empty_4, void @empty_8, void @empty_1, i32 0, i32 0, i32 0, i32 0, void @empty_1, void @empty_1, i32 4294967295, i32 0, i32 0, i32 0"   --->   Operation 18 'specinterface' 'specinterface_ln0' <Predicate = true> <Delay = 0.00>
ST_1 : Operation 19 [1/1] (0.00ns)   --->   "%specinterface_ln0 = specinterface void @_ssdm_op_SpecInterface, i14 %step_size, void @empty_6, i32 0, i32 0, void @empty_1, i32 0, i32 0, void @empty_1, void @empty_1, void @empty_1, i32 0, i32 0, i32 0, i32 0, void @empty_1, void @empty_1, i32 4294967295, i32 0, i32 0, i32 0"   --->   Operation 19 'specinterface' 'specinterface_ln0' <Predicate = true> <Delay = 0.00>
ST_1 : Operation 20 [1/1] (0.00ns)   --->   "%specbitsmap_ln0 = specbitsmap void @_ssdm_op_SpecBitsMap, i1 %enable"   --->   Operation 20 'specbitsmap' 'specbitsmap_ln0' <Predicate = true> <Delay = 0.00>
ST_1 : Operation 21 [1/1] (0.00ns)   --->   "%specinterface_ln0 = specinterface void @_ssdm_op_SpecInterface, i1 %enable, void @empty_3, i32 4294967295, i32 4294967295, void @empty_1, i32 0, i32 0, void @empty_4, void @empty_9, void @empty_1, i32 0, i32 0, i32 0, i32 0, void @empty_1, void @empty_1, i32 4294967295, i32 0, i32 0, i32 0"   --->   Operation 21 'specinterface' 'specinterface_ln0' <Predicate = true> <Delay = 0.00>
ST_1 : Operation 22 [1/1] (0.00ns)   --->   "%specinterface_ln0 = specinterface void @_ssdm_op_SpecInterface, i1 %enable, void @empty_6, i32 0, i32 0, void @empty_1, i32 0, i32 0, void @empty_1, void @empty_1, void @empty_1, i32 0, i32 0, i32 0, i32 0, void @empty_1, void @empty_1, i32 4294967295, i32 0, i32 0, i32 0"   --->   Operation 22 'specinterface' 'specinterface_ln0' <Predicate = true> <Delay = 0.00>
ST_1 : Operation 23 [1/1] (0.00ns)   --->   "%specinterface_ln0 = specinterface void @_ssdm_op_SpecInterface, i32 0, void @empty_3, i32 0, i32 0, void @empty_1, i32 0, i32 0, void @empty_4, void @empty_1, void @empty_1, i32 0, i32 0, i32 0, i32 0, void @empty_1, void @empty_1, i32 0, i32 0, i32 0, i32 0"   --->   Operation 23 'specinterface' 'specinterface_ln0' <Predicate = true> <Delay = 0.00>
ST_1 : Operation 24 [1/1] (1.00ns)   --->   "%enable_read = read i1 @_ssdm_op_Read.s_axilite.i1, i1 %enable"   --->   Operation 24 'read' 'enable_read' <Predicate = true> <Delay = 1.00> <CoreInst = "s_axilite">   --->   Core 112 's_axilite' <Latency = 0> <II = 1> <Delay = 1.00> <Adapter> <Opcode : 'read' 'write'>
ST_1 : Operation 25 [1/1] (1.00ns)   --->   "%step_size_read = read i14 @_ssdm_op_Read.s_axilite.i14, i14 %step_size"   --->   Operation 25 'read' 'step_size_read' <Predicate = true> <Delay = 1.00> <CoreInst = "s_axilite">   --->   Core 112 's_axilite' <Latency = 0> <II = 1> <Delay = 1.00> <Adapter> <Opcode : 'read' 'write'>
ST_1 : Operation 26 [1/1] (1.00ns)   --->   "%max_val_read = read i14 @_ssdm_op_Read.s_axilite.i14, i14 %max_val"   --->   Operation 26 'read' 'max_val_read' <Predicate = true> <Delay = 1.00> <CoreInst = "s_axilite">   --->   Core 112 's_axilite' <Latency = 0> <II = 1> <Delay = 1.00> <Adapter> <Opcode : 'read' 'write'>
ST_1 : Operation 27 [1/1] (1.00ns)   --->   "%min_val_read = read i14 @_ssdm_op_Read.s_axilite.i14, i14 %min_val"   --->   Operation 27 'read' 'min_val_read' <Predicate = true> <Delay = 1.00> <CoreInst = "s_axilite">   --->   Core 112 's_axilite' <Latency = 0> <II = 1> <Delay = 1.00> <Adapter> <Opcode : 'read' 'write'>
ST_1 : Operation 28 [1/1] (0.00ns)   --->   "%specaxissidechannel_ln30 = specaxissidechannel void @_ssdm_op_SpecAXISSideChannel, i32 %dac_stream_V_data_V, i4 %dac_stream_V_keep_V, i4 %dac_stream_V_strb_V, i1 0, i1 %dac_stream_V_last_V, i1 0, i1 0, void @empty_10" [fmcw_ramp_gen.cpp:30]   --->   Operation 28 'specaxissidechannel' 'specaxissidechannel_ln30' <Predicate = true> <Delay = 0.00>
ST_1 : Operation 29 [1/1] (0.00ns)   --->   "%br_ln30 = br i1 %enable_read, void %if.then, void %if.end" [fmcw_ramp_gen.cpp:30]   --->   Operation 29 'br' 'br_ln30' <Predicate = true> <Delay = 0.00>
ST_1 : Operation 30 [1/1] (1.58ns)   --->   "%store_ln31 = store i14 %min_val_read, i14 %current_val" [fmcw_ramp_gen.cpp:31]   --->   Operation 30 'store' 'store_ln31' <Predicate = (!enable_read)> <Delay = 1.58>
ST_1 : Operation 31 [1/1] (0.00ns)   --->   "%write_ln33 = write void @_ssdm_op_Write.ap_none.i1P0A, i1 %sync_trigger, i1 0" [fmcw_ramp_gen.cpp:33]   --->   Operation 31 'write' 'write_ln33' <Predicate = (!enable_read)> <Delay = 0.00>
ST_1 : Operation 32 [1/1] (0.00ns)   --->   "%br_ln34 = br void %cleanup" [fmcw_ramp_gen.cpp:34]   --->   Operation 32 'br' 'br_ln34' <Predicate = (!enable_read)> <Delay = 0.00>
ST_1 : Operation 33 [1/1] (0.00ns)   --->   "%out_word_data = load i14 %current_val" [fmcw_ramp_gen.cpp:38]   --->   Operation 33 'load' 'out_word_data' <Predicate = (enable_read)> <Delay = 0.00>
ST_1 : Operation 34 [1/1] (0.00ns)   --->   "%zext_ln38 = zext i14 %out_word_data" [fmcw_ramp_gen.cpp:38]   --->   Operation 34 'zext' 'zext_ln38' <Predicate = (enable_read)> <Delay = 0.00>
ST_1 : Operation 35 [1/1] (0.00ns)   --->   "%zext_ln43 = zext i14 %out_word_data" [fmcw_ramp_gen.cpp:43]   --->   Operation 35 'zext' 'zext_ln43' <Predicate = (enable_read)> <Delay = 0.00>
ST_1 : Operation 36 [1/1] (0.00ns)   --->   "%zext_ln43_1 = zext i14 %step_size_read" [fmcw_ramp_gen.cpp:43]   --->   Operation 36 'zext' 'zext_ln43_1' <Predicate = (enable_read)> <Delay = 0.00>
ST_1 : Operation 37 [1/1] (1.81ns)   --->   "%add_ln43 = add i15 %zext_ln43, i15 %zext_ln43_1" [fmcw_ramp_gen.cpp:43]   --->   Operation 37 'add' 'add_ln43' <Predicate = (enable_read)> <Delay = 1.81> <CoreInst = "Adder">   --->   Core 1 'Adder' <Latency = 0> <II = 1> <Delay = 1.81> <FuncUnit> <Opcode : 'add' 'sub'> <InPorts = 2> <OutPorts = 1>
ST_1 : Operation 38 [1/1] (0.00ns)   --->   "%zext_ln43_2 = zext i14 %max_val_read" [fmcw_ramp_gen.cpp:43]   --->   Operation 38 'zext' 'zext_ln43_2' <Predicate = (enable_read)> <Delay = 0.00>
ST_1 : Operation 39 [1/1] (1.94ns)   --->   "%icmp_ln43 = icmp_ult  i15 %add_ln43, i15 %zext_ln43_2" [fmcw_ramp_gen.cpp:43]   --->   Operation 39 'icmp' 'icmp_ln43' <Predicate = (enable_read)> <Delay = 1.94> <CoreInst = "Cmp">   --->   Core 9 'Cmp' <Latency = 0> <II = 1> <Delay = 1.94> <FuncUnit> <Opcode : 'seteq' 'setne' 'setle' 'setge' 'setlt' 'setgt'> <InPorts = 2> <OutPorts = 1>
ST_1 : Operation 40 [1/1] (0.97ns)   --->   "%xor_ln43 = xor i1 %icmp_ln43, i1 1" [fmcw_ramp_gen.cpp:43]   --->   Operation 40 'xor' 'xor_ln43' <Predicate = (enable_read)> <Delay = 0.97> <CoreInst = "LogicGate">   --->   Core 74 'LogicGate' <Latency = 0> <II = 1> <Delay = 0.97> <FuncUnit> <Opcode : 'and' 'or' 'xor'> <InPorts = 2> <OutPorts = 1>
ST_1 : Operation 41 [1/1] (1.81ns)   --->   "%add_ln49 = add i14 %out_word_data, i14 %step_size_read" [fmcw_ramp_gen.cpp:49]   --->   Operation 41 'add' 'add_ln49' <Predicate = (enable_read)> <Delay = 1.81> <CoreInst = "Adder">   --->   Core 1 'Adder' <Latency = 0> <II = 1> <Delay = 1.81> <FuncUnit> <Opcode : 'add' 'sub'> <InPorts = 2> <OutPorts = 1>
ST_1 : Operation 42 [1/1] (0.70ns)   --->   "%select_ln43 = select i1 %xor_ln43, i14 %min_val_read, i14 %add_ln49" [fmcw_ramp_gen.cpp:43]   --->   Operation 42 'select' 'select_ln43' <Predicate = (enable_read)> <Delay = 0.70> <CoreInst = "Sel">   --->   Core 73 'Sel' <Latency = 0> <II = 1> <Delay = 0.70> <FuncUnit> <Opcode : 'select'> <InPorts = 3> <OutPorts = 1>
ST_1 : Operation 43 [1/1] (0.00ns)   --->   "%write_ln53 = write void @_ssdm_op_Write.ap_none.i1P0A, i1 %sync_trigger, i1 %xor_ln43" [fmcw_ramp_gen.cpp:53]   --->   Operation 43 'write' 'write_ln53' <Predicate = (enable_read)> <Delay = 0.00>
ST_1 : Operation 44 [2/2] (1.29ns)   --->   "%write_ln54 = write void @_ssdm_op_Write.axis.volatile.i32P0A.i4P0A.i4P0A.i1P0A, i32 %dac_stream_V_data_V, i4 %dac_stream_V_keep_V, i4 %dac_stream_V_strb_V, i1 %dac_stream_V_last_V, i32 %zext_ln38, i4 15, i4 15, i1 %xor_ln43" [fmcw_ramp_gen.cpp:54]   --->   Operation 44 'write' 'write_ln54' <Predicate = (enable_read)> <Delay = 1.29> <CoreInst = "regslice">   --->   Core 135 'regslice' <Latency = 0> <II = 1> <Delay = 1.86> <Adapter> <Opcode : 'read' 'write'>

State 2 <SV = 1> <Delay = 1.58>
ST_2 : Operation 45 [1/1] (1.58ns)   --->   "%store_ln43 = store i14 %select_ln43, i14 %current_val" [fmcw_ramp_gen.cpp:43]   --->   Operation 45 'store' 'store_ln43' <Predicate = (enable_read)> <Delay = 1.58>
ST_2 : Operation 46 [1/2] ( I:1.29ns O:1.29ns )   --->   "%write_ln54 = write void @_ssdm_op_Write.axis.volatile.i32P0A.i4P0A.i4P0A.i1P0A, i32 %dac_stream_V_data_V, i4 %dac_stream_V_keep_V, i4 %dac_stream_V_strb_V, i1 %dac_stream_V_last_V, i32 %zext_ln38, i4 15, i4 15, i1 %xor_ln43" [fmcw_ramp_gen.cpp:54]   --->   Operation 46 'write' 'write_ln54' <Predicate = (enable_read)> <Delay = 1.29> <CoreInst = "regslice">   --->   Core 135 'regslice' <Latency = 0> <II = 1> <Delay = 1.86> <Adapter> <Opcode : 'read' 'write'>
ST_2 : Operation 47 [1/1] (0.00ns)   --->   "%br_ln55 = br void %cleanup" [fmcw_ramp_gen.cpp:55]   --->   Operation 47 'br' 'br_ln55' <Predicate = (enable_read)> <Delay = 0.00>
ST_2 : Operation 48 [1/1] (0.00ns)   --->   "%ret_ln55 = ret" [fmcw_ramp_gen.cpp:55]   --->   Operation 48 'ret' 'ret_ln55' <Predicate = true> <Delay = 0.00>


============================================================
+ Verbose Summary: Binding
============================================================
STG Binding: 
---------------- STG Properties BEGIN ----------------
- Is combinational: 0
- Is one-state seq: 0
- Is datapath-only: 0
- Is pipelined: 0
- Is top level: 1
Port [ Return ] is wired: 1; IO mode=ap_ctrl_hs:ce=0
Port [ dac_stream_V_data_V]:  wired=1; compound=1; hidden=0; nouse=0; global=0; static=0; extern=0; dir=1; type=0; pingpong=0; private_global=0; IO mode=axis:ce=0
Port [ dac_stream_V_keep_V]:  wired=1; compound=1; hidden=0; nouse=0; global=0; static=0; extern=0; dir=1; type=0; pingpong=0; private_global=0; IO mode=axis:ce=0
Port [ dac_stream_V_strb_V]:  wired=1; compound=1; hidden=0; nouse=0; global=0; static=0; extern=0; dir=1; type=0; pingpong=0; private_global=0; IO mode=axis:ce=0
Port [ dac_stream_V_last_V]:  wired=1; compound=1; hidden=0; nouse=0; global=0; static=0; extern=0; dir=1; type=0; pingpong=0; private_global=0; IO mode=axis:ce=0
Port [ sync_trigger]:  wired=1; compound=0; hidden=0; nouse=0; global=0; static=0; extern=0; dir=1; type=0; pingpong=0; private_global=0; IO mode=ap_none:ce=0
Port [ min_val]:  wired=1; compound=0; hidden=0; nouse=0; global=0; static=0; extern=0; dir=0; type=0; pingpong=0; private_global=0; IO mode=ap_none:ce=0
Port [ max_val]:  wired=1; compound=0; hidden=0; nouse=0; global=0; static=0; extern=0; dir=0; type=0; pingpong=0; private_global=0; IO mode=ap_none:ce=0
Port [ step_size]:  wired=1; compound=0; hidden=0; nouse=0; global=0; static=0; extern=0; dir=0; type=0; pingpong=0; private_global=0; IO mode=ap_none:ce=0
Port [ enable]:  wired=1; compound=0; hidden=0; nouse=0; global=0; static=0; extern=0; dir=0; type=0; pingpong=0; private_global=0; IO mode=ap_none:ce=0
Port [ current_val]:  wired=0; compound=0; hidden=1; nouse=0; global=1; static=1; extern=0; dir=2; type=0; pingpong=0; private_global=1; IO mode=ap_ovld:ce=0
---------------- STG Properties END ------------------

---------------- Datapath Model BEGIN ----------------

<LifeTime>
<method=bitvector/>
spectopmodule_ln3        (spectopmodule      ) [ 000]
specinterface_ln0        (specinterface      ) [ 000]
specbitsmap_ln0          (specbitsmap        ) [ 000]
specbitsmap_ln0          (specbitsmap        ) [ 000]
specbitsmap_ln0          (specbitsmap        ) [ 000]
specbitsmap_ln0          (specbitsmap        ) [ 000]
specbitsmap_ln0          (specbitsmap        ) [ 000]
specinterface_ln0        (specinterface      ) [ 000]
specbitsmap_ln0          (specbitsmap        ) [ 000]
specinterface_ln0        (specinterface      ) [ 000]
specinterface_ln0        (specinterface      ) [ 000]
specbitsmap_ln0          (specbitsmap        ) [ 000]
specinterface_ln0        (specinterface      ) [ 000]
specinterface_ln0        (specinterface      ) [ 000]
specbitsmap_ln0          (specbitsmap        ) [ 000]
specinterface_ln0        (specinterface      ) [ 000]
specinterface_ln0        (specinterface      ) [ 000]
specbitsmap_ln0          (specbitsmap        ) [ 000]
specinterface_ln0        (specinterface      ) [ 000]
specinterface_ln0        (specinterface      ) [ 000]
specinterface_ln0        (specinterface      ) [ 000]
enable_read              (read               ) [ 011]
step_size_read           (read               ) [ 000]
max_val_read             (read               ) [ 000]
min_val_read             (read               ) [ 000]
specaxissidechannel_ln30 (specaxissidechannel) [ 000]
br_ln30                  (br                 ) [ 000]
store_ln31               (store              ) [ 000]
write_ln33               (write              ) [ 000]
br_ln34                  (br                 ) [ 000]
out_word_data            (load               ) [ 000]
zext_ln38                (zext               ) [ 001]
zext_ln43                (zext               ) [ 000]
zext_ln43_1              (zext               ) [ 000]
add_ln43                 (add                ) [ 000]
zext_ln43_2              (zext               ) [ 000]
icmp_ln43                (icmp               ) [ 000]
xor_ln43                 (xor                ) [ 001]
add_ln49                 (add                ) [ 000]
select_ln43              (select             ) [ 001]
write_ln53               (write              ) [ 000]
store_ln43               (store              ) [ 000]
write_ln54               (write              ) [ 000]
br_ln55                  (br                 ) [ 000]
ret_ln55                 (ret                ) [ 000]
</LifeTime>

<model>

<comp_list>
<comp id="0" class="1000" name="dac_stream_V_data_V">
<pin_list>
<pin id="1" dir="1" index="0" bw="1" slack="0"/>
</pin_list>
<bind>
<StgValue><ssdm name="dac_stream_V_data_V"/></StgValue>
</bind>
</comp>

<comp id="2" class="1000" name="dac_stream_V_keep_V">
<pin_list>
<pin id="3" dir="1" index="0" bw="1" slack="0"/>
</pin_list>
<bind>
<StgValue><ssdm name="dac_stream_V_keep_V"/></StgValue>
</bind>
</comp>

<comp id="4" class="1000" name="dac_stream_V_strb_V">
<pin_list>
<pin id="5" dir="1" index="0" bw="1" slack="0"/>
</pin_list>
<bind>
<StgValue><ssdm name="dac_stream_V_strb_V"/></StgValue>
</bind>
</comp>

<comp id="6" class="1000" name="dac_stream_V_last_V">
<pin_list>
<pin id="7" dir="1" index="0" bw="1" slack="0"/>
</pin_list>
<bind>
<StgValue><ssdm name="dac_stream_V_last_V"/></StgValue>
</bind>
</comp>

<comp id="8" class="1000" name="sync_trigger">
<pin_list>
<pin id="9" dir="1" index="0" bw="1" slack="0"/>
</pin_list>
<bind>
<StgValue><ssdm name="sync_trigger"/></StgValue>
</bind>
</comp>

<comp id="10" class="1000" name="min_val">
<pin_list>
<pin id="11" dir="1" index="0" bw="1" slack="0"/>
</pin_list>
<bind>
<StgValue><ssdm name="min_val"/></StgValue>
</bind>
</comp>

<comp id="12" class="1000" name="max_val">
<pin_list>
<pin id="13" dir="1" index="0" bw="1" slack="0"/>
</pin_list>
<bind>
<StgValue><ssdm name="max_val"/></StgValue>
</bind>
</comp>

<comp id="14" class="1000" name="step_size">
<pin_list>
<pin id="15" dir="1" index="0" bw="1" slack="0"/>
</pin_list>
<bind>
<StgValue><ssdm name="step_size"/></StgValue>
</bind>
</comp>

<comp id="16" class="1000" name="enable">
<pin_list>
<pin id="17" dir="1" index="0" bw="1" slack="0"/>
</pin_list>
<bind>
<StgValue><ssdm name="enable"/></StgValue>
</bind>
</comp>

<comp id="18" class="1000" name="current_val">
<pin_list>
<pin id="19" dir="1" index="0" bw="1" slack="0"/>
</pin_list>
<bind>
<StgValue><ssdm name="current_val"/></StgValue>
</bind>
</comp>

<comp id="20" class="1001" name="const_20">
<pin_list>
<pin id="21" dir="1" index="0" bw="1" slack="2147483647"/>
</pin_list>
<bind>
<StgValue><ssdm name="_ssdm_op_SpecTopModule"/></StgValue>
</bind>
</comp>

<comp id="22" class="1001" name="const_22">
<pin_list>
<pin id="23" dir="1" index="0" bw="1" slack="2147483647"/>
</pin_list>
<bind>
<StgValue><ssdm name="empty_11"/></StgValue>
</bind>
</comp>

<comp id="24" class="1001" name="const_24">
<pin_list>
<pin id="25" dir="1" index="0" bw="1" slack="2147483647"/>
</pin_list>
<bind>
<StgValue><ssdm name="_ssdm_op_SpecInterface"/></StgValue>
</bind>
</comp>

<comp id="26" class="1001" name="const_26">
<pin_list>
<pin id="27" dir="1" index="0" bw="1" slack="2147483647"/>
</pin_list>
<bind>
<StgValue><ssdm name="empty"/></StgValue>
</bind>
</comp>

<comp id="28" class="1001" name="const_28">
<pin_list>
<pin id="29" dir="1" index="0" bw="1" slack="2147483647"/>
</pin_list>
<bind>
<StgValue><ssdm name=""/></StgValue>
</bind>
</comp>

<comp id="30" class="1001" name="const_30">
<pin_list>
<pin id="31" dir="1" index="0" bw="1" slack="2147483647"/>
</pin_list>
<bind>
<StgValue><ssdm name="empty_0"/></StgValue>
</bind>
</comp>

<comp id="32" class="1001" name="const_32">
<pin_list>
<pin id="33" dir="1" index="0" bw="1" slack="2147483647"/>
</pin_list>
<bind>
<StgValue><ssdm name=""/></StgValue>
</bind>
</comp>

<comp id="34" class="1001" name="const_34">
<pin_list>
<pin id="35" dir="1" index="0" bw="1" slack="2147483647"/>
</pin_list>
<bind>
<StgValue><ssdm name="empty_1"/></StgValue>
</bind>
</comp>

<comp id="36" class="1001" name="const_36">
<pin_list>
<pin id="37" dir="1" index="0" bw="1" slack="2147483647"/>
</pin_list>
<bind>
<StgValue><ssdm name=""/></StgValue>
</bind>
</comp>

<comp id="38" class="1001" name="const_38">
<pin_list>
<pin id="39" dir="1" index="0" bw="1" slack="2147483647"/>
</pin_list>
<bind>
<StgValue><ssdm name="_ssdm_op_SpecBitsMap"/></StgValue>
</bind>
</comp>

<comp id="40" class="1001" name="const_40">
<pin_list>
<pin id="41" dir="1" index="0" bw="1" slack="2147483647"/>
</pin_list>
<bind>
<StgValue><ssdm name="empty_2"/></StgValue>
</bind>
</comp>

<comp id="42" class="1001" name="const_42">
<pin_list>
<pin id="43" dir="1" index="0" bw="1" slack="2147483647"/>
</pin_list>
<bind>
<StgValue><ssdm name="empty_3"/></StgValue>
</bind>
</comp>

<comp id="44" class="1001" name="const_44">
<pin_list>
<pin id="45" dir="1" index="0" bw="1" slack="2147483647"/>
</pin_list>
<bind>
<StgValue><ssdm name="empty_4"/></StgValue>
</bind>
</comp>

<comp id="46" class="1001" name="const_46">
<pin_list>
<pin id="47" dir="1" index="0" bw="1" slack="2147483647"/>
</pin_list>
<bind>
<StgValue><ssdm name="empty_5"/></StgValue>
</bind>
</comp>

<comp id="48" class="1001" name="const_48">
<pin_list>
<pin id="49" dir="1" index="0" bw="1" slack="2147483647"/>
</pin_list>
<bind>
<StgValue><ssdm name="empty_6"/></StgValue>
</bind>
</comp>

<comp id="50" class="1001" name="const_50">
<pin_list>
<pin id="51" dir="1" index="0" bw="1" slack="2147483647"/>
</pin_list>
<bind>
<StgValue><ssdm name="empty_7"/></StgValue>
</bind>
</comp>

<comp id="52" class="1001" name="const_52">
<pin_list>
<pin id="53" dir="1" index="0" bw="1" slack="2147483647"/>
</pin_list>
<bind>
<StgValue><ssdm name="empty_8"/></StgValue>
</bind>
</comp>

<comp id="54" class="1001" name="const_54">
<pin_list>
<pin id="55" dir="1" index="0" bw="1" slack="2147483647"/>
</pin_list>
<bind>
<StgValue><ssdm name="empty_9"/></StgValue>
</bind>
</comp>

<comp id="56" class="1001" name="const_56">
<pin_list>
<pin id="57" dir="1" index="0" bw="1" slack="0"/>
</pin_list>
<bind>
<StgValue><ssdm name="_ssdm_op_Read.s_axilite.i1"/></StgValue>
</bind>
</comp>

<comp id="58" class="1001" name="const_58">
<pin_list>
<pin id="59" dir="1" index="0" bw="1" slack="0"/>
</pin_list>
<bind>
<StgValue><ssdm name="_ssdm_op_Read.s_axilite.i14"/></StgValue>
</bind>
</comp>

<comp id="60" class="1001" name="const_60">
<pin_list>
<pin id="61" dir="1" index="0" bw="1" slack="2147483647"/>
</pin_list>
<bind>
<StgValue><ssdm name="_ssdm_op_SpecAXISSideChannel"/></StgValue>
</bind>
</comp>

<comp id="62" class="1001" name="const_62">
<pin_list>
<pin id="63" dir="1" index="0" bw="1" slack="2147483647"/>
</pin_list>
<bind>
<StgValue><ssdm name=""/></StgValue>
</bind>
</comp>

<comp id="64" class="1001" name="const_64">
<pin_list>
<pin id="65" dir="1" index="0" bw="1" slack="2147483647"/>
</pin_list>
<bind>
<StgValue><ssdm name="empty_10"/></StgValue>
</bind>
</comp>

<comp id="66" class="1001" name="const_66">
<pin_list>
<pin id="67" dir="1" index="0" bw="1" slack="0"/>
</pin_list>
<bind>
<StgValue><ssdm name="_ssdm_op_Write.ap_none.i1P0A"/></StgValue>
</bind>
</comp>

<comp id="68" class="1001" name="const_68">
<pin_list>
<pin id="69" dir="1" index="0" bw="1" slack="0"/>
</pin_list>
<bind>
<StgValue><ssdm name=""/></StgValue>
</bind>
</comp>

<comp id="70" class="1001" name="const_70">
<pin_list>
<pin id="71" dir="1" index="0" bw="1" slack="0"/>
</pin_list>
<bind>
<StgValue><ssdm name=""/></StgValue>
</bind>
</comp>

<comp id="72" class="1001" name="const_72">
<pin_list>
<pin id="73" dir="1" index="0" bw="1" slack="0"/>
</pin_list>
<bind>
<StgValue><ssdm name="_ssdm_op_Write.axis.volatile.i32P0A.i4P0A.i4P0A.i1P0A"/></StgValue>
</bind>
</comp>

<comp id="74" class="1001" name="const_74">
<pin_list>
<pin id="75" dir="1" index="0" bw="1" slack="0"/>
</pin_list>
<bind>
<StgValue><ssdm name=""/></StgValue>
</bind>
</comp>

<comp id="76" class="1004" name="enable_read_read_fu_76">
<pin_list>
<pin id="77" dir="0" index="0" bw="1" slack="0"/>
<pin id="78" dir="0" index="1" bw="1" slack="0"/>
<pin id="79" dir="1" index="2" bw="1" slack="1"/>
</pin_list>
<bind>
<opcode="read(1150) " fcode="read"/>
<opset="enable_read/1 "/>
</bind>
</comp>

<comp id="82" class="1004" name="step_size_read_read_fu_82">
<pin_list>
<pin id="83" dir="0" index="0" bw="14" slack="0"/>
<pin id="84" dir="0" index="1" bw="14" slack="0"/>
<pin id="85" dir="1" index="2" bw="14" slack="0"/>
</pin_list>
<bind>
<opcode="read(1150) " fcode="read"/>
<opset="step_size_read/1 "/>
</bind>
</comp>

<comp id="88" class="1004" name="max_val_read_read_fu_88">
<pin_list>
<pin id="89" dir="0" index="0" bw="14" slack="0"/>
<pin id="90" dir="0" index="1" bw="14" slack="0"/>
<pin id="91" dir="1" index="2" bw="14" slack="0"/>
</pin_list>
<bind>
<opcode="read(1150) " fcode="read"/>
<opset="max_val_read/1 "/>
</bind>
</comp>

<comp id="94" class="1004" name="min_val_read_read_fu_94">
<pin_list>
<pin id="95" dir="0" index="0" bw="14" slack="0"/>
<pin id="96" dir="0" index="1" bw="14" slack="0"/>
<pin id="97" dir="1" index="2" bw="14" slack="0"/>
</pin_list>
<bind>
<opcode="read(1150) " fcode="read"/>
<opset="min_val_read/1 "/>
</bind>
</comp>

<comp id="100" class="1004" name="grp_write_fu_100">
<pin_list>
<pin id="101" dir="0" index="0" bw="0" slack="0"/>
<pin id="102" dir="0" index="1" bw="1" slack="0"/>
<pin id="103" dir="0" index="2" bw="1" slack="0"/>
<pin id="104" dir="1" index="3" bw="0" slack="2147483647"/>
</pin_list>
<bind>
<opcode="write(1151) " fcode="write"/>
<opset="write_ln33/1 write_ln53/1 "/>
</bind>
</comp>

<comp id="108" class="1004" name="grp_write_fu_108">
<pin_list>
<pin id="109" dir="0" index="0" bw="0" slack="0"/>
<pin id="110" dir="0" index="1" bw="32" slack="0"/>
<pin id="111" dir="0" index="2" bw="4" slack="0"/>
<pin id="112" dir="0" index="3" bw="4" slack="0"/>
<pin id="113" dir="0" index="4" bw="1" slack="0"/>
<pin id="114" dir="0" index="5" bw="14" slack="0"/>
<pin id="115" dir="0" index="6" bw="1" slack="0"/>
<pin id="116" dir="0" index="7" bw="1" slack="0"/>
<pin id="117" dir="0" index="8" bw="1" slack="0"/>
<pin id="118" dir="1" index="9" bw="0" slack="2147483647"/>
</pin_list>
<bind>
<opcode="write(1151) " fcode="write"/>
<opset="write_ln54/1 "/>
</bind>
</comp>

<comp id="126" class="1004" name="store_ln31_store_fu_126">
<pin_list>
<pin id="127" dir="0" index="0" bw="14" slack="0"/>
<pin id="128" dir="0" index="1" bw="14" slack="0"/>
<pin id="129" dir="1" index="2" bw="0" slack="2147483647"/>
</pin_list>
<bind>
<opcode="store(28) " fcode="store"/>
<opset="store_ln31/1 "/>
</bind>
</comp>

<comp id="132" class="1004" name="out_word_data_load_fu_132">
<pin_list>
<pin id="133" dir="0" index="0" bw="14" slack="0"/>
<pin id="134" dir="1" index="1" bw="14" slack="0"/>
</pin_list>
<bind>
<opcode="load(27) " fcode="load"/>
<opset="out_word_data/1 "/>
</bind>
</comp>

<comp id="136" class="1004" name="zext_ln38_fu_136">
<pin_list>
<pin id="137" dir="0" index="0" bw="14" slack="0"/>
<pin id="138" dir="1" index="1" bw="32" slack="0"/>
</pin_list>
<bind>
<opcode="zext(34) " fcode="zext"/>
<opset="zext_ln38/1 "/>
</bind>
</comp>

<comp id="141" class="1004" name="zext_ln43_fu_141">
<pin_list>
<pin id="142" dir="0" index="0" bw="14" slack="0"/>
<pin id="143" dir="1" index="1" bw="15" slack="0"/>
</pin_list>
<bind>
<opcode="zext(34) " fcode="zext"/>
<opset="zext_ln43/1 "/>
</bind>
</comp>

<comp id="145" class="1004" name="zext_ln43_1_fu_145">
<pin_list>
<pin id="146" dir="0" index="0" bw="14" slack="0"/>
<pin id="147" dir="1" index="1" bw="15" slack="0"/>
</pin_list>
<bind>
<opcode="zext(34) " fcode="zext"/>
<opset="zext_ln43_1/1 "/>
</bind>
</comp>

<comp id="149" class="1004" name="add_ln43_fu_149">
<pin_list>
<pin id="150" dir="0" index="0" bw="14" slack="0"/>
<pin id="151" dir="0" index="1" bw="14" slack="0"/>
<pin id="152" dir="1" index="2" bw="15" slack="0"/>
</pin_list>
<bind>
<opcode="add(8) " fcode="add"/>
<opset="add_ln43/1 "/>
</bind>
</comp>

<comp id="155" class="1004" name="zext_ln43_2_fu_155">
<pin_list>
<pin id="156" dir="0" index="0" bw="14" slack="0"/>
<pin id="157" dir="1" index="1" bw="15" slack="0"/>
</pin_list>
<bind>
<opcode="zext(34) " fcode="zext"/>
<opset="zext_ln43_2/1 "/>
</bind>
</comp>

<comp id="159" class="1004" name="icmp_ln43_fu_159">
<pin_list>
<pin id="160" dir="0" index="0" bw="15" slack="0"/>
<pin id="161" dir="0" index="1" bw="14" slack="0"/>
<pin id="162" dir="1" index="2" bw="1" slack="0"/>
</pin_list>
<bind>
<opcode="icmp(45) " fcode="icmp"/>
<opset="icmp_ln43/1 "/>
</bind>
</comp>

<comp id="165" class="1004" name="xor_ln43_fu_165">
<pin_list>
<pin id="166" dir="0" index="0" bw="1" slack="0"/>
<pin id="167" dir="0" index="1" bw="1" slack="0"/>
<pin id="168" dir="1" index="2" bw="1" slack="0"/>
</pin_list>
<bind>
<opcode="xor(25) " fcode="xor"/>
<opset="xor_ln43/1 "/>
</bind>
</comp>

<comp id="173" class="1004" name="add_ln49_fu_173">
<pin_list>
<pin id="174" dir="0" index="0" bw="14" slack="0"/>
<pin id="175" dir="0" index="1" bw="14" slack="0"/>
<pin id="176" dir="1" index="2" bw="14" slack="0"/>
</pin_list>
<bind>
<opcode="add(8) " fcode="add"/>
<opset="add_ln49/1 "/>
</bind>
</comp>

<comp id="179" class="1004" name="select_ln43_fu_179">
<pin_list>
<pin id="180" dir="0" index="0" bw="1" slack="0"/>
<pin id="181" dir="0" index="1" bw="14" slack="0"/>
<pin id="182" dir="0" index="2" bw="14" slack="0"/>
<pin id="183" dir="1" index="3" bw="14" slack="1"/>
</pin_list>
<bind>
<opcode="select(49) " fcode="select"/>
<opset="select_ln43/1 "/>
</bind>
</comp>

<comp id="187" class="1004" name="store_ln43_store_fu_187">
<pin_list>
<pin id="188" dir="0" index="0" bw="14" slack="1"/>
<pin id="189" dir="0" index="1" bw="14" slack="0"/>
<pin id="190" dir="1" index="2" bw="0" slack="2147483647"/>
</pin_list>
<bind>
<opcode="store(28) " fcode="store"/>
<opset="store_ln43/2 "/>
</bind>
</comp>

<comp id="192" class="1005" name="enable_read_reg_192">
<pin_list>
<pin id="193" dir="0" index="0" bw="1" slack="1"/>
<pin id="194" dir="1" index="1" bw="1" slack="2147483647"/>
</pin_list>
<bind>
<opset="enable_read "/>
</bind>
</comp>

<comp id="196" class="1005" name="zext_ln38_reg_196">
<pin_list>
<pin id="197" dir="0" index="0" bw="32" slack="1"/>
<pin id="198" dir="1" index="1" bw="32" slack="1"/>
</pin_list>
<bind>
<opset="zext_ln38 "/>
</bind>
</comp>

<comp id="201" class="1005" name="xor_ln43_reg_201">
<pin_list>
<pin id="202" dir="0" index="0" bw="1" slack="1"/>
<pin id="203" dir="1" index="1" bw="1" slack="1"/>
</pin_list>
<bind>
<opset="xor_ln43 "/>
</bind>
</comp>

<comp id="206" class="1005" name="select_ln43_reg_206">
<pin_list>
<pin id="207" dir="0" index="0" bw="14" slack="1"/>
<pin id="208" dir="1" index="1" bw="14" slack="1"/>
</pin_list>
<bind>
<opset="select_ln43 "/>
</bind>
</comp>

</comp_list>

<net_list>
<net id="80"><net_src comp="56" pin="0"/><net_sink comp="76" pin=0"/></net>

<net id="81"><net_src comp="16" pin="0"/><net_sink comp="76" pin=1"/></net>

<net id="86"><net_src comp="58" pin="0"/><net_sink comp="82" pin=0"/></net>

<net id="87"><net_src comp="14" pin="0"/><net_sink comp="82" pin=1"/></net>

<net id="92"><net_src comp="58" pin="0"/><net_sink comp="88" pin=0"/></net>

<net id="93"><net_src comp="12" pin="0"/><net_sink comp="88" pin=1"/></net>

<net id="98"><net_src comp="58" pin="0"/><net_sink comp="94" pin=0"/></net>

<net id="99"><net_src comp="10" pin="0"/><net_sink comp="94" pin=1"/></net>

<net id="105"><net_src comp="66" pin="0"/><net_sink comp="100" pin=0"/></net>

<net id="106"><net_src comp="8" pin="0"/><net_sink comp="100" pin=1"/></net>

<net id="107"><net_src comp="68" pin="0"/><net_sink comp="100" pin=2"/></net>

<net id="119"><net_src comp="72" pin="0"/><net_sink comp="108" pin=0"/></net>

<net id="120"><net_src comp="0" pin="0"/><net_sink comp="108" pin=1"/></net>

<net id="121"><net_src comp="2" pin="0"/><net_sink comp="108" pin=2"/></net>

<net id="122"><net_src comp="4" pin="0"/><net_sink comp="108" pin=3"/></net>

<net id="123"><net_src comp="6" pin="0"/><net_sink comp="108" pin=4"/></net>

<net id="124"><net_src comp="74" pin="0"/><net_sink comp="108" pin=6"/></net>

<net id="125"><net_src comp="74" pin="0"/><net_sink comp="108" pin=7"/></net>

<net id="130"><net_src comp="94" pin="2"/><net_sink comp="126" pin=0"/></net>

<net id="131"><net_src comp="18" pin="0"/><net_sink comp="126" pin=1"/></net>

<net id="135"><net_src comp="18" pin="0"/><net_sink comp="132" pin=0"/></net>

<net id="139"><net_src comp="132" pin="1"/><net_sink comp="136" pin=0"/></net>

<net id="140"><net_src comp="136" pin="1"/><net_sink comp="108" pin=5"/></net>

<net id="144"><net_src comp="132" pin="1"/><net_sink comp="141" pin=0"/></net>

<net id="148"><net_src comp="82" pin="2"/><net_sink comp="145" pin=0"/></net>

<net id="153"><net_src comp="141" pin="1"/><net_sink comp="149" pin=0"/></net>

<net id="154"><net_src comp="145" pin="1"/><net_sink comp="149" pin=1"/></net>

<net id="158"><net_src comp="88" pin="2"/><net_sink comp="155" pin=0"/></net>

<net id="163"><net_src comp="149" pin="2"/><net_sink comp="159" pin=0"/></net>

<net id="164"><net_src comp="155" pin="1"/><net_sink comp="159" pin=1"/></net>

<net id="169"><net_src comp="159" pin="2"/><net_sink comp="165" pin=0"/></net>

<net id="170"><net_src comp="70" pin="0"/><net_sink comp="165" pin=1"/></net>

<net id="171"><net_src comp="165" pin="2"/><net_sink comp="100" pin=2"/></net>

<net id="172"><net_src comp="165" pin="2"/><net_sink comp="108" pin=8"/></net>

<net id="177"><net_src comp="132" pin="1"/><net_sink comp="173" pin=0"/></net>

<net id="178"><net_src comp="82" pin="2"/><net_sink comp="173" pin=1"/></net>

<net id="184"><net_src comp="165" pin="2"/><net_sink comp="179" pin=0"/></net>

<net id="185"><net_src comp="94" pin="2"/><net_sink comp="179" pin=1"/></net>

<net id="186"><net_src comp="173" pin="2"/><net_sink comp="179" pin=2"/></net>

<net id="191"><net_src comp="18" pin="0"/><net_sink comp="187" pin=1"/></net>

<net id="195"><net_src comp="76" pin="2"/><net_sink comp="192" pin=0"/></net>

<net id="199"><net_src comp="136" pin="1"/><net_sink comp="196" pin=0"/></net>

<net id="200"><net_src comp="196" pin="1"/><net_sink comp="108" pin=5"/></net>

<net id="204"><net_src comp="165" pin="2"/><net_sink comp="201" pin=0"/></net>

<net id="205"><net_src comp="201" pin="1"/><net_sink comp="108" pin=8"/></net>

<net id="209"><net_src comp="179" pin="3"/><net_sink comp="206" pin=0"/></net>

<net id="210"><net_src comp="206" pin="1"/><net_sink comp="187" pin=0"/></net>

</net_list>

</model> 
---------------- Datapath Model END ------------------

* FSMD analyzer results:
  - Output states:
	Port: dac_stream_V_data_V | {2 }
	Port: dac_stream_V_keep_V | {2 }
	Port: dac_stream_V_strb_V | {2 }
	Port: dac_stream_V_last_V | {2 }
	Port: sync_trigger | {1 }
	Port: current_val | {1 2 }
 - Input state : 
	Port: fmcw_ramp_gen : min_val | {1 }
	Port: fmcw_ramp_gen : max_val | {1 }
	Port: fmcw_ramp_gen : step_size | {1 }
	Port: fmcw_ramp_gen : enable | {1 }
	Port: fmcw_ramp_gen : current_val | {1 }
  - Chain level:
	State 1
		zext_ln38 : 1
		zext_ln43 : 1
		add_ln43 : 2
		icmp_ln43 : 3
		xor_ln43 : 4
		add_ln49 : 1
		select_ln43 : 4
		write_ln53 : 4
		write_ln54 : 4
	State 2


============================================================
+ Verbose Summary: Datapath Resource usage 
============================================================

* Functional unit list:
|----------|---------------------------|---------|---------|
| Operation|      Functional Unit      |    FF   |   LUT   |
|----------|---------------------------|---------|---------|
|    add   |      add_ln43_fu_149      |    0    |    17   |
|          |      add_ln49_fu_173      |    0    |    17   |
|----------|---------------------------|---------|---------|
|   icmp   |      icmp_ln43_fu_159     |    0    |    20   |
|----------|---------------------------|---------|---------|
|  select  |     select_ln43_fu_179    |    0    |    14   |
|----------|---------------------------|---------|---------|
|    xor   |      xor_ln43_fu_165      |    0    |    2    |
|----------|---------------------------|---------|---------|
|          |   enable_read_read_fu_76  |    0    |    0    |
|   read   | step_size_read_read_fu_82 |    0    |    0    |
|          |  max_val_read_read_fu_88  |    0    |    0    |
|          |  min_val_read_read_fu_94  |    0    |    0    |
|----------|---------------------------|---------|---------|
|   write  |      grp_write_fu_100     |    0    |    0    |
|          |      grp_write_fu_108     |    0    |    0    |
|----------|---------------------------|---------|---------|
|          |      zext_ln38_fu_136     |    0    |    0    |
|   zext   |      zext_ln43_fu_141     |    0    |    0    |
|          |     zext_ln43_1_fu_145    |    0    |    0    |
|          |     zext_ln43_2_fu_155    |    0    |    0    |
|----------|---------------------------|---------|---------|
|   Total  |                           |    0    |    70   |
|----------|---------------------------|---------|---------|

Memories:
N/A

* Register list:
+-------------------+--------+
|                   |   FF   |
+-------------------+--------+
|enable_read_reg_192|    1   |
|select_ln43_reg_206|   14   |
|  xor_ln43_reg_201 |    1   |
| zext_ln38_reg_196 |   32   |
+-------------------+--------+
|       Total       |   48   |
+-------------------+--------+

* Multiplexer (MUX) list: 
|------------------|------|------|------|--------||---------||---------||---------|
|       Comp       |  Pin | Size |  BW  | S x BW ||  Delay  ||    FF   ||   LUT   |
|------------------|------|------|------|--------||---------||---------||---------|
| grp_write_fu_100 |  p2  |   2  |   1  |    2   ||    0    ||    9    |
| grp_write_fu_108 |  p5  |   2  |  14  |   28   ||    0    ||    9    |
| grp_write_fu_108 |  p8  |   2  |   1  |    2   ||    0    ||    9    |
|------------------|------|------|------|--------||---------||---------||---------|
|       Total      |      |      |      |   32   ||  4.764  ||    0    ||    27   |
|------------------|------|------|------|--------||---------||---------||---------|



* Summary:
+-----------+--------+--------+--------+
|           |  Delay |   FF   |   LUT  |
+-----------+--------+--------+--------+
|  Function |    -   |    0   |   70   |
|   Memory  |    -   |    -   |    -   |
|Multiplexer|    4   |    0   |   27   |
|  Register |    -   |   48   |    -   |
+-----------+--------+--------+--------+
|   Total   |    4   |   48   |   97   |
+-----------+--------+--------+--------+
