

================================================================
== Vitis HLS Report for 'fmcw_ramp_gen'
================================================================
* Date:           Fri Aug 28 13:30:58 2026

* Version:        2025.2 (Build 6295257 on Nov 14 2025)
* Project:        RADAR_ramp
* Solution:       hls (Vivado IP Flow Target)
* Product family: zynq
* Target device:  xc7z020-clg484-1


================================================================
== Performance Estimates
================================================================
+ Timing: 
    * Summary: 
    +--------+----------+----------+------------+
    |  Clock |  Target  | Estimated| Uncertainty|
    +--------+----------+----------+------------+
    |ap_clk  |  10.00 ns|  7.024 ns|     2.70 ns|
    +--------+----------+----------+------------+

+ Latency: 
    * Summary: 
    +---------+---------+-----------+-----------+-----+-----+---------+
    |  Latency (cycles) |   Latency (absolute)  |  Interval | Pipeline|
    |   min   |   max   |    min    |    max    | min | max |   Type  |
    +---------+---------+-----------+-----------+-----+-----+---------+
    |        1|        1|  10.000 ns|  10.000 ns|    2|    2|       no|
    +---------+---------+-----------+-----------+-----+-----+---------+

    + Detail: 
        * Instance: 
        N/A

        * Loop: 
        N/A

============================================================
+ Verbose Summary: Synthesis Manager
============================================================
InlineROM: 1
ExposeGlobal: 0
============================================================
+ Verbose Summary: CDFG Model
============================================================
IsTopModel: 1
ResetActiveHigh: 1
IsCombinational: 0
IsDatapathOnly: 0
HasWiredReturn: 1
HasMFsm: 0
HasVarLatency: 1
IsPipeline: 0
IsRtlPipelined: 0
IsInstanceOverlapped: 0
IsDontTouch: 0
HasImplIP: 0
IsGatedGlobalClock: 0


============================================================
+ Verbose Summary: Schedule
============================================================
* Number of FSM states : 2
* Pipeline : 0
* Dataflow Pipeline: 0

* FSM state transitions: 
1 --> 2 
2 --> 

* FSM state operations: 

State 1 <SV = 0> <Delay = 7.02>
ST_1 : Operation 3 [1/1] (0.00ns)   --->   "%spectopmodule_ln3 = spectopmodule void @_ssdm_op_SpecTopModule, void @empty_11" [fmcw_ramp_gen.cpp:3]   --->   Operation 3 'spectopmodule' 'spectopmodule_ln3' <Predicate = true> <Delay = 0.00>
ST_1 : Operation 4 [1/1] (0.00ns)   --->   "%specinterface_ln0 = specinterface void @_ssdm_op_SpecInterface, i32 %dac_stream_V_data_V, i4 %dac_stream_V_keep_V, i4 %dac_stream_V_strb_V, i1 %dac_stream_V_last_V, void @empty, i32 1, i32 1, void @empty_0, i32 0, i32 0, void @empty_1, void @empty_1, void @empty_1, i32 0, i32 0, i32 0, i32 0, void @empty_1, void @empty_1, i32 4294967295, i32 0, i32 0, i32 0"   --->   Operation 4 'specinterface' 'specinterface_ln0' <Predicate = true> <Delay = 0.00>
ST_1 : Operation 5 [1/1] (0.00ns)   --->   "%specbitsmap_ln0 = specbitsmap void @_ssdm_op_SpecBitsMap, i32 %dac_stream_V_data_V"   --->   Operation 5 'specbitsmap' 'specbitsmap_ln0' <Predicate = true> <Delay = 0.00>
ST_1 : Operation 6 [1/1] (0.00ns)   --->   "%specbitsmap_ln0 = specbitsmap void @_ssdm_op_SpecBitsMap, i4 %dac_stream_V_keep_V"   --->   Operation 6 'specbitsmap' 'specbitsmap_ln0' <Predicate = true> <Delay = 0.00>
ST_1 : Operation 7 [1/1] (0.00ns)   --->   "%specbitsmap_ln0 = specbitsmap void @_ssdm_op_SpecBitsMap, i4 %dac_stream_V_strb_V"   --->   Operation 7 'specbitsmap' 'specbitsmap_ln0' <Predicate = true> <Delay = 0.00>
ST_1 : Operation 8 [1/1] (0.00ns)   --->   "%specbitsmap_ln0 = specbitsmap void @_ssdm_op_SpecBitsMap, i1 %dac_stream_V_last_V"   --->   Operation 8 'specbitsmap' 'specbitsmap_ln0' <Predicate = true> <Delay = 0.00>
ST_1 : Operation 9 [1/1] (0.00ns)   --->   "%specbitsmap_ln0 = specbitsmap void @_ssdm_op_SpecBitsMap, i1 %sync_trigger"   --->   Operation 9 'specbitsmap' 'specbitsmap_ln0' <Predicate = true> <Delay = 0.00>
ST_1 : Operation 10 [1/1] (0.00ns)   --->   "%specinterface_ln0 = specinterface void @_ssdm_op_SpecInterface, i1 %sync_trigger, void @empty_2, i32 4294967295, i32 4294967295, void @empty_1, i32 0, i32 0, void @empty_1, void @empty_1, void @empty_1, i32 0, i32 0, i32 0, i32 0, void @empty_1, void @empty_1, i32 4294967295, i32 0, i32 0, i32 0"   --->   Operation 10 'specinterface' 'specinterface_ln0' <Predicate = true> <Delay = 0.00>
ST_1 : Operation 11 [1/1] (0.00ns)   --->   "%specbitsmap_ln0 = specbitsmap void @_ssdm_op_SpecBitsMap, i14 %min_val"   --->   Operation 11 'specbitsmap' 'specbitsmap_ln0' <Predicate = true> <Delay = 0.00>
ST_1 : Operation 12 [1/1] (0.00ns)   --->   "%specinterface_ln0 = specinterface void @_ssdm_op_SpecInterface, i14 %min_val, void @empty_3, i32 4294967295, i32 4294967295, void @empty_1, i32 0, i32 0, void @empty_4, void @empty_5, void @empty_1, i32 0, i32 0, i32 0, i32 0, void @empty_1, void @empty_1, i32 4294967295, i32 0, i32 0, i32 0"   --->   Operation 12 'specinterface' 'specinterface_ln0' <Predicate = true> <Delay = 0.00>
ST_1 : Operation 13 [1/1] (0.00ns)   --->   "%specinterface_ln0 = specinterface void @_ssdm_op_SpecInterface, i14 %min_val, void @empty_6, i32 0, i32 0, void @empty_1, i32 0, i32 0, void @empty_1, void @empty_1, void @empty_1, i32 0, i32 0, i32 0, i32 0, void @empty_1, void @empty_1, i32 4294967295, i32 0, i32 0, i32 0"   --->   Operation 13 'specinterface' 'specinterface_ln0' <Predicate = true> <Delay = 0.00>
ST_1 : Operation 14 [1/1] (0.00ns)   --->   "%specbitsmap_ln0 = specbitsmap void @_ssdm_op_SpecBitsMap, i14 %max_val"   --->   Operation 14 'specbitsmap' 'specbitsmap_ln0' <Predicate = true> <Delay = 0.00>
ST_1 : Operation 15 [1/1] (0.00ns)   --->   "%specinterface_ln0 = specinterface void @_ssdm_op_SpecInterface, i14 %max_val, void @empty_3, i32 4294967295, i32 4294967295, void @empty_1, i32 0, i32 0, void @empty_4, void @empty_7, void @empty_1, i32 0, i32 0, i32 0, i32 0, void @empty_1, void @empty_1, i32 4294967295, i32 0, i32 0, i32 0"   --->   Operation 15 'specinterface' 'specinterface_ln0' <Predicate = true> <Delay = 0.00>
ST_1 : Operation 16 [1/1] (0.00ns)   --->   "%specinterface_ln0 = specinterface void @_ssdm_op_SpecInterface, i14 %max_val, void @empty_6, i32 0, i32 0, void @empty_1, i32 0, i32 0, void @empty_1, void @empty_1, void @empty_1, i32 0, i32 0, i32 0, i32 0, void @empty_1, void @empty_1, i32 4294967295, i32 0, i32 0, i32 0"   --->   Operation 16 'specinterface' 'specinterface_ln0' <Predicate = true> <Delay = 0.00>
ST_1 : Operation 17 [1/1] (0.00ns)   --->   "%specbitsmap_ln0 = specbitsmap void @_ssdm_op_SpecBitsMap, i14 %step_size"   --->   Operation 17 'specbitsmap' 'specbitsmap_ln0' <Predicate = true> <Delay = 0.00>
ST_1 : Operation 18 [1/1] (0.00ns)   --->   "%specinterface_ln0 = specinterface void @_ssdm_op_SpecInterface, i14 %step_size, void @empty_3, i32 4294967295, i32 4294967295, void @empty_1, i32 0, i32 0, void @empty_4, void @empty_8, void @empty_1, i32 0, i32 0, i32 0, i32 0, void @empty_1, void @empty_1, i32 4294967295, i32 0, i32 0, i32 0"   --->   Operation 18 'specinterface' 'specinterface_ln0' <Predicate = true> <Delay = 0.00>
ST_1 : Operation 19 [1/1] (0.00ns)   --->   "%specinterface_ln0 = specinterface void @_ssdm_op_SpecInterface, i14 %step_size, void @empty_6, i32 0, i32 0, void @empty_1, i32 0, i32 0, void @empty_1, void @empty_1, void @empty_1, i32 0, i32 0, i32 0, i32 0, void @empty_1, void @empty_1, i32 4294967295, i32 0, i32 0, i32 0"   --->   Operation 19 'specinterface' 'specinterface_ln0' <Predicate = true> <Delay = 0.00>
ST_1 : Operation 20 [1/1] (0.00ns)   --->   "%specbitsmap_ln0 = specbitsmap void @_ssdm_op_SpecBitsMap, i1 %enable"   --->   Operation 20 'specbitsmap' 'specbitsmap_ln0' <Predicate = true> <Delay = 0.00>
ST_1 : Operation 21 [1/1] (0.00ns)   --->   "%specinterface_ln0 = specinterface void @_ssdm_op_SpecInterface, i1 %enable, void @empty_3, i32 4294967295, i32 4294967295, void @empty_1, i32 0, i32 0, void @empty_4, void @empty_9, void @empty_1, i32 0, i32 0, i32 0, i32 0, void @empty_1, void @empty_1, i32 4294967295, i32 0, i32 0, i32 0"   --->   Operation 21 'specinterface' 'specinterface_ln0' <Predicate = true> <Delay = 0.00>
ST_1 : Operation 22 [1/1] (0.00ns)   --->   "%specinterface_ln0 = specinterface void @_ssdm_op_SpecInterface, i1 %enable, void @empty_6, i32 0, i32 0, void @empty_1, i32 0, i32 0, void @empty_1, void @empty_1, void @empty_1, i32 0, i32 0, i32 0, i32 0, void @empty_1, void @empty_1, i32 4294967295, i32 0, i32 0, i32 0"   --->   Operation 22 'specinterface' 'specinterface_ln0' <Predicate = true> <Delay = 0.00>
ST_1 : Operation 23 [1/1] (0.00ns)   --->   "%specinterface_ln0 = specinterface void @_ssdm_op_SpecInterface, i32 0, void @empty_3, i32 0, i32 0, void @empty_1, i32 0, i32 0, void @empty_4, void @empty_1, void @empty_1, i32 0, i32 0, i32 0, i32 0, void @empty_1, void @empty_1, i32 0, i32 0, i32 0, i32 0"   --->   Operation 23 'specinterface' 'specinterface_ln0' <Predicate = true> <Delay = 0.00>
ST_1 : Operation 24 [1/1] (1.00ns)   --->   "%enable_read = read i1 @_ssdm_op_Read.s_axilite.i1, i1 %enable"   --->   Operation 24 'read' 'enable_read' <Predicate = true> <Delay = 1.00> <CoreInst = "s_axilite">   --->   Core 112 's_axilite' <Latency = 0> <II = 1> <Delay = 1.00> <Adapter> <Opcode : 'read' 'write'>
ST_1 : Operation 25 [1/1] (1.00ns)   --->   "%step_size_read = read i14 @_ssdm_op_Read.s_axilite.i14, i14 %step_size"   --->   Operation 25 'read' 'step_size_read' <Predicate = true> <Delay = 1.00> <CoreInst = "s_axilite">   --->   Core 112 's_axilite' <Latency = 0> <II = 1> <Delay = 1.00> <Adapter> <Opcode : 'read' 'write'>
ST_1 : Operation 26 [1/1] (1.00ns)   --->   "%max_val_read = read i14 @_ssdm_op_Read.s_axilite.i14, i14 %max_val"   --->   Operation 26 'read' 'max_val_read' <Predicate = true> <Delay = 1.00> <CoreInst = "s_axilite">   --->   Core 112 's_axilite' <Latency = 0> <II = 1> <Delay = 1.00> <Adapter> <Opcode : 'read' 'write'>
ST_1 : Operation 27 [1/1] (1.00ns)   --->   "%min_val_read = read i14 @_ssdm_op_Read.s_axilite.i14, i14 %min_val"   --->   Operation 27 'read' 'min_val_read' <Predicate = true> <Delay = 1.00> <CoreInst = "s_axilite">   --->   Core 112 's_axilite' <Latency = 0> <II = 1> <Delay = 1.00> <Adapter> <Opcode : 'read' 'write'>
ST_1 : Operation 28 [1/1] (0.00ns)   --->   "%specaxissidechannel_ln30 = specaxissidechannel void @_ssdm_op_SpecAXISSideChannel, i32 %dac_stream_V_data_V, i4 %dac_stream_V_keep_V, i4 %dac_stream_V_strb_V, i1 0, i1 %dac_stream_V_last_V, i1 0, i1 0, void @empty_10" [fmcw_ramp_gen.cpp:30]   --->   Operation 28 'specaxissidechannel' 'specaxissidechannel_ln30' <Predicate = true> <Delay = 0.00>
ST_1 : Operation 29 [1/1] (0.00ns)   --->   "%br_ln30 = br i1 %enable_read, void %if.then, void %if.end" [fmcw_ramp_gen.cpp:30]   --->   Operation 29 'br' 'br_ln30' <Predicate = true> <Delay = 0.00>
ST_1 : Operation 30 [1/1] (1.58ns)   --->   "%store_ln31 = store i14 %min_val_read, i14 %current_val" [fmcw_ramp_gen.cpp:31]   --->   Operation 30 'store' 'store_ln31' <Predicate = (!enable_read)> <Delay = 1.58>
ST_1 : Operation 31 [1/1] (0.00ns)   --->   "%write_ln33 = write void @_ssdm_op_Write.ap_none.i1P0A, i1 %sync_trigger, i1 0" [fmcw_ramp_gen.cpp:33]   --->   Operation 31 'write' 'write_ln33' <Predicate = (!enable_read)> <Delay = 0.00>
ST_1 : Operation 32 [1/1] (0.00ns)   --->   "%br_ln34 = br void %cleanup" [fmcw_ramp_gen.cpp:34]   --->   Operation 32 'br' 'br_ln34' <Predicate = (!enable_read)> <Delay = 0.00>
ST_1 : Operation 33 [1/1] (0.00ns)   --->   "%out_word_data = load i14 %current_val" [fmcw_ramp_gen.cpp:38]   --->   Operation 33 'load' 'out_word_data' <Predicate = (enable_read)> <Delay = 0.00>
ST_1 : Operation 34 [1/1] (0.00ns)   --->   "%zext_ln38 = zext i14 %out_word_data" [fmcw_ramp_gen.cpp:38]   --->   Operation 34 'zext' 'zext_ln38' <Predicate = (enable_read)> <Delay = 0.00>
ST_1 : Operation 35 [1/1] (0.00ns)   --->   "%zext_ln43 = zext i14 %out_word_data" [fmcw_ramp_gen.cpp:43]   --->   Operation 35 'zext' 'zext_ln43' <Predicate = (enable_read)> <Delay = 0.00>
ST_1 : Operation 36 [1/1] (0.00ns)   --->   "%zext_ln43_1 = zext i14 %step_size_read" [fmcw_ramp_gen.cpp:43]   --->   Operation 36 'zext' 'zext_ln43_1' <Predicate = (enable_read)> <Delay = 0.00>
ST_1 : Operation 37 [1/1] (1.81ns)   --->   "%add_ln43 = add i15 %zext_ln43, i15 %zext_ln43_1" [fmcw_ramp_gen.cpp:43]   --->   Operation 37 'add' 'add_ln43' <Predicate = (enable_read)> <Delay = 1.81> <CoreInst = "Adder">   --->   Core 1 'Adder' <Latency = 0> <II = 1> <Delay = 1.81> <FuncUnit> <Opcode : 'add' 'sub'> <InPorts = 2> <OutPorts = 1>
ST_1 : Operation 38 [1/1] (0.00ns)   --->   "%zext_ln43_2 = zext i14 %max_val_read" [fmcw_ramp_gen.cpp:43]   --->   Operation 38 'zext' 'zext_ln43_2' <Predicate = (enable_read)> <Delay = 0.00>
ST_1 : Operation 39 [1/1] (1.94ns)   --->   "%icmp_ln43 = icmp_ult  i15 %add_ln43, i15 %zext_ln43_2" [fmcw_ramp_gen.cpp:43]   --->   Operation 39 'icmp' 'icmp_ln43' <Predicate = (enable_read)> <Delay = 1.94> <CoreInst = "Cmp">   --->   Core 9 'Cmp' <Latency = 0> <II = 1> <Delay = 1.94> <FuncUnit> <Opcode : 'seteq' 'setne' 'setle' 'setge' 'setlt' 'setgt'> <InPorts = 2> <OutPorts = 1>
ST_1 : Operation 40 [1/1] (0.97ns)   --->   "%xor_ln43 = xor i1 %icmp_ln43, i1 1" [fmcw_ramp_gen.cpp:43]   --->   Operation 40 'xor' 'xor_ln43' <Predicate = (enable_read)> <Delay = 0.97> <CoreInst = "LogicGate">   --->   Core 74 'LogicGate' <Latency = 0> <II = 1> <Delay = 0.97> <FuncUnit> <Opcode : 'and' 'or' 'xor'> <InPorts = 2> <OutPorts = 1>
ST_1 : Operation 41 [1/1] (1.81ns)   --->   "%add_ln49 = add i14 %out_word_data, i14 %step_size_read" [fmcw_ramp_gen.cpp:49]   --->   Operation 41 'add' 'add_ln49' <Predicate = (enable_read)> <Delay = 1.81> <CoreInst = "Adder">   --->   Core 1 'Adder' <Latency = 0> <II = 1> <Delay = 1.81> <FuncUnit> <Opcode : 'add' 'sub'> <InPorts = 2> <OutPorts = 1>
ST_1 : Operation 42 [1/1] (0.70ns)   --->   "%select_ln43 = select i1 %xor_ln43, i14 %min_val_read, i14 %add_ln49" [fmcw_ramp_gen.cpp:43]   --->   Operation 42 'select' 'select_ln43' <Predicate = (enable_read)> <Delay = 0.70> <CoreInst = "Sel">   --->   Core 73 'Sel' <Latency = 0> <II = 1> <Delay = 0.70> <FuncUnit> <Opcode : 'select'> <InPorts = 3> <OutPorts = 1>
ST_1 : Operation 43 [1/1] (0.00ns)   --->   "%write_ln53 = write void @_ssdm_op_Write.ap_none.i1P0A, i1 %sync_trigger, i1 %xor_ln43" [fmcw_ramp_gen.cpp:53]   --->   Operation 43 'write' 'write_ln53' <Predicate = (enable_read)> <Delay = 0.00>
ST_1 : Operation 44 [2/2] (1.29ns)   --->   "%write_ln54 = write void @_ssdm_op_Write.axis.volatile.i32P0A.i4P0A.i4P0A.i1P0A, i32 %dac_stream_V_data_V, i4 %dac_stream_V_keep_V, i4 %dac_stream_V_strb_V, i1 %dac_stream_V_last_V, i32 %zext_ln38, i4 15, i4 15, i1 %xor_ln43" [fmcw_ramp_gen.cpp:54]   --->   Operation 44 'write' 'write_ln54' <Predicate = (enable_read)> <Delay = 1.29> <CoreInst = "regslice">   --->   Core 135 'regslice' <Latency = 0> <II = 1> <Delay = 1.86> <Adapter> <Opcode : 'read' 'write'>

State 2 <SV = 1> <Delay = 1.58>
ST_2 : Operation 45 [1/1] (1.58ns)   --->   "%store_ln43 = store i14 %select_ln43, i14 %current_val" [fmcw_ramp_gen.cpp:43]   --->   Operation 45 'store' 'store_ln43' <Predicate = (enable_read)> <Delay = 1.58>
ST_2 : Operation 46 [1/2] ( I:1.29ns O:1.29ns )   --->   "%write_ln54 = write void @_ssdm_op_Write.axis.volatile.i32P0A.i4P0A.i4P0A.i1P0A, i32 %dac_stream_V_data_V, i4 %dac_stream_V_keep_V, i4 %dac_stream_V_strb_V, i1 %dac_stream_V_last_V, i32 %zext_ln38, i4 15, i4 15, i1 %xor_ln43" [fmcw_ramp_gen.cpp:54]   --->   Operation 46 'write' 'write_ln54' <Predicate = (enable_read)> <Delay = 1.29> <CoreInst = "regslice">   --->   Core 135 'regslice' <Latency = 0> <II = 1> <Delay = 1.86> <Adapter> <Opcode : 'read' 'write'>
ST_2 : Operation 47 [1/1] (0.00ns)   --->   "%br_ln55 = br void %cleanup" [fmcw_ramp_gen.cpp:55]   --->   Operation 47 'br' 'br_ln55' <Predicate = (enable_read)> <Delay = 0.00>
ST_2 : Operation 48 [1/1] (0.00ns)   --->   "%ret_ln55 = ret" [fmcw_ramp_gen.cpp:55]   --->   Operation 48 'ret' 'ret_ln55' <Predicate = true> <Delay = 0.00>


============================================================
+ Verbose Summary: Timing violations
============================================================
Target clock period: 10.000ns, clock uncertainty: 2.700ns.

 <State 1>: 7.024ns
The critical path consists of the following:
	s_axi read operation ('step_size_read') on port 'step_size' [33]  (1.000 ns)
	'add' operation 15 bit ('add_ln43', fmcw_ramp_gen.cpp:43) [47]  (1.812 ns)
	'icmp' operation 1 bit ('icmp_ln43', fmcw_ramp_gen.cpp:43) [49]  (1.944 ns)
	'xor' operation 1 bit ('xor_ln43', fmcw_ramp_gen.cpp:43) [50]  (0.978 ns)
	axis write operation ('write_ln54', fmcw_ramp_gen.cpp:54) on port 'dac_stream_V_data_V' (fmcw_ramp_gen.cpp:54) [55]  (0.000 ns)
	blocking operation 1.29 ns on control path)

 <State 2>: 1.588ns
The critical path consists of the following:
	'store' operation ('store_ln43', fmcw_ramp_gen.cpp:43) of variable 'select_ln43', fmcw_ramp_gen.cpp:43 14 bit on static variable 'current_val' [53]  (1.588 ns)


============================================================
+ Verbose Summary: Binding
============================================================
N/A
* FSMD analyzer results:
  - Output states:
 - Input state : 
  - Chain level:
	State 1
	State 2


============================================================
+ Verbose Summary: Datapath Resource usage 
============================================================
N/A
