================================================================
== Vivado Place & Route Results
================================================================
+ General Information:
    * Date:            Fri Aug 28 13:39:55 +0530 2026
    * Version:         2025.2 (Build 6295257 on Nov 14 2025)
    * Project:         RADAR_ramp
    * Solution:        hls (Vivado IP Flow Target)
    * Product family:  zynq
    * Target device:   xc7z020-clg484-1


================================================================
== Run Constraints & Options
================================================================
+ Design Constraints & Options:
    * Place & Route target clock:  10 ns
    * C-Synthesis uncertainty:     27%

+ RTL Synthesis Options:
    * config_export -vivado_synth_strategy:     default
    * config_export -vivado_synth_design_args:  -directive sdx_optimization_effort_high

+ Place & Route Options:
    * config_export -vivado_impl_strategy:  default
    * config_export -vivado_phys_opt:       auto

+ Reporting Options:
    * config_export -vivado_report_level:      2
    * config_export -vivado_max_timing_paths:  10


================================================================
== Place & Route Resource Summary
================================================================
LUT:              146
FF:               153
DSP:              0
BRAM:             0
URAM:             0
SRL:              0


================================================================
== Place & Route Timing Summary
================================================================
* Timing was met
+----------------+-------------+
| Timing         | Period (ns) |
+----------------+-------------+
| Target         | 10.000      |
| Post-Synthesis | 5.281       |
| Post-Route     | 5.716       |
+----------------+-------------+


================================================================
== Place & Route Resources
================================================================
+---------------------------------------+-----+----+-----+------+------+-----+--------+------+---------+----------+--------+
| Name                                  | LUT | FF | DSP | BRAM | URAM | SRL | Pragma | Impl | Latency | Variable | Source |
+---------------------------------------+-----+----+-----+------+------+-----+--------+------+---------+----------+--------+
| inst                                  |     |    |     |      |      |     |        |      |         |          |        |
|   regslice_both_dac_stream_V_data_V_U |     |    |     |      |      |     |        |      |         |          |        |
|   regslice_both_dac_stream_V_keep_V_U |     |    |     |      |      |     |        |      |         |          |        |
|   regslice_both_dac_stream_V_last_V_U |     |    |     |      |      |     |        |      |         |          |        |
|   s_axi_control_s_axi_U               |     |    |     |      |      |     |        |      |         |          |        |
+---------------------------------------+-----+----+-----+------+------+-----+--------+------+---------+----------+--------+


================================================================
== Place & Route Fail Fast
================================================================
+-----------------------------------------------------------+-----------+--------+--------+
| Criteria                                                  | Guideline | Actual | Status |
+-----------------------------------------------------------+-----------+--------+--------+
| LUT                                                       | 70%       | 0.27%  | OK     |
| FD                                                        | 50%       | 0.14%  | OK     |
| LUTRAM+SRL                                                | 25%       | 0.00%  | OK     |
| MUXF7                                                     | 15%       | 0.01%  | OK     |
| DSP                                                       | 80%       | 0.00%  | OK     |
| RAMB/FIFO                                                 | 80%       | 0.00%  | OK     |
| DSP+RAMB+URAM (Avg)                                       | 70%       | 0.00%  | OK     |
| BUFGCE* + BUFGCTRL                                        | 24        | 0      | OK     |
| DONT_TOUCH (cells/nets)                                   | 0         | 0      | OK     |
| MARK_DEBUG (nets)                                         | 0         | 0      | OK     |
| Control Sets                                              | 998       | 11     | OK     |
| Average Fanout for modules > 100k cells                   | 4         | 2.62   | OK     |
| Max Average Fanout for modules > 100k cells               | 4         | 0      | OK     |
| Non-FD high fanout nets > 10k loads                       | 0         | 0      | OK     |
+-----------------------------------------------------------+-----------+--------+--------+
| TIMING-6 (No common primary clock between related clocks) | 0         | 0      | OK     |
| TIMING-7 (No common node between related clocks)          | 0         | 0      | OK     |
| TIMING-8 (No common period between related clocks)        | 0         | 0      | OK     |
| TIMING-14 (LUT on the clock tree)                         | 0         | 0      | OK     |
| TIMING-35 (No common node in paths with the same clock)   | 0         | 0      | OK     |
+-----------------------------------------------------------+-----------+--------+--------+
| Number of paths above max LUT budgeting (0.575ns)         | 0         | 0      | OK     |
| Number of paths above max Net budgeting (0.403ns)         | 0         | 0      | OK     |
+-----------------------------------------------------------+-----------+--------+--------+


================================================================
== Place & Route Timing Paths
================================================================
* Timing was met
+-------+-------+----------------------------------------------+-------------------------------+--------------+------------+----------------+----------------+--------------+
| Path  | SLACK | STARTPOINT PIN                               | ENDPOINT PIN                  | LOGIC LEVELS | MAX FANOUT | DATAPATH DELAY | DATAPATH LOGIC | DATAPATH NET |
|       |       |                                              |                               |              |            |                |          DELAY |        DELAY |
+-------+-------+----------------------------------------------+-------------------------------+--------------+------------+----------------+----------------+--------------+
| Path1 | 4.284 | s_axi_control_s_axi_U/int_step_size_reg[1]/C | select_ln43_reg_206_reg[13]/D |           11 |         30 |          5.741 |          3.233 |        2.508 |
| Path2 | 4.388 | s_axi_control_s_axi_U/int_step_size_reg[1]/C | select_ln43_reg_206_reg[12]/D |           11 |         30 |          5.637 |          3.129 |        2.508 |
| Path3 | 4.401 | s_axi_control_s_axi_U/int_step_size_reg[1]/C | select_ln43_reg_206_reg[9]/D  |           10 |         30 |          5.624 |          3.116 |        2.508 |
| Path4 | 4.409 | s_axi_control_s_axi_U/int_step_size_reg[1]/C | select_ln43_reg_206_reg[11]/D |           10 |         30 |          5.616 |          3.108 |        2.508 |
| Path5 | 4.485 | s_axi_control_s_axi_U/int_step_size_reg[1]/C | select_ln43_reg_206_reg[10]/D |           10 |         30 |          5.540 |          3.032 |        2.508 |
+-------+-------+----------------------------------------------+-------------------------------+--------------+------------+----------------+----------------+--------------+

    +-------------------------------------------------------+----------------------+
    | Path1 Cells                                           | Primitive Type       |
    +-------------------------------------------------------+----------------------+
    | s_axi_control_s_axi_U/int_step_size_reg[1]            | FLOP_LATCH.flop.FDRE |
    | s_axi_control_s_axi_U/sync_trigger[0]_INST_0_i_27     | LUT.others.LUT3      |
    | s_axi_control_s_axi_U/sync_trigger[0]_INST_0_i_30     | LUT.others.LUT4      |
    | s_axi_control_s_axi_U/sync_trigger[0]_INST_0_i_17     | CARRY.others.CARRY4  |
    | s_axi_control_s_axi_U/sync_trigger[0]_INST_0_i_8      | CARRY.others.CARRY4  |
    | s_axi_control_s_axi_U/sync_trigger[0]_INST_0_i_2      | CARRY.others.CARRY4  |
    | s_axi_control_s_axi_U/sync_trigger[0]_INST_0_i_1      | CARRY.others.CARRY4  |
    | s_axi_control_s_axi_U/select_ln43_reg_206[3]_i_6      | LUT.others.LUT4      |
    | s_axi_control_s_axi_U/select_ln43_reg_206_reg[3]_i_1  | CARRY.others.CARRY4  |
    | s_axi_control_s_axi_U/select_ln43_reg_206_reg[7]_i_1  | CARRY.others.CARRY4  |
    | s_axi_control_s_axi_U/select_ln43_reg_206_reg[11]_i_1 | CARRY.others.CARRY4  |
    | s_axi_control_s_axi_U/select_ln43_reg_206_reg[13]_i_1 | CARRY.others.CARRY4  |
    | select_ln43_reg_206_reg[13]                           | FLOP_LATCH.flop.FDRE |
    +-------------------------------------------------------+----------------------+

    +-------------------------------------------------------+----------------------+
    | Path2 Cells                                           | Primitive Type       |
    +-------------------------------------------------------+----------------------+
    | s_axi_control_s_axi_U/int_step_size_reg[1]            | FLOP_LATCH.flop.FDRE |
    | s_axi_control_s_axi_U/sync_trigger[0]_INST_0_i_27     | LUT.others.LUT3      |
    | s_axi_control_s_axi_U/sync_trigger[0]_INST_0_i_30     | LUT.others.LUT4      |
    | s_axi_control_s_axi_U/sync_trigger[0]_INST_0_i_17     | CARRY.others.CARRY4  |
    | s_axi_control_s_axi_U/sync_trigger[0]_INST_0_i_8      | CARRY.others.CARRY4  |
    | s_axi_control_s_axi_U/sync_trigger[0]_INST_0_i_2      | CARRY.others.CARRY4  |
    | s_axi_control_s_axi_U/sync_trigger[0]_INST_0_i_1      | CARRY.others.CARRY4  |
    | s_axi_control_s_axi_U/select_ln43_reg_206[3]_i_6      | LUT.others.LUT4      |
    | s_axi_control_s_axi_U/select_ln43_reg_206_reg[3]_i_1  | CARRY.others.CARRY4  |
    | s_axi_control_s_axi_U/select_ln43_reg_206_reg[7]_i_1  | CARRY.others.CARRY4  |
    | s_axi_control_s_axi_U/select_ln43_reg_206_reg[11]_i_1 | CARRY.others.CARRY4  |
    | s_axi_control_s_axi_U/select_ln43_reg_206_reg[13]_i_1 | CARRY.others.CARRY4  |
    | select_ln43_reg_206_reg[12]                           | FLOP_LATCH.flop.FDRE |
    +-------------------------------------------------------+----------------------+

    +-------------------------------------------------------+----------------------+
    | Path3 Cells                                           | Primitive Type       |
    +-------------------------------------------------------+----------------------+
    | s_axi_control_s_axi_U/int_step_size_reg[1]            | FLOP_LATCH.flop.FDRE |
    | s_axi_control_s_axi_U/sync_trigger[0]_INST_0_i_27     | LUT.others.LUT3      |
    | s_axi_control_s_axi_U/sync_trigger[0]_INST_0_i_30     | LUT.others.LUT4      |
    | s_axi_control_s_axi_U/sync_trigger[0]_INST_0_i_17     | CARRY.others.CARRY4  |
    | s_axi_control_s_axi_U/sync_trigger[0]_INST_0_i_8      | CARRY.others.CARRY4  |
    | s_axi_control_s_axi_U/sync_trigger[0]_INST_0_i_2      | CARRY.others.CARRY4  |
    | s_axi_control_s_axi_U/sync_trigger[0]_INST_0_i_1      | CARRY.others.CARRY4  |
    | s_axi_control_s_axi_U/select_ln43_reg_206[3]_i_6      | LUT.others.LUT4      |
    | s_axi_control_s_axi_U/select_ln43_reg_206_reg[3]_i_1  | CARRY.others.CARRY4  |
    | s_axi_control_s_axi_U/select_ln43_reg_206_reg[7]_i_1  | CARRY.others.CARRY4  |
    | s_axi_control_s_axi_U/select_ln43_reg_206_reg[11]_i_1 | CARRY.others.CARRY4  |
    | select_ln43_reg_206_reg[9]                            | FLOP_LATCH.flop.FDRE |
    +-------------------------------------------------------+----------------------+

    +-------------------------------------------------------+----------------------+
    | Path4 Cells                                           | Primitive Type       |
    +-------------------------------------------------------+----------------------+
    | s_axi_control_s_axi_U/int_step_size_reg[1]            | FLOP_LATCH.flop.FDRE |
    | s_axi_control_s_axi_U/sync_trigger[0]_INST_0_i_27     | LUT.others.LUT3      |
    | s_axi_control_s_axi_U/sync_trigger[0]_INST_0_i_30     | LUT.others.LUT4      |
    | s_axi_control_s_axi_U/sync_trigger[0]_INST_0_i_17     | CARRY.others.CARRY4  |
    | s_axi_control_s_axi_U/sync_trigger[0]_INST_0_i_8      | CARRY.others.CARRY4  |
    | s_axi_control_s_axi_U/sync_trigger[0]_INST_0_i_2      | CARRY.others.CARRY4  |
    | s_axi_control_s_axi_U/sync_trigger[0]_INST_0_i_1      | CARRY.others.CARRY4  |
    | s_axi_control_s_axi_U/select_ln43_reg_206[3]_i_6      | LUT.others.LUT4      |
    | s_axi_control_s_axi_U/select_ln43_reg_206_reg[3]_i_1  | CARRY.others.CARRY4  |
    | s_axi_control_s_axi_U/select_ln43_reg_206_reg[7]_i_1  | CARRY.others.CARRY4  |
    | s_axi_control_s_axi_U/select_ln43_reg_206_reg[11]_i_1 | CARRY.others.CARRY4  |
    | select_ln43_reg_206_reg[11]                           | FLOP_LATCH.flop.FDRE |
    +-------------------------------------------------------+----------------------+

    +-------------------------------------------------------+----------------------+
    | Path5 Cells                                           | Primitive Type       |
    +-------------------------------------------------------+----------------------+
    | s_axi_control_s_axi_U/int_step_size_reg[1]            | FLOP_LATCH.flop.FDRE |
    | s_axi_control_s_axi_U/sync_trigger[0]_INST_0_i_27     | LUT.others.LUT3      |
    | s_axi_control_s_axi_U/sync_trigger[0]_INST_0_i_30     | LUT.others.LUT4      |
    | s_axi_control_s_axi_U/sync_trigger[0]_INST_0_i_17     | CARRY.others.CARRY4  |
    | s_axi_control_s_axi_U/sync_trigger[0]_INST_0_i_8      | CARRY.others.CARRY4  |
    | s_axi_control_s_axi_U/sync_trigger[0]_INST_0_i_2      | CARRY.others.CARRY4  |
    | s_axi_control_s_axi_U/sync_trigger[0]_INST_0_i_1      | CARRY.others.CARRY4  |
    | s_axi_control_s_axi_U/select_ln43_reg_206[3]_i_6      | LUT.others.LUT4      |
    | s_axi_control_s_axi_U/select_ln43_reg_206_reg[3]_i_1  | CARRY.others.CARRY4  |
    | s_axi_control_s_axi_U/select_ln43_reg_206_reg[7]_i_1  | CARRY.others.CARRY4  |
    | s_axi_control_s_axi_U/select_ln43_reg_206_reg[11]_i_1 | CARRY.others.CARRY4  |
    | select_ln43_reg_206_reg[10]                           | FLOP_LATCH.flop.FDRE |
    +-------------------------------------------------------+----------------------+


================================================================
== Place & Route Vivado Reports
================================================================
+--------------------------+-----------------------------------------------------------------------+
| Report Type              | Report Location                                                       |
+--------------------------+-----------------------------------------------------------------------+
| design_analysis          | impl/verilog/report/fmcw_ramp_gen_design_analysis_routed.rpt          |
| failfast                 | impl/verilog/report/fmcw_ramp_gen_failfast_routed.rpt                 |
| power                    | impl/verilog/report/fmcw_ramp_gen_power_routed.rpt                    |
| status                   | impl/verilog/report/fmcw_ramp_gen_status_routed.rpt                   |
| timing                   | impl/verilog/report/fmcw_ramp_gen_timing_routed.rpt                   |
| timing_paths             | impl/verilog/report/fmcw_ramp_gen_timing_paths_routed.rpt             |
| utilization              | impl/verilog/report/fmcw_ramp_gen_utilization_routed.rpt              |
| utilization_hierarchical | impl/verilog/report/fmcw_ramp_gen_utilization_hierarchical_routed.rpt |
+--------------------------+-----------------------------------------------------------------------+


