

Implementation tool: Xilinx Vivado v.2025.2
Project:             RADAR_ramp
Solution:            hls
Device target:       xc7z020-clg484-1
Report date:         Fri Aug 28 13:39:55 +0530 2026

#=== Post-Implementation Resource usage ===
SLICE:           50
LUT:            146
FF:             153
DSP:              0
BRAM:             0
URAM:             0
LATCH:            0
SRL:              0
CLB:              0

#=== Final timing ===
CP required:                     10.000
CP achieved post-synthesis:      5.281
CP achieved post-implementation: 5.716
Timing met
