Copyright 1986-2022 Xilinx, Inc. All Rights Reserved. Copyright 2022-2025 Advanced Micro Devices, Inc. All Rights Reserved.
---------------------------------------------------------------------------------------------------------------------------------------------
| Tool Version : Vivado v.2025.2 (win64) Build 6299465 Fri Nov 14 19:35:11 GMT 2025
| Date         : Fri Aug 28 13:38:49 2026
| Host         : BHARADWAJ running 64-bit major release  (build 9200)
| Command      : report_design_analysis -file ./report/fmcw_ramp_gen_design_analysis_synth.rpt
| Design       : bd_0_wrapper
| Device       : xc7z020
| Design State : Synthesized
---------------------------------------------------------------------------------------------------------------------------------------------

Report Design Analysis

Table of Contents
-----------------
1. Setup Path Characteristics 1-1
2. Logic Level Distribution
3. Placer Final Level Congestion Reporting

1. Setup Path Characteristics 1-1
---------------------------------

+---------------------------+-------------------------------------------------------------------------------------------+
|      Characteristics      |                                          Path #1                                          |
+---------------------------+-------------------------------------------------------------------------------------------+
| Requirement               | 10.000                                                                                    |
| Path Delay                | 5.306                                                                                     |
| Logic Delay               | 3.525(67%)                                                                                |
| Net Delay                 | 1.781(33%)                                                                                |
| Clock Skew                | -0.049                                                                                    |
| Slack                     | 4.719                                                                                     |
| Clock Uncertainty         | 0.035                                                                                     |
| Clock Pair Classification | Timed                                                                                     |
| Clock Delay Group         | Same Clock                                                                                |
| Logic Levels              | 10                                                                                        |
| Routes                    | NA                                                                                        |
| Logical Path              | FDRE/C-(4)-LUT3-(2)-LUT4-CARRY4-CARRY4-CARRY4-LUT2-(1)-CARRY4-CARRY4-CARRY4-CARRY4-FDRE/D |
| Start Point Clock         | ap_clk                                                                                    |
| End Point Clock           | ap_clk                                                                                    |
| DSP Block                 | None                                                                                      |
| RAM Registers             | None-None                                                                                 |
| IO Crossings              | 0                                                                                         |
| Config Crossings          | 0                                                                                         |
| SLR Crossings             | 0                                                                                         |
| PBlocks                   | 0                                                                                         |
| High Fanout               | 4                                                                                         |
| ASYNC REG                 | 0                                                                                         |
| Dont Touch                | 0                                                                                         |
| Mark Debug                | 0                                                                                         |
| Start Point Pin Primitive | FDRE/C                                                                                    |
| End Point Pin Primitive   | FDRE/D                                                                                    |
| Start Point Pin           | int_max_val_reg[3]/C                                                                      |
| End Point Pin             | select_ln43_reg_206_reg[13]/D                                                             |
+---------------------------+-------------------------------------------------------------------------------------------+
* Bounding box calculated as % of dimensions for the target device (308, 299)


2. Logic Level Distribution
---------------------------

+-----------------+-------------+----+-----+----+---+---+---+---+---+----+
| End Point Clock | Requirement |  0 |  1  |  2 | 3 | 6 | 7 | 8 | 9 | 10 |
+-----------------+-------------+----+-----+----+---+---+---+---+---+----+
| ap_clk          | 10.000ns    | 30 | 171 | 51 | 7 | 3 | 4 | 4 | 4 |  2 |
+-----------------+-------------+----+-----+----+---+---+---+---+---+----+
* Columns represent the logic levels per end point clock
** Distribution is for top worst 276 paths


3. Placer Final Level Congestion Reporting
------------------------------------------

+-----------+------+-------+------------+--------+---------------+----------------+-----+--------+------+------+------+-----+-------+-----+------------+
| Direction | Type | Level | Congestion | Window | Combined LUTs | Avg LUT Inputs | LUT | LUTRAM | Flop | MUXF | RAMB | DSP | CARRY | SRL | Cell Names |
+-----------+------+-------+------------+--------+---------------+----------------+-----+--------+------+------+------+-----+-------+-----+------------+
* The design has not been placed, hence congestion data is not available. The command report_design_analysis -congestion should be run only after place_design has completed.


