Copyright 1986-2022 Xilinx, Inc. All Rights Reserved. Copyright 2022-2025 Advanced Micro Devices, Inc. All Rights Reserved.
---------------------------------------------------------------------------------------------------------------------------------------------
| Tool Version : Vivado v.2025.2 (win64) Build 6299465 Fri Nov 14 19:35:11 GMT 2025
| Date         : Fri Aug 28 13:38:49 2026
| Host         : BHARADWAJ running 64-bit major release  (build 9200)
| Command      : report_timing -max_paths 10 -file ./report/fmcw_ramp_gen_timing_paths_synth.rpt
| Design       : bd_0_wrapper
| Device       : 7z020-clg484
| Speed File   : -1  PRODUCTION 1.12 2019-11-22
| Design State : Synthesized
---------------------------------------------------------------------------------------------------------------------------------------------

Timing Report

Slack (MET) :             4.719ns  (required time - arrival time)
  Source:                 bd_0_i/hls_inst/inst/s_axi_control_s_axi_U/int_max_val_reg[3]/C
                            (rising edge-triggered cell FDRE clocked by ap_clk  {rise@0.000ns fall@5.000ns period=10.000ns})
  Destination:            bd_0_i/hls_inst/inst/select_ln43_reg_206_reg[13]/D
                            (rising edge-triggered cell FDRE clocked by ap_clk  {rise@0.000ns fall@5.000ns period=10.000ns})
  Path Group:             ap_clk
  Path Type:              Setup (Max at Slow Process Corner)
  Requirement:            10.000ns  (ap_clk rise@10.000ns - ap_clk rise@0.000ns)
  Data Path Delay:        5.306ns  (logic 3.525ns (66.434%)  route 1.781ns (33.566%))
  Logic Levels:           10  (CARRY4=7 LUT2=1 LUT3=1 LUT4=1)
  Clock Path Skew:        -0.049ns (DCD - SCD + CPR)
    Destination Clock Delay (DCD):    0.924ns = ( 10.924 - 10.000 ) 
    Source Clock Delay      (SCD):    0.973ns
    Clock Pessimism Removal (CPR):    0.000ns
  Clock Uncertainty:      0.035ns  ((TSJ^2 + TIJ^2)^1/2 + DJ) / 2 + PE
    Total System Jitter     (TSJ):    0.071ns
    Total Input Jitter      (TIJ):    0.000ns
    Discrete Jitter          (DJ):    0.000ns
    Phase Error              (PE):    0.000ns

    Location             Delay type                Incr(ns)  Path(ns)    Netlist Resource(s)
  -------------------------------------------------------------------    -------------------
                         (clock ap_clk rise edge)     0.000     0.000 r  
                                                      0.000     0.000 r  ap_clk (IN)
                         net (fo=152, unset)          0.973     0.973    bd_0_i/hls_inst/inst/s_axi_control_s_axi_U/ap_clk
                         FDRE                                         r  bd_0_i/hls_inst/inst/s_axi_control_s_axi_U/int_max_val_reg[3]/C
  -------------------------------------------------------------------    -------------------
                         FDRE (Prop_fdre_C_Q)         0.518     1.491 f  bd_0_i/hls_inst/inst/s_axi_control_s_axi_U/int_max_val_reg[3]/Q
                         net (fo=4, unplaced)         0.765     2.256    bd_0_i/hls_inst/inst/s_axi_control_s_axi_U/max_val[3]
                         LUT3 (Prop_lut3_I0_O)        0.321     2.577 r  bd_0_i/hls_inst/inst/s_axi_control_s_axi_U/sync_trigger[0]_INST_0_i_21/O
                         net (fo=2, unplaced)         0.485     3.062    bd_0_i/hls_inst/inst/s_axi_control_s_axi_U/sync_trigger[0]_INST_0_i_21_n_0
                         LUT4 (Prop_lut4_I3_O)        0.355     3.417 r  bd_0_i/hls_inst/inst/s_axi_control_s_axi_U/sync_trigger[0]_INST_0_i_25/O
                         net (fo=1, unplaced)         0.000     3.417    bd_0_i/hls_inst/inst/s_axi_control_s_axi_U/sync_trigger[0]_INST_0_i_25_n_0
                         CARRY4 (Prop_carry4_S[0]_CO[3])
                                                      0.513     3.930 r  bd_0_i/hls_inst/inst/s_axi_control_s_axi_U/sync_trigger[0]_INST_0_i_8/CO[3]
                         net (fo=1, unplaced)         0.000     3.930    bd_0_i/hls_inst/inst/s_axi_control_s_axi_U/sync_trigger[0]_INST_0_i_8_n_0
                         CARRY4 (Prop_carry4_CI_CO[3])
                                                      0.117     4.047 r  bd_0_i/hls_inst/inst/s_axi_control_s_axi_U/sync_trigger[0]_INST_0_i_2/CO[3]
                         net (fo=1, unplaced)         0.000     4.047    bd_0_i/hls_inst/inst/s_axi_control_s_axi_U/sync_trigger[0]_INST_0_i_2_n_0
                         CARRY4 (Prop_carry4_CI_CO[2])
                                                      0.252     4.299 f  bd_0_i/hls_inst/inst/s_axi_control_s_axi_U/sync_trigger[0]_INST_0_i_1/CO[2]
                         net (fo=30, unplaced)        0.522     4.821    bd_0_i/hls_inst/inst/s_axi_control_s_axi_U/CO[0]
                         LUT2 (Prop_lut2_I1_O)        0.302     5.123 r  bd_0_i/hls_inst/inst/s_axi_control_s_axi_U/select_ln43_reg_206[3]_i_5/O
                         net (fo=1, unplaced)         0.000     5.123    bd_0_i/hls_inst/inst/s_axi_control_s_axi_U/select_ln43_reg_206[3]_i_5_n_0
                         CARRY4 (Prop_carry4_DI[0]_CO[3])
                                                      0.576     5.699 r  bd_0_i/hls_inst/inst/s_axi_control_s_axi_U/select_ln43_reg_206_reg[3]_i_1/CO[3]
                         net (fo=1, unplaced)         0.009     5.708    bd_0_i/hls_inst/inst/s_axi_control_s_axi_U/select_ln43_reg_206_reg[3]_i_1_n_0
                         CARRY4 (Prop_carry4_CI_CO[3])
                                                      0.117     5.825 r  bd_0_i/hls_inst/inst/s_axi_control_s_axi_U/select_ln43_reg_206_reg[7]_i_1/CO[3]
                         net (fo=1, unplaced)         0.000     5.825    bd_0_i/hls_inst/inst/s_axi_control_s_axi_U/select_ln43_reg_206_reg[7]_i_1_n_0
                         CARRY4 (Prop_carry4_CI_CO[3])
                                                      0.117     5.942 r  bd_0_i/hls_inst/inst/s_axi_control_s_axi_U/select_ln43_reg_206_reg[11]_i_1/CO[3]
                         net (fo=1, unplaced)         0.000     5.942    bd_0_i/hls_inst/inst/s_axi_control_s_axi_U/select_ln43_reg_206_reg[11]_i_1_n_0
                         CARRY4 (Prop_carry4_CI_O[1])
                                                      0.337     6.279 r  bd_0_i/hls_inst/inst/s_axi_control_s_axi_U/select_ln43_reg_206_reg[13]_i_1/O[1]
                         net (fo=1, unplaced)         0.000     6.279    bd_0_i/hls_inst/inst/s_axi_control_s_axi_U_n_43
                         FDRE                                         r  bd_0_i/hls_inst/inst/select_ln43_reg_206_reg[13]/D
  -------------------------------------------------------------------    -------------------

                         (clock ap_clk rise edge)    10.000    10.000 r  
                                                      0.000    10.000 r  ap_clk (IN)
                         net (fo=152, unset)          0.924    10.924    bd_0_i/hls_inst/inst/ap_clk
                         FDRE                                         r  bd_0_i/hls_inst/inst/select_ln43_reg_206_reg[13]/C
                         clock pessimism              0.000    10.924    
                         clock uncertainty           -0.035    10.889    
                         FDRE (Setup_fdre_C_D)        0.109    10.998    bd_0_i/hls_inst/inst/select_ln43_reg_206_reg[13]
  -------------------------------------------------------------------
                         required time                         10.998    
                         arrival time                          -6.279    
  -------------------------------------------------------------------
                         slack                                  4.719    

Slack (MET) :             4.824ns  (required time - arrival time)
  Source:                 bd_0_i/hls_inst/inst/s_axi_control_s_axi_U/int_max_val_reg[3]/C
                            (rising edge-triggered cell FDRE clocked by ap_clk  {rise@0.000ns fall@5.000ns period=10.000ns})
  Destination:            bd_0_i/hls_inst/inst/select_ln43_reg_206_reg[12]/D
                            (rising edge-triggered cell FDRE clocked by ap_clk  {rise@0.000ns fall@5.000ns period=10.000ns})
  Path Group:             ap_clk
  Path Type:              Setup (Max at Slow Process Corner)
  Requirement:            10.000ns  (ap_clk rise@10.000ns - ap_clk rise@0.000ns)
  Data Path Delay:        5.201ns  (logic 3.420ns (65.757%)  route 1.781ns (34.243%))
  Logic Levels:           10  (CARRY4=7 LUT2=1 LUT3=1 LUT4=1)
  Clock Path Skew:        -0.049ns (DCD - SCD + CPR)
    Destination Clock Delay (DCD):    0.924ns = ( 10.924 - 10.000 ) 
    Source Clock Delay      (SCD):    0.973ns
    Clock Pessimism Removal (CPR):    0.000ns
  Clock Uncertainty:      0.035ns  ((TSJ^2 + TIJ^2)^1/2 + DJ) / 2 + PE
    Total System Jitter     (TSJ):    0.071ns
    Total Input Jitter      (TIJ):    0.000ns
    Discrete Jitter          (DJ):    0.000ns
    Phase Error              (PE):    0.000ns

    Location             Delay type                Incr(ns)  Path(ns)    Netlist Resource(s)
  -------------------------------------------------------------------    -------------------
                         (clock ap_clk rise edge)     0.000     0.000 r  
                                                      0.000     0.000 r  ap_clk (IN)
                         net (fo=152, unset)          0.973     0.973    bd_0_i/hls_inst/inst/s_axi_control_s_axi_U/ap_clk
                         FDRE                                         r  bd_0_i/hls_inst/inst/s_axi_control_s_axi_U/int_max_val_reg[3]/C
  -------------------------------------------------------------------    -------------------
                         FDRE (Prop_fdre_C_Q)         0.518     1.491 f  bd_0_i/hls_inst/inst/s_axi_control_s_axi_U/int_max_val_reg[3]/Q
                         net (fo=4, unplaced)         0.765     2.256    bd_0_i/hls_inst/inst/s_axi_control_s_axi_U/max_val[3]
                         LUT3 (Prop_lut3_I0_O)        0.321     2.577 r  bd_0_i/hls_inst/inst/s_axi_control_s_axi_U/sync_trigger[0]_INST_0_i_21/O
                         net (fo=2, unplaced)         0.485     3.062    bd_0_i/hls_inst/inst/s_axi_control_s_axi_U/sync_trigger[0]_INST_0_i_21_n_0
                         LUT4 (Prop_lut4_I3_O)        0.355     3.417 r  bd_0_i/hls_inst/inst/s_axi_control_s_axi_U/sync_trigger[0]_INST_0_i_25/O
                         net (fo=1, unplaced)         0.000     3.417    bd_0_i/hls_inst/inst/s_axi_control_s_axi_U/sync_trigger[0]_INST_0_i_25_n_0
                         CARRY4 (Prop_carry4_S[0]_CO[3])
                                                      0.513     3.930 r  bd_0_i/hls_inst/inst/s_axi_control_s_axi_U/sync_trigger[0]_INST_0_i_8/CO[3]
                         net (fo=1, unplaced)         0.000     3.930    bd_0_i/hls_inst/inst/s_axi_control_s_axi_U/sync_trigger[0]_INST_0_i_8_n_0
                         CARRY4 (Prop_carry4_CI_CO[3])
                                                      0.117     4.047 r  bd_0_i/hls_inst/inst/s_axi_control_s_axi_U/sync_trigger[0]_INST_0_i_2/CO[3]
                         net (fo=1, unplaced)         0.000     4.047    bd_0_i/hls_inst/inst/s_axi_control_s_axi_U/sync_trigger[0]_INST_0_i_2_n_0
                         CARRY4 (Prop_carry4_CI_CO[2])
                                                      0.252     4.299 f  bd_0_i/hls_inst/inst/s_axi_control_s_axi_U/sync_trigger[0]_INST_0_i_1/CO[2]
                         net (fo=30, unplaced)        0.522     4.821    bd_0_i/hls_inst/inst/s_axi_control_s_axi_U/CO[0]
                         LUT2 (Prop_lut2_I1_O)        0.302     5.123 r  bd_0_i/hls_inst/inst/s_axi_control_s_axi_U/select_ln43_reg_206[3]_i_5/O
                         net (fo=1, unplaced)         0.000     5.123    bd_0_i/hls_inst/inst/s_axi_control_s_axi_U/select_ln43_reg_206[3]_i_5_n_0
                         CARRY4 (Prop_carry4_DI[0]_CO[3])
                                                      0.576     5.699 r  bd_0_i/hls_inst/inst/s_axi_control_s_axi_U/select_ln43_reg_206_reg[3]_i_1/CO[3]
                         net (fo=1, unplaced)         0.009     5.708    bd_0_i/hls_inst/inst/s_axi_control_s_axi_U/select_ln43_reg_206_reg[3]_i_1_n_0
                         CARRY4 (Prop_carry4_CI_CO[3])
                                                      0.117     5.825 r  bd_0_i/hls_inst/inst/s_axi_control_s_axi_U/select_ln43_reg_206_reg[7]_i_1/CO[3]
                         net (fo=1, unplaced)         0.000     5.825    bd_0_i/hls_inst/inst/s_axi_control_s_axi_U/select_ln43_reg_206_reg[7]_i_1_n_0
                         CARRY4 (Prop_carry4_CI_CO[3])
                                                      0.117     5.942 r  bd_0_i/hls_inst/inst/s_axi_control_s_axi_U/select_ln43_reg_206_reg[11]_i_1/CO[3]
                         net (fo=1, unplaced)         0.000     5.942    bd_0_i/hls_inst/inst/s_axi_control_s_axi_U/select_ln43_reg_206_reg[11]_i_1_n_0
                         CARRY4 (Prop_carry4_CI_O[0])
                                                      0.232     6.174 r  bd_0_i/hls_inst/inst/s_axi_control_s_axi_U/select_ln43_reg_206_reg[13]_i_1/O[0]
                         net (fo=1, unplaced)         0.000     6.174    bd_0_i/hls_inst/inst/s_axi_control_s_axi_U_n_44
                         FDRE                                         r  bd_0_i/hls_inst/inst/select_ln43_reg_206_reg[12]/D
  -------------------------------------------------------------------    -------------------

                         (clock ap_clk rise edge)    10.000    10.000 r  
                                                      0.000    10.000 r  ap_clk (IN)
                         net (fo=152, unset)          0.924    10.924    bd_0_i/hls_inst/inst/ap_clk
                         FDRE                                         r  bd_0_i/hls_inst/inst/select_ln43_reg_206_reg[12]/C
                         clock pessimism              0.000    10.924    
                         clock uncertainty           -0.035    10.889    
                         FDRE (Setup_fdre_C_D)        0.109    10.998    bd_0_i/hls_inst/inst/select_ln43_reg_206_reg[12]
  -------------------------------------------------------------------
                         required time                         10.998    
                         arrival time                          -6.174    
  -------------------------------------------------------------------
                         slack                                  4.824    

Slack (MET) :             4.836ns  (required time - arrival time)
  Source:                 bd_0_i/hls_inst/inst/s_axi_control_s_axi_U/int_max_val_reg[3]/C
                            (rising edge-triggered cell FDRE clocked by ap_clk  {rise@0.000ns fall@5.000ns period=10.000ns})
  Destination:            bd_0_i/hls_inst/inst/select_ln43_reg_206_reg[9]/D
                            (rising edge-triggered cell FDRE clocked by ap_clk  {rise@0.000ns fall@5.000ns period=10.000ns})
  Path Group:             ap_clk
  Path Type:              Setup (Max at Slow Process Corner)
  Requirement:            10.000ns  (ap_clk rise@10.000ns - ap_clk rise@0.000ns)
  Data Path Delay:        5.189ns  (logic 3.408ns (65.677%)  route 1.781ns (34.323%))
  Logic Levels:           9  (CARRY4=6 LUT2=1 LUT3=1 LUT4=1)
  Clock Path Skew:        -0.049ns (DCD - SCD + CPR)
    Destination Clock Delay (DCD):    0.924ns = ( 10.924 - 10.000 ) 
    Source Clock Delay      (SCD):    0.973ns
    Clock Pessimism Removal (CPR):    0.000ns
  Clock Uncertainty:      0.035ns  ((TSJ^2 + TIJ^2)^1/2 + DJ) / 2 + PE
    Total System Jitter     (TSJ):    0.071ns
    Total Input Jitter      (TIJ):    0.000ns
    Discrete Jitter          (DJ):    0.000ns
    Phase Error              (PE):    0.000ns

    Location             Delay type                Incr(ns)  Path(ns)    Netlist Resource(s)
  -------------------------------------------------------------------    -------------------
                         (clock ap_clk rise edge)     0.000     0.000 r  
                                                      0.000     0.000 r  ap_clk (IN)
                         net (fo=152, unset)          0.973     0.973    bd_0_i/hls_inst/inst/s_axi_control_s_axi_U/ap_clk
                         FDRE                                         r  bd_0_i/hls_inst/inst/s_axi_control_s_axi_U/int_max_val_reg[3]/C
  -------------------------------------------------------------------    -------------------
                         FDRE (Prop_fdre_C_Q)         0.518     1.491 f  bd_0_i/hls_inst/inst/s_axi_control_s_axi_U/int_max_val_reg[3]/Q
                         net (fo=4, unplaced)         0.765     2.256    bd_0_i/hls_inst/inst/s_axi_control_s_axi_U/max_val[3]
                         LUT3 (Prop_lut3_I0_O)        0.321     2.577 r  bd_0_i/hls_inst/inst/s_axi_control_s_axi_U/sync_trigger[0]_INST_0_i_21/O
                         net (fo=2, unplaced)         0.485     3.062    bd_0_i/hls_inst/inst/s_axi_control_s_axi_U/sync_trigger[0]_INST_0_i_21_n_0
                         LUT4 (Prop_lut4_I3_O)        0.355     3.417 r  bd_0_i/hls_inst/inst/s_axi_control_s_axi_U/sync_trigger[0]_INST_0_i_25/O
                         net (fo=1, unplaced)         0.000     3.417    bd_0_i/hls_inst/inst/s_axi_control_s_axi_U/sync_trigger[0]_INST_0_i_25_n_0
                         CARRY4 (Prop_carry4_S[0]_CO[3])
                                                      0.513     3.930 r  bd_0_i/hls_inst/inst/s_axi_control_s_axi_U/sync_trigger[0]_INST_0_i_8/CO[3]
                         net (fo=1, unplaced)         0.000     3.930    bd_0_i/hls_inst/inst/s_axi_control_s_axi_U/sync_trigger[0]_INST_0_i_8_n_0
                         CARRY4 (Prop_carry4_CI_CO[3])
                                                      0.117     4.047 r  bd_0_i/hls_inst/inst/s_axi_control_s_axi_U/sync_trigger[0]_INST_0_i_2/CO[3]
                         net (fo=1, unplaced)         0.000     4.047    bd_0_i/hls_inst/inst/s_axi_control_s_axi_U/sync_trigger[0]_INST_0_i_2_n_0
                         CARRY4 (Prop_carry4_CI_CO[2])
                                                      0.252     4.299 f  bd_0_i/hls_inst/inst/s_axi_control_s_axi_U/sync_trigger[0]_INST_0_i_1/CO[2]
                         net (fo=30, unplaced)        0.522     4.821    bd_0_i/hls_inst/inst/s_axi_control_s_axi_U/CO[0]
                         LUT2 (Prop_lut2_I1_O)        0.302     5.123 r  bd_0_i/hls_inst/inst/s_axi_control_s_axi_U/select_ln43_reg_206[3]_i_5/O
                         net (fo=1, unplaced)         0.000     5.123    bd_0_i/hls_inst/inst/s_axi_control_s_axi_U/select_ln43_reg_206[3]_i_5_n_0
                         CARRY4 (Prop_carry4_DI[0]_CO[3])
                                                      0.576     5.699 r  bd_0_i/hls_inst/inst/s_axi_control_s_axi_U/select_ln43_reg_206_reg[3]_i_1/CO[3]
                         net (fo=1, unplaced)         0.009     5.708    bd_0_i/hls_inst/inst/s_axi_control_s_axi_U/select_ln43_reg_206_reg[3]_i_1_n_0
                         CARRY4 (Prop_carry4_CI_CO[3])
                                                      0.117     5.825 r  bd_0_i/hls_inst/inst/s_axi_control_s_axi_U/select_ln43_reg_206_reg[7]_i_1/CO[3]
                         net (fo=1, unplaced)         0.000     5.825    bd_0_i/hls_inst/inst/s_axi_control_s_axi_U/select_ln43_reg_206_reg[7]_i_1_n_0
                         CARRY4 (Prop_carry4_CI_O[1])
                                                      0.337     6.162 r  bd_0_i/hls_inst/inst/s_axi_control_s_axi_U/select_ln43_reg_206_reg[11]_i_1/O[1]
                         net (fo=1, unplaced)         0.000     6.162    bd_0_i/hls_inst/inst/s_axi_control_s_axi_U_n_47
                         FDRE                                         r  bd_0_i/hls_inst/inst/select_ln43_reg_206_reg[9]/D
  -------------------------------------------------------------------    -------------------

                         (clock ap_clk rise edge)    10.000    10.000 r  
                                                      0.000    10.000 r  ap_clk (IN)
                         net (fo=152, unset)          0.924    10.924    bd_0_i/hls_inst/inst/ap_clk
                         FDRE                                         r  bd_0_i/hls_inst/inst/select_ln43_reg_206_reg[9]/C
                         clock pessimism              0.000    10.924    
                         clock uncertainty           -0.035    10.889    
                         FDRE (Setup_fdre_C_D)        0.109    10.998    bd_0_i/hls_inst/inst/select_ln43_reg_206_reg[9]
  -------------------------------------------------------------------
                         required time                         10.998    
                         arrival time                          -6.162    
  -------------------------------------------------------------------
                         slack                                  4.836    

Slack (MET) :             4.842ns  (required time - arrival time)
  Source:                 bd_0_i/hls_inst/inst/s_axi_control_s_axi_U/int_max_val_reg[3]/C
                            (rising edge-triggered cell FDRE clocked by ap_clk  {rise@0.000ns fall@5.000ns period=10.000ns})
  Destination:            bd_0_i/hls_inst/inst/select_ln43_reg_206_reg[11]/D
                            (rising edge-triggered cell FDRE clocked by ap_clk  {rise@0.000ns fall@5.000ns period=10.000ns})
  Path Group:             ap_clk
  Path Type:              Setup (Max at Slow Process Corner)
  Requirement:            10.000ns  (ap_clk rise@10.000ns - ap_clk rise@0.000ns)
  Data Path Delay:        5.183ns  (logic 3.402ns (65.638%)  route 1.781ns (34.362%))
  Logic Levels:           9  (CARRY4=6 LUT2=1 LUT3=1 LUT4=1)
  Clock Path Skew:        -0.049ns (DCD - SCD + CPR)
    Destination Clock Delay (DCD):    0.924ns = ( 10.924 - 10.000 ) 
    Source Clock Delay      (SCD):    0.973ns
    Clock Pessimism Removal (CPR):    0.000ns
  Clock Uncertainty:      0.035ns  ((TSJ^2 + TIJ^2)^1/2 + DJ) / 2 + PE
    Total System Jitter     (TSJ):    0.071ns
    Total Input Jitter      (TIJ):    0.000ns
    Discrete Jitter          (DJ):    0.000ns
    Phase Error              (PE):    0.000ns

    Location             Delay type                Incr(ns)  Path(ns)    Netlist Resource(s)
  -------------------------------------------------------------------    -------------------
                         (clock ap_clk rise edge)     0.000     0.000 r  
                                                      0.000     0.000 r  ap_clk (IN)
                         net (fo=152, unset)          0.973     0.973    bd_0_i/hls_inst/inst/s_axi_control_s_axi_U/ap_clk
                         FDRE                                         r  bd_0_i/hls_inst/inst/s_axi_control_s_axi_U/int_max_val_reg[3]/C
  -------------------------------------------------------------------    -------------------
                         FDRE (Prop_fdre_C_Q)         0.518     1.491 f  bd_0_i/hls_inst/inst/s_axi_control_s_axi_U/int_max_val_reg[3]/Q
                         net (fo=4, unplaced)         0.765     2.256    bd_0_i/hls_inst/inst/s_axi_control_s_axi_U/max_val[3]
                         LUT3 (Prop_lut3_I0_O)        0.321     2.577 r  bd_0_i/hls_inst/inst/s_axi_control_s_axi_U/sync_trigger[0]_INST_0_i_21/O
                         net (fo=2, unplaced)         0.485     3.062    bd_0_i/hls_inst/inst/s_axi_control_s_axi_U/sync_trigger[0]_INST_0_i_21_n_0
                         LUT4 (Prop_lut4_I3_O)        0.355     3.417 r  bd_0_i/hls_inst/inst/s_axi_control_s_axi_U/sync_trigger[0]_INST_0_i_25/O
                         net (fo=1, unplaced)         0.000     3.417    bd_0_i/hls_inst/inst/s_axi_control_s_axi_U/sync_trigger[0]_INST_0_i_25_n_0
                         CARRY4 (Prop_carry4_S[0]_CO[3])
                                                      0.513     3.930 r  bd_0_i/hls_inst/inst/s_axi_control_s_axi_U/sync_trigger[0]_INST_0_i_8/CO[3]
                         net (fo=1, unplaced)         0.000     3.930    bd_0_i/hls_inst/inst/s_axi_control_s_axi_U/sync_trigger[0]_INST_0_i_8_n_0
                         CARRY4 (Prop_carry4_CI_CO[3])
                                                      0.117     4.047 r  bd_0_i/hls_inst/inst/s_axi_control_s_axi_U/sync_trigger[0]_INST_0_i_2/CO[3]
                         net (fo=1, unplaced)         0.000     4.047    bd_0_i/hls_inst/inst/s_axi_control_s_axi_U/sync_trigger[0]_INST_0_i_2_n_0
                         CARRY4 (Prop_carry4_CI_CO[2])
                                                      0.252     4.299 f  bd_0_i/hls_inst/inst/s_axi_control_s_axi_U/sync_trigger[0]_INST_0_i_1/CO[2]
                         net (fo=30, unplaced)        0.522     4.821    bd_0_i/hls_inst/inst/s_axi_control_s_axi_U/CO[0]
                         LUT2 (Prop_lut2_I1_O)        0.302     5.123 r  bd_0_i/hls_inst/inst/s_axi_control_s_axi_U/select_ln43_reg_206[3]_i_5/O
                         net (fo=1, unplaced)         0.000     5.123    bd_0_i/hls_inst/inst/s_axi_control_s_axi_U/select_ln43_reg_206[3]_i_5_n_0
                         CARRY4 (Prop_carry4_DI[0]_CO[3])
                                                      0.576     5.699 r  bd_0_i/hls_inst/inst/s_axi_control_s_axi_U/select_ln43_reg_206_reg[3]_i_1/CO[3]
                         net (fo=1, unplaced)         0.009     5.708    bd_0_i/hls_inst/inst/s_axi_control_s_axi_U/select_ln43_reg_206_reg[3]_i_1_n_0
                         CARRY4 (Prop_carry4_CI_CO[3])
                                                      0.117     5.825 r  bd_0_i/hls_inst/inst/s_axi_control_s_axi_U/select_ln43_reg_206_reg[7]_i_1/CO[3]
                         net (fo=1, unplaced)         0.000     5.825    bd_0_i/hls_inst/inst/s_axi_control_s_axi_U/select_ln43_reg_206_reg[7]_i_1_n_0
                         CARRY4 (Prop_carry4_CI_O[3])
                                                      0.331     6.156 r  bd_0_i/hls_inst/inst/s_axi_control_s_axi_U/select_ln43_reg_206_reg[11]_i_1/O[3]
                         net (fo=1, unplaced)         0.000     6.156    bd_0_i/hls_inst/inst/s_axi_control_s_axi_U_n_45
                         FDRE                                         r  bd_0_i/hls_inst/inst/select_ln43_reg_206_reg[11]/D
  -------------------------------------------------------------------    -------------------

                         (clock ap_clk rise edge)    10.000    10.000 r  
                                                      0.000    10.000 r  ap_clk (IN)
                         net (fo=152, unset)          0.924    10.924    bd_0_i/hls_inst/inst/ap_clk
                         FDRE                                         r  bd_0_i/hls_inst/inst/select_ln43_reg_206_reg[11]/C
                         clock pessimism              0.000    10.924    
                         clock uncertainty           -0.035    10.889    
                         FDRE (Setup_fdre_C_D)        0.109    10.998    bd_0_i/hls_inst/inst/select_ln43_reg_206_reg[11]
  -------------------------------------------------------------------
                         required time                         10.998    
                         arrival time                          -6.156    
  -------------------------------------------------------------------
                         slack                                  4.842    

Slack (MET) :             4.917ns  (required time - arrival time)
  Source:                 bd_0_i/hls_inst/inst/s_axi_control_s_axi_U/int_max_val_reg[3]/C
                            (rising edge-triggered cell FDRE clocked by ap_clk  {rise@0.000ns fall@5.000ns period=10.000ns})
  Destination:            bd_0_i/hls_inst/inst/select_ln43_reg_206_reg[10]/D
                            (rising edge-triggered cell FDRE clocked by ap_clk  {rise@0.000ns fall@5.000ns period=10.000ns})
  Path Group:             ap_clk
  Path Type:              Setup (Max at Slow Process Corner)
  Requirement:            10.000ns  (ap_clk rise@10.000ns - ap_clk rise@0.000ns)
  Data Path Delay:        5.108ns  (logic 3.327ns (65.133%)  route 1.781ns (34.867%))
  Logic Levels:           9  (CARRY4=6 LUT2=1 LUT3=1 LUT4=1)
  Clock Path Skew:        -0.049ns (DCD - SCD + CPR)
    Destination Clock Delay (DCD):    0.924ns = ( 10.924 - 10.000 ) 
    Source Clock Delay      (SCD):    0.973ns
    Clock Pessimism Removal (CPR):    0.000ns
  Clock Uncertainty:      0.035ns  ((TSJ^2 + TIJ^2)^1/2 + DJ) / 2 + PE
    Total System Jitter     (TSJ):    0.071ns
    Total Input Jitter      (TIJ):    0.000ns
    Discrete Jitter          (DJ):    0.000ns
    Phase Error              (PE):    0.000ns

    Location             Delay type                Incr(ns)  Path(ns)    Netlist Resource(s)
  -------------------------------------------------------------------    -------------------
                         (clock ap_clk rise edge)     0.000     0.000 r  
                                                      0.000     0.000 r  ap_clk (IN)
                         net (fo=152, unset)          0.973     0.973    bd_0_i/hls_inst/inst/s_axi_control_s_axi_U/ap_clk
                         FDRE                                         r  bd_0_i/hls_inst/inst/s_axi_control_s_axi_U/int_max_val_reg[3]/C
  -------------------------------------------------------------------    -------------------
                         FDRE (Prop_fdre_C_Q)         0.518     1.491 f  bd_0_i/hls_inst/inst/s_axi_control_s_axi_U/int_max_val_reg[3]/Q
                         net (fo=4, unplaced)         0.765     2.256    bd_0_i/hls_inst/inst/s_axi_control_s_axi_U/max_val[3]
                         LUT3 (Prop_lut3_I0_O)        0.321     2.577 r  bd_0_i/hls_inst/inst/s_axi_control_s_axi_U/sync_trigger[0]_INST_0_i_21/O
                         net (fo=2, unplaced)         0.485     3.062    bd_0_i/hls_inst/inst/s_axi_control_s_axi_U/sync_trigger[0]_INST_0_i_21_n_0
                         LUT4 (Prop_lut4_I3_O)        0.355     3.417 r  bd_0_i/hls_inst/inst/s_axi_control_s_axi_U/sync_trigger[0]_INST_0_i_25/O
                         net (fo=1, unplaced)         0.000     3.417    bd_0_i/hls_inst/inst/s_axi_control_s_axi_U/sync_trigger[0]_INST_0_i_25_n_0
                         CARRY4 (Prop_carry4_S[0]_CO[3])
                                                      0.513     3.930 r  bd_0_i/hls_inst/inst/s_axi_control_s_axi_U/sync_trigger[0]_INST_0_i_8/CO[3]
                         net (fo=1, unplaced)         0.000     3.930    bd_0_i/hls_inst/inst/s_axi_control_s_axi_U/sync_trigger[0]_INST_0_i_8_n_0
                         CARRY4 (Prop_carry4_CI_CO[3])
                                                      0.117     4.047 r  bd_0_i/hls_inst/inst/s_axi_control_s_axi_U/sync_trigger[0]_INST_0_i_2/CO[3]
                         net (fo=1, unplaced)         0.000     4.047    bd_0_i/hls_inst/inst/s_axi_control_s_axi_U/sync_trigger[0]_INST_0_i_2_n_0
                         CARRY4 (Prop_carry4_CI_CO[2])
                                                      0.252     4.299 f  bd_0_i/hls_inst/inst/s_axi_control_s_axi_U/sync_trigger[0]_INST_0_i_1/CO[2]
                         net (fo=30, unplaced)        0.522     4.821    bd_0_i/hls_inst/inst/s_axi_control_s_axi_U/CO[0]
                         LUT2 (Prop_lut2_I1_O)        0.302     5.123 r  bd_0_i/hls_inst/inst/s_axi_control_s_axi_U/select_ln43_reg_206[3]_i_5/O
                         net (fo=1, unplaced)         0.000     5.123    bd_0_i/hls_inst/inst/s_axi_control_s_axi_U/select_ln43_reg_206[3]_i_5_n_0
                         CARRY4 (Prop_carry4_DI[0]_CO[3])
                                                      0.576     5.699 r  bd_0_i/hls_inst/inst/s_axi_control_s_axi_U/select_ln43_reg_206_reg[3]_i_1/CO[3]
                         net (fo=1, unplaced)         0.009     5.708    bd_0_i/hls_inst/inst/s_axi_control_s_axi_U/select_ln43_reg_206_reg[3]_i_1_n_0
                         CARRY4 (Prop_carry4_CI_CO[3])
                                                      0.117     5.825 r  bd_0_i/hls_inst/inst/s_axi_control_s_axi_U/select_ln43_reg_206_reg[7]_i_1/CO[3]
                         net (fo=1, unplaced)         0.000     5.825    bd_0_i/hls_inst/inst/s_axi_control_s_axi_U/select_ln43_reg_206_reg[7]_i_1_n_0
                         CARRY4 (Prop_carry4_CI_O[2])
                                                      0.256     6.081 r  bd_0_i/hls_inst/inst/s_axi_control_s_axi_U/select_ln43_reg_206_reg[11]_i_1/O[2]
                         net (fo=1, unplaced)         0.000     6.081    bd_0_i/hls_inst/inst/s_axi_control_s_axi_U_n_46
                         FDRE                                         r  bd_0_i/hls_inst/inst/select_ln43_reg_206_reg[10]/D
  -------------------------------------------------------------------    -------------------

                         (clock ap_clk rise edge)    10.000    10.000 r  
                                                      0.000    10.000 r  ap_clk (IN)
                         net (fo=152, unset)          0.924    10.924    bd_0_i/hls_inst/inst/ap_clk
                         FDRE                                         r  bd_0_i/hls_inst/inst/select_ln43_reg_206_reg[10]/C
                         clock pessimism              0.000    10.924    
                         clock uncertainty           -0.035    10.889    
                         FDRE (Setup_fdre_C_D)        0.109    10.998    bd_0_i/hls_inst/inst/select_ln43_reg_206_reg[10]
  -------------------------------------------------------------------
                         required time                         10.998    
                         arrival time                          -6.081    
  -------------------------------------------------------------------
                         slack                                  4.917    

Slack (MET) :             4.941ns  (required time - arrival time)
  Source:                 bd_0_i/hls_inst/inst/s_axi_control_s_axi_U/int_max_val_reg[3]/C
                            (rising edge-triggered cell FDRE clocked by ap_clk  {rise@0.000ns fall@5.000ns period=10.000ns})
  Destination:            bd_0_i/hls_inst/inst/select_ln43_reg_206_reg[8]/D
                            (rising edge-triggered cell FDRE clocked by ap_clk  {rise@0.000ns fall@5.000ns period=10.000ns})
  Path Group:             ap_clk
  Path Type:              Setup (Max at Slow Process Corner)
  Requirement:            10.000ns  (ap_clk rise@10.000ns - ap_clk rise@0.000ns)
  Data Path Delay:        5.084ns  (logic 3.303ns (64.969%)  route 1.781ns (35.031%))
  Logic Levels:           9  (CARRY4=6 LUT2=1 LUT3=1 LUT4=1)
  Clock Path Skew:        -0.049ns (DCD - SCD + CPR)
    Destination Clock Delay (DCD):    0.924ns = ( 10.924 - 10.000 ) 
    Source Clock Delay      (SCD):    0.973ns
    Clock Pessimism Removal (CPR):    0.000ns
  Clock Uncertainty:      0.035ns  ((TSJ^2 + TIJ^2)^1/2 + DJ) / 2 + PE
    Total System Jitter     (TSJ):    0.071ns
    Total Input Jitter      (TIJ):    0.000ns
    Discrete Jitter          (DJ):    0.000ns
    Phase Error              (PE):    0.000ns

    Location             Delay type                Incr(ns)  Path(ns)    Netlist Resource(s)
  -------------------------------------------------------------------    -------------------
                         (clock ap_clk rise edge)     0.000     0.000 r  
                                                      0.000     0.000 r  ap_clk (IN)
                         net (fo=152, unset)          0.973     0.973    bd_0_i/hls_inst/inst/s_axi_control_s_axi_U/ap_clk
                         FDRE                                         r  bd_0_i/hls_inst/inst/s_axi_control_s_axi_U/int_max_val_reg[3]/C
  -------------------------------------------------------------------    -------------------
                         FDRE (Prop_fdre_C_Q)         0.518     1.491 f  bd_0_i/hls_inst/inst/s_axi_control_s_axi_U/int_max_val_reg[3]/Q
                         net (fo=4, unplaced)         0.765     2.256    bd_0_i/hls_inst/inst/s_axi_control_s_axi_U/max_val[3]
                         LUT3 (Prop_lut3_I0_O)        0.321     2.577 r  bd_0_i/hls_inst/inst/s_axi_control_s_axi_U/sync_trigger[0]_INST_0_i_21/O
                         net (fo=2, unplaced)         0.485     3.062    bd_0_i/hls_inst/inst/s_axi_control_s_axi_U/sync_trigger[0]_INST_0_i_21_n_0
                         LUT4 (Prop_lut4_I3_O)        0.355     3.417 r  bd_0_i/hls_inst/inst/s_axi_control_s_axi_U/sync_trigger[0]_INST_0_i_25/O
                         net (fo=1, unplaced)         0.000     3.417    bd_0_i/hls_inst/inst/s_axi_control_s_axi_U/sync_trigger[0]_INST_0_i_25_n_0
                         CARRY4 (Prop_carry4_S[0]_CO[3])
                                                      0.513     3.930 r  bd_0_i/hls_inst/inst/s_axi_control_s_axi_U/sync_trigger[0]_INST_0_i_8/CO[3]
                         net (fo=1, unplaced)         0.000     3.930    bd_0_i/hls_inst/inst/s_axi_control_s_axi_U/sync_trigger[0]_INST_0_i_8_n_0
                         CARRY4 (Prop_carry4_CI_CO[3])
                                                      0.117     4.047 r  bd_0_i/hls_inst/inst/s_axi_control_s_axi_U/sync_trigger[0]_INST_0_i_2/CO[3]
                         net (fo=1, unplaced)         0.000     4.047    bd_0_i/hls_inst/inst/s_axi_control_s_axi_U/sync_trigger[0]_INST_0_i_2_n_0
                         CARRY4 (Prop_carry4_CI_CO[2])
                                                      0.252     4.299 f  bd_0_i/hls_inst/inst/s_axi_control_s_axi_U/sync_trigger[0]_INST_0_i_1/CO[2]
                         net (fo=30, unplaced)        0.522     4.821    bd_0_i/hls_inst/inst/s_axi_control_s_axi_U/CO[0]
                         LUT2 (Prop_lut2_I1_O)        0.302     5.123 r  bd_0_i/hls_inst/inst/s_axi_control_s_axi_U/select_ln43_reg_206[3]_i_5/O
                         net (fo=1, unplaced)         0.000     5.123    bd_0_i/hls_inst/inst/s_axi_control_s_axi_U/select_ln43_reg_206[3]_i_5_n_0
                         CARRY4 (Prop_carry4_DI[0]_CO[3])
                                                      0.576     5.699 r  bd_0_i/hls_inst/inst/s_axi_control_s_axi_U/select_ln43_reg_206_reg[3]_i_1/CO[3]
                         net (fo=1, unplaced)         0.009     5.708    bd_0_i/hls_inst/inst/s_axi_control_s_axi_U/select_ln43_reg_206_reg[3]_i_1_n_0
                         CARRY4 (Prop_carry4_CI_CO[3])
                                                      0.117     5.825 r  bd_0_i/hls_inst/inst/s_axi_control_s_axi_U/select_ln43_reg_206_reg[7]_i_1/CO[3]
                         net (fo=1, unplaced)         0.000     5.825    bd_0_i/hls_inst/inst/s_axi_control_s_axi_U/select_ln43_reg_206_reg[7]_i_1_n_0
                         CARRY4 (Prop_carry4_CI_O[0])
                                                      0.232     6.057 r  bd_0_i/hls_inst/inst/s_axi_control_s_axi_U/select_ln43_reg_206_reg[11]_i_1/O[0]
                         net (fo=1, unplaced)         0.000     6.057    bd_0_i/hls_inst/inst/s_axi_control_s_axi_U_n_48
                         FDRE                                         r  bd_0_i/hls_inst/inst/select_ln43_reg_206_reg[8]/D
  -------------------------------------------------------------------    -------------------

                         (clock ap_clk rise edge)    10.000    10.000 r  
                                                      0.000    10.000 r  ap_clk (IN)
                         net (fo=152, unset)          0.924    10.924    bd_0_i/hls_inst/inst/ap_clk
                         FDRE                                         r  bd_0_i/hls_inst/inst/select_ln43_reg_206_reg[8]/C
                         clock pessimism              0.000    10.924    
                         clock uncertainty           -0.035    10.889    
                         FDRE (Setup_fdre_C_D)        0.109    10.998    bd_0_i/hls_inst/inst/select_ln43_reg_206_reg[8]
  -------------------------------------------------------------------
                         required time                         10.998    
                         arrival time                          -6.057    
  -------------------------------------------------------------------
                         slack                                  4.941    

Slack (MET) :             4.953ns  (required time - arrival time)
  Source:                 bd_0_i/hls_inst/inst/s_axi_control_s_axi_U/int_max_val_reg[3]/C
                            (rising edge-triggered cell FDRE clocked by ap_clk  {rise@0.000ns fall@5.000ns period=10.000ns})
  Destination:            bd_0_i/hls_inst/inst/select_ln43_reg_206_reg[5]/D
                            (rising edge-triggered cell FDRE clocked by ap_clk  {rise@0.000ns fall@5.000ns period=10.000ns})
  Path Group:             ap_clk
  Path Type:              Setup (Max at Slow Process Corner)
  Requirement:            10.000ns  (ap_clk rise@10.000ns - ap_clk rise@0.000ns)
  Data Path Delay:        5.072ns  (logic 3.291ns (64.886%)  route 1.781ns (35.114%))
  Logic Levels:           8  (CARRY4=5 LUT2=1 LUT3=1 LUT4=1)
  Clock Path Skew:        -0.049ns (DCD - SCD + CPR)
    Destination Clock Delay (DCD):    0.924ns = ( 10.924 - 10.000 ) 
    Source Clock Delay      (SCD):    0.973ns
    Clock Pessimism Removal (CPR):    0.000ns
  Clock Uncertainty:      0.035ns  ((TSJ^2 + TIJ^2)^1/2 + DJ) / 2 + PE
    Total System Jitter     (TSJ):    0.071ns
    Total Input Jitter      (TIJ):    0.000ns
    Discrete Jitter          (DJ):    0.000ns
    Phase Error              (PE):    0.000ns

    Location             Delay type                Incr(ns)  Path(ns)    Netlist Resource(s)
  -------------------------------------------------------------------    -------------------
                         (clock ap_clk rise edge)     0.000     0.000 r  
                                                      0.000     0.000 r  ap_clk (IN)
                         net (fo=152, unset)          0.973     0.973    bd_0_i/hls_inst/inst/s_axi_control_s_axi_U/ap_clk
                         FDRE                                         r  bd_0_i/hls_inst/inst/s_axi_control_s_axi_U/int_max_val_reg[3]/C
  -------------------------------------------------------------------    -------------------
                         FDRE (Prop_fdre_C_Q)         0.518     1.491 f  bd_0_i/hls_inst/inst/s_axi_control_s_axi_U/int_max_val_reg[3]/Q
                         net (fo=4, unplaced)         0.765     2.256    bd_0_i/hls_inst/inst/s_axi_control_s_axi_U/max_val[3]
                         LUT3 (Prop_lut3_I0_O)        0.321     2.577 r  bd_0_i/hls_inst/inst/s_axi_control_s_axi_U/sync_trigger[0]_INST_0_i_21/O
                         net (fo=2, unplaced)         0.485     3.062    bd_0_i/hls_inst/inst/s_axi_control_s_axi_U/sync_trigger[0]_INST_0_i_21_n_0
                         LUT4 (Prop_lut4_I3_O)        0.355     3.417 r  bd_0_i/hls_inst/inst/s_axi_control_s_axi_U/sync_trigger[0]_INST_0_i_25/O
                         net (fo=1, unplaced)         0.000     3.417    bd_0_i/hls_inst/inst/s_axi_control_s_axi_U/sync_trigger[0]_INST_0_i_25_n_0
                         CARRY4 (Prop_carry4_S[0]_CO[3])
                                                      0.513     3.930 r  bd_0_i/hls_inst/inst/s_axi_control_s_axi_U/sync_trigger[0]_INST_0_i_8/CO[3]
                         net (fo=1, unplaced)         0.000     3.930    bd_0_i/hls_inst/inst/s_axi_control_s_axi_U/sync_trigger[0]_INST_0_i_8_n_0
                         CARRY4 (Prop_carry4_CI_CO[3])
                                                      0.117     4.047 r  bd_0_i/hls_inst/inst/s_axi_control_s_axi_U/sync_trigger[0]_INST_0_i_2/CO[3]
                         net (fo=1, unplaced)         0.000     4.047    bd_0_i/hls_inst/inst/s_axi_control_s_axi_U/sync_trigger[0]_INST_0_i_2_n_0
                         CARRY4 (Prop_carry4_CI_CO[2])
                                                      0.252     4.299 f  bd_0_i/hls_inst/inst/s_axi_control_s_axi_U/sync_trigger[0]_INST_0_i_1/CO[2]
                         net (fo=30, unplaced)        0.522     4.821    bd_0_i/hls_inst/inst/s_axi_control_s_axi_U/CO[0]
                         LUT2 (Prop_lut2_I1_O)        0.302     5.123 r  bd_0_i/hls_inst/inst/s_axi_control_s_axi_U/select_ln43_reg_206[3]_i_5/O
                         net (fo=1, unplaced)         0.000     5.123    bd_0_i/hls_inst/inst/s_axi_control_s_axi_U/select_ln43_reg_206[3]_i_5_n_0
                         CARRY4 (Prop_carry4_DI[0]_CO[3])
                                                      0.576     5.699 r  bd_0_i/hls_inst/inst/s_axi_control_s_axi_U/select_ln43_reg_206_reg[3]_i_1/CO[3]
                         net (fo=1, unplaced)         0.009     5.708    bd_0_i/hls_inst/inst/s_axi_control_s_axi_U/select_ln43_reg_206_reg[3]_i_1_n_0
                         CARRY4 (Prop_carry4_CI_O[1])
                                                      0.337     6.045 r  bd_0_i/hls_inst/inst/s_axi_control_s_axi_U/select_ln43_reg_206_reg[7]_i_1/O[1]
                         net (fo=1, unplaced)         0.000     6.045    bd_0_i/hls_inst/inst/s_axi_control_s_axi_U_n_51
                         FDRE                                         r  bd_0_i/hls_inst/inst/select_ln43_reg_206_reg[5]/D
  -------------------------------------------------------------------    -------------------

                         (clock ap_clk rise edge)    10.000    10.000 r  
                                                      0.000    10.000 r  ap_clk (IN)
                         net (fo=152, unset)          0.924    10.924    bd_0_i/hls_inst/inst/ap_clk
                         FDRE                                         r  bd_0_i/hls_inst/inst/select_ln43_reg_206_reg[5]/C
                         clock pessimism              0.000    10.924    
                         clock uncertainty           -0.035    10.889    
                         FDRE (Setup_fdre_C_D)        0.109    10.998    bd_0_i/hls_inst/inst/select_ln43_reg_206_reg[5]
  -------------------------------------------------------------------
                         required time                         10.998    
                         arrival time                          -6.045    
  -------------------------------------------------------------------
                         slack                                  4.953    

Slack (MET) :             4.959ns  (required time - arrival time)
  Source:                 bd_0_i/hls_inst/inst/s_axi_control_s_axi_U/int_max_val_reg[3]/C
                            (rising edge-triggered cell FDRE clocked by ap_clk  {rise@0.000ns fall@5.000ns period=10.000ns})
  Destination:            bd_0_i/hls_inst/inst/select_ln43_reg_206_reg[7]/D
                            (rising edge-triggered cell FDRE clocked by ap_clk  {rise@0.000ns fall@5.000ns period=10.000ns})
  Path Group:             ap_clk
  Path Type:              Setup (Max at Slow Process Corner)
  Requirement:            10.000ns  (ap_clk rise@10.000ns - ap_clk rise@0.000ns)
  Data Path Delay:        5.066ns  (logic 3.285ns (64.844%)  route 1.781ns (35.156%))
  Logic Levels:           8  (CARRY4=5 LUT2=1 LUT3=1 LUT4=1)
  Clock Path Skew:        -0.049ns (DCD - SCD + CPR)
    Destination Clock Delay (DCD):    0.924ns = ( 10.924 - 10.000 ) 
    Source Clock Delay      (SCD):    0.973ns
    Clock Pessimism Removal (CPR):    0.000ns
  Clock Uncertainty:      0.035ns  ((TSJ^2 + TIJ^2)^1/2 + DJ) / 2 + PE
    Total System Jitter     (TSJ):    0.071ns
    Total Input Jitter      (TIJ):    0.000ns
    Discrete Jitter          (DJ):    0.000ns
    Phase Error              (PE):    0.000ns

    Location             Delay type                Incr(ns)  Path(ns)    Netlist Resource(s)
  -------------------------------------------------------------------    -------------------
                         (clock ap_clk rise edge)     0.000     0.000 r  
                                                      0.000     0.000 r  ap_clk (IN)
                         net (fo=152, unset)          0.973     0.973    bd_0_i/hls_inst/inst/s_axi_control_s_axi_U/ap_clk
                         FDRE                                         r  bd_0_i/hls_inst/inst/s_axi_control_s_axi_U/int_max_val_reg[3]/C
  -------------------------------------------------------------------    -------------------
                         FDRE (Prop_fdre_C_Q)         0.518     1.491 f  bd_0_i/hls_inst/inst/s_axi_control_s_axi_U/int_max_val_reg[3]/Q
                         net (fo=4, unplaced)         0.765     2.256    bd_0_i/hls_inst/inst/s_axi_control_s_axi_U/max_val[3]
                         LUT3 (Prop_lut3_I0_O)        0.321     2.577 r  bd_0_i/hls_inst/inst/s_axi_control_s_axi_U/sync_trigger[0]_INST_0_i_21/O
                         net (fo=2, unplaced)         0.485     3.062    bd_0_i/hls_inst/inst/s_axi_control_s_axi_U/sync_trigger[0]_INST_0_i_21_n_0
                         LUT4 (Prop_lut4_I3_O)        0.355     3.417 r  bd_0_i/hls_inst/inst/s_axi_control_s_axi_U/sync_trigger[0]_INST_0_i_25/O
                         net (fo=1, unplaced)         0.000     3.417    bd_0_i/hls_inst/inst/s_axi_control_s_axi_U/sync_trigger[0]_INST_0_i_25_n_0
                         CARRY4 (Prop_carry4_S[0]_CO[3])
                                                      0.513     3.930 r  bd_0_i/hls_inst/inst/s_axi_control_s_axi_U/sync_trigger[0]_INST_0_i_8/CO[3]
                         net (fo=1, unplaced)         0.000     3.930    bd_0_i/hls_inst/inst/s_axi_control_s_axi_U/sync_trigger[0]_INST_0_i_8_n_0
                         CARRY4 (Prop_carry4_CI_CO[3])
                                                      0.117     4.047 r  bd_0_i/hls_inst/inst/s_axi_control_s_axi_U/sync_trigger[0]_INST_0_i_2/CO[3]
                         net (fo=1, unplaced)         0.000     4.047    bd_0_i/hls_inst/inst/s_axi_control_s_axi_U/sync_trigger[0]_INST_0_i_2_n_0
                         CARRY4 (Prop_carry4_CI_CO[2])
                                                      0.252     4.299 f  bd_0_i/hls_inst/inst/s_axi_control_s_axi_U/sync_trigger[0]_INST_0_i_1/CO[2]
                         net (fo=30, unplaced)        0.522     4.821    bd_0_i/hls_inst/inst/s_axi_control_s_axi_U/CO[0]
                         LUT2 (Prop_lut2_I1_O)        0.302     5.123 r  bd_0_i/hls_inst/inst/s_axi_control_s_axi_U/select_ln43_reg_206[3]_i_5/O
                         net (fo=1, unplaced)         0.000     5.123    bd_0_i/hls_inst/inst/s_axi_control_s_axi_U/select_ln43_reg_206[3]_i_5_n_0
                         CARRY4 (Prop_carry4_DI[0]_CO[3])
                                                      0.576     5.699 r  bd_0_i/hls_inst/inst/s_axi_control_s_axi_U/select_ln43_reg_206_reg[3]_i_1/CO[3]
                         net (fo=1, unplaced)         0.009     5.708    bd_0_i/hls_inst/inst/s_axi_control_s_axi_U/select_ln43_reg_206_reg[3]_i_1_n_0
                         CARRY4 (Prop_carry4_CI_O[3])
                                                      0.331     6.039 r  bd_0_i/hls_inst/inst/s_axi_control_s_axi_U/select_ln43_reg_206_reg[7]_i_1/O[3]
                         net (fo=1, unplaced)         0.000     6.039    bd_0_i/hls_inst/inst/s_axi_control_s_axi_U_n_49
                         FDRE                                         r  bd_0_i/hls_inst/inst/select_ln43_reg_206_reg[7]/D
  -------------------------------------------------------------------    -------------------

                         (clock ap_clk rise edge)    10.000    10.000 r  
                                                      0.000    10.000 r  ap_clk (IN)
                         net (fo=152, unset)          0.924    10.924    bd_0_i/hls_inst/inst/ap_clk
                         FDRE                                         r  bd_0_i/hls_inst/inst/select_ln43_reg_206_reg[7]/C
                         clock pessimism              0.000    10.924    
                         clock uncertainty           -0.035    10.889    
                         FDRE (Setup_fdre_C_D)        0.109    10.998    bd_0_i/hls_inst/inst/select_ln43_reg_206_reg[7]
  -------------------------------------------------------------------
                         required time                         10.998    
                         arrival time                          -6.039    
  -------------------------------------------------------------------
                         slack                                  4.959    

Slack (MET) :             5.034ns  (required time - arrival time)
  Source:                 bd_0_i/hls_inst/inst/s_axi_control_s_axi_U/int_max_val_reg[3]/C
                            (rising edge-triggered cell FDRE clocked by ap_clk  {rise@0.000ns fall@5.000ns period=10.000ns})
  Destination:            bd_0_i/hls_inst/inst/select_ln43_reg_206_reg[6]/D
                            (rising edge-triggered cell FDRE clocked by ap_clk  {rise@0.000ns fall@5.000ns period=10.000ns})
  Path Group:             ap_clk
  Path Type:              Setup (Max at Slow Process Corner)
  Requirement:            10.000ns  (ap_clk rise@10.000ns - ap_clk rise@0.000ns)
  Data Path Delay:        4.991ns  (logic 3.210ns (64.316%)  route 1.781ns (35.684%))
  Logic Levels:           8  (CARRY4=5 LUT2=1 LUT3=1 LUT4=1)
  Clock Path Skew:        -0.049ns (DCD - SCD + CPR)
    Destination Clock Delay (DCD):    0.924ns = ( 10.924 - 10.000 ) 
    Source Clock Delay      (SCD):    0.973ns
    Clock Pessimism Removal (CPR):    0.000ns
  Clock Uncertainty:      0.035ns  ((TSJ^2 + TIJ^2)^1/2 + DJ) / 2 + PE
    Total System Jitter     (TSJ):    0.071ns
    Total Input Jitter      (TIJ):    0.000ns
    Discrete Jitter          (DJ):    0.000ns
    Phase Error              (PE):    0.000ns

    Location             Delay type                Incr(ns)  Path(ns)    Netlist Resource(s)
  -------------------------------------------------------------------    -------------------
                         (clock ap_clk rise edge)     0.000     0.000 r  
                                                      0.000     0.000 r  ap_clk (IN)
                         net (fo=152, unset)          0.973     0.973    bd_0_i/hls_inst/inst/s_axi_control_s_axi_U/ap_clk
                         FDRE                                         r  bd_0_i/hls_inst/inst/s_axi_control_s_axi_U/int_max_val_reg[3]/C
  -------------------------------------------------------------------    -------------------
                         FDRE (Prop_fdre_C_Q)         0.518     1.491 f  bd_0_i/hls_inst/inst/s_axi_control_s_axi_U/int_max_val_reg[3]/Q
                         net (fo=4, unplaced)         0.765     2.256    bd_0_i/hls_inst/inst/s_axi_control_s_axi_U/max_val[3]
                         LUT3 (Prop_lut3_I0_O)        0.321     2.577 r  bd_0_i/hls_inst/inst/s_axi_control_s_axi_U/sync_trigger[0]_INST_0_i_21/O
                         net (fo=2, unplaced)         0.485     3.062    bd_0_i/hls_inst/inst/s_axi_control_s_axi_U/sync_trigger[0]_INST_0_i_21_n_0
                         LUT4 (Prop_lut4_I3_O)        0.355     3.417 r  bd_0_i/hls_inst/inst/s_axi_control_s_axi_U/sync_trigger[0]_INST_0_i_25/O
                         net (fo=1, unplaced)         0.000     3.417    bd_0_i/hls_inst/inst/s_axi_control_s_axi_U/sync_trigger[0]_INST_0_i_25_n_0
                         CARRY4 (Prop_carry4_S[0]_CO[3])
                                                      0.513     3.930 r  bd_0_i/hls_inst/inst/s_axi_control_s_axi_U/sync_trigger[0]_INST_0_i_8/CO[3]
                         net (fo=1, unplaced)         0.000     3.930    bd_0_i/hls_inst/inst/s_axi_control_s_axi_U/sync_trigger[0]_INST_0_i_8_n_0
                         CARRY4 (Prop_carry4_CI_CO[3])
                                                      0.117     4.047 r  bd_0_i/hls_inst/inst/s_axi_control_s_axi_U/sync_trigger[0]_INST_0_i_2/CO[3]
                         net (fo=1, unplaced)         0.000     4.047    bd_0_i/hls_inst/inst/s_axi_control_s_axi_U/sync_trigger[0]_INST_0_i_2_n_0
                         CARRY4 (Prop_carry4_CI_CO[2])
                                                      0.252     4.299 f  bd_0_i/hls_inst/inst/s_axi_control_s_axi_U/sync_trigger[0]_INST_0_i_1/CO[2]
                         net (fo=30, unplaced)        0.522     4.821    bd_0_i/hls_inst/inst/s_axi_control_s_axi_U/CO[0]
                         LUT2 (Prop_lut2_I1_O)        0.302     5.123 r  bd_0_i/hls_inst/inst/s_axi_control_s_axi_U/select_ln43_reg_206[3]_i_5/O
                         net (fo=1, unplaced)         0.000     5.123    bd_0_i/hls_inst/inst/s_axi_control_s_axi_U/select_ln43_reg_206[3]_i_5_n_0
                         CARRY4 (Prop_carry4_DI[0]_CO[3])
                                                      0.576     5.699 r  bd_0_i/hls_inst/inst/s_axi_control_s_axi_U/select_ln43_reg_206_reg[3]_i_1/CO[3]
                         net (fo=1, unplaced)         0.009     5.708    bd_0_i/hls_inst/inst/s_axi_control_s_axi_U/select_ln43_reg_206_reg[3]_i_1_n_0
                         CARRY4 (Prop_carry4_CI_O[2])
                                                      0.256     5.964 r  bd_0_i/hls_inst/inst/s_axi_control_s_axi_U/select_ln43_reg_206_reg[7]_i_1/O[2]
                         net (fo=1, unplaced)         0.000     5.964    bd_0_i/hls_inst/inst/s_axi_control_s_axi_U_n_50
                         FDRE                                         r  bd_0_i/hls_inst/inst/select_ln43_reg_206_reg[6]/D
  -------------------------------------------------------------------    -------------------

                         (clock ap_clk rise edge)    10.000    10.000 r  
                                                      0.000    10.000 r  ap_clk (IN)
                         net (fo=152, unset)          0.924    10.924    bd_0_i/hls_inst/inst/ap_clk
                         FDRE                                         r  bd_0_i/hls_inst/inst/select_ln43_reg_206_reg[6]/C
                         clock pessimism              0.000    10.924    
                         clock uncertainty           -0.035    10.889    
                         FDRE (Setup_fdre_C_D)        0.109    10.998    bd_0_i/hls_inst/inst/select_ln43_reg_206_reg[6]
  -------------------------------------------------------------------
                         required time                         10.998    
                         arrival time                          -5.964    
  -------------------------------------------------------------------
                         slack                                  5.034    

Slack (MET) :             5.058ns  (required time - arrival time)
  Source:                 bd_0_i/hls_inst/inst/s_axi_control_s_axi_U/int_max_val_reg[3]/C
                            (rising edge-triggered cell FDRE clocked by ap_clk  {rise@0.000ns fall@5.000ns period=10.000ns})
  Destination:            bd_0_i/hls_inst/inst/select_ln43_reg_206_reg[4]/D
                            (rising edge-triggered cell FDRE clocked by ap_clk  {rise@0.000ns fall@5.000ns period=10.000ns})
  Path Group:             ap_clk
  Path Type:              Setup (Max at Slow Process Corner)
  Requirement:            10.000ns  (ap_clk rise@10.000ns - ap_clk rise@0.000ns)
  Data Path Delay:        4.967ns  (logic 3.186ns (64.143%)  route 1.781ns (35.857%))
  Logic Levels:           8  (CARRY4=5 LUT2=1 LUT3=1 LUT4=1)
  Clock Path Skew:        -0.049ns (DCD - SCD + CPR)
    Destination Clock Delay (DCD):    0.924ns = ( 10.924 - 10.000 ) 
    Source Clock Delay      (SCD):    0.973ns
    Clock Pessimism Removal (CPR):    0.000ns
  Clock Uncertainty:      0.035ns  ((TSJ^2 + TIJ^2)^1/2 + DJ) / 2 + PE
    Total System Jitter     (TSJ):    0.071ns
    Total Input Jitter      (TIJ):    0.000ns
    Discrete Jitter          (DJ):    0.000ns
    Phase Error              (PE):    0.000ns

    Location             Delay type                Incr(ns)  Path(ns)    Netlist Resource(s)
  -------------------------------------------------------------------    -------------------
                         (clock ap_clk rise edge)     0.000     0.000 r  
                                                      0.000     0.000 r  ap_clk (IN)
                         net (fo=152, unset)          0.973     0.973    bd_0_i/hls_inst/inst/s_axi_control_s_axi_U/ap_clk
                         FDRE                                         r  bd_0_i/hls_inst/inst/s_axi_control_s_axi_U/int_max_val_reg[3]/C
  -------------------------------------------------------------------    -------------------
                         FDRE (Prop_fdre_C_Q)         0.518     1.491 f  bd_0_i/hls_inst/inst/s_axi_control_s_axi_U/int_max_val_reg[3]/Q
                         net (fo=4, unplaced)         0.765     2.256    bd_0_i/hls_inst/inst/s_axi_control_s_axi_U/max_val[3]
                         LUT3 (Prop_lut3_I0_O)        0.321     2.577 r  bd_0_i/hls_inst/inst/s_axi_control_s_axi_U/sync_trigger[0]_INST_0_i_21/O
                         net (fo=2, unplaced)         0.485     3.062    bd_0_i/hls_inst/inst/s_axi_control_s_axi_U/sync_trigger[0]_INST_0_i_21_n_0
                         LUT4 (Prop_lut4_I3_O)        0.355     3.417 r  bd_0_i/hls_inst/inst/s_axi_control_s_axi_U/sync_trigger[0]_INST_0_i_25/O
                         net (fo=1, unplaced)         0.000     3.417    bd_0_i/hls_inst/inst/s_axi_control_s_axi_U/sync_trigger[0]_INST_0_i_25_n_0
                         CARRY4 (Prop_carry4_S[0]_CO[3])
                                                      0.513     3.930 r  bd_0_i/hls_inst/inst/s_axi_control_s_axi_U/sync_trigger[0]_INST_0_i_8/CO[3]
                         net (fo=1, unplaced)         0.000     3.930    bd_0_i/hls_inst/inst/s_axi_control_s_axi_U/sync_trigger[0]_INST_0_i_8_n_0
                         CARRY4 (Prop_carry4_CI_CO[3])
                                                      0.117     4.047 r  bd_0_i/hls_inst/inst/s_axi_control_s_axi_U/sync_trigger[0]_INST_0_i_2/CO[3]
                         net (fo=1, unplaced)         0.000     4.047    bd_0_i/hls_inst/inst/s_axi_control_s_axi_U/sync_trigger[0]_INST_0_i_2_n_0
                         CARRY4 (Prop_carry4_CI_CO[2])
                                                      0.252     4.299 f  bd_0_i/hls_inst/inst/s_axi_control_s_axi_U/sync_trigger[0]_INST_0_i_1/CO[2]
                         net (fo=30, unplaced)        0.522     4.821    bd_0_i/hls_inst/inst/s_axi_control_s_axi_U/CO[0]
                         LUT2 (Prop_lut2_I1_O)        0.302     5.123 r  bd_0_i/hls_inst/inst/s_axi_control_s_axi_U/select_ln43_reg_206[3]_i_5/O
                         net (fo=1, unplaced)         0.000     5.123    bd_0_i/hls_inst/inst/s_axi_control_s_axi_U/select_ln43_reg_206[3]_i_5_n_0
                         CARRY4 (Prop_carry4_DI[0]_CO[3])
                                                      0.576     5.699 r  bd_0_i/hls_inst/inst/s_axi_control_s_axi_U/select_ln43_reg_206_reg[3]_i_1/CO[3]
                         net (fo=1, unplaced)         0.009     5.708    bd_0_i/hls_inst/inst/s_axi_control_s_axi_U/select_ln43_reg_206_reg[3]_i_1_n_0
                         CARRY4 (Prop_carry4_CI_O[0])
                                                      0.232     5.940 r  bd_0_i/hls_inst/inst/s_axi_control_s_axi_U/select_ln43_reg_206_reg[7]_i_1/O[0]
                         net (fo=1, unplaced)         0.000     5.940    bd_0_i/hls_inst/inst/s_axi_control_s_axi_U_n_52
                         FDRE                                         r  bd_0_i/hls_inst/inst/select_ln43_reg_206_reg[4]/D
  -------------------------------------------------------------------    -------------------

                         (clock ap_clk rise edge)    10.000    10.000 r  
                                                      0.000    10.000 r  ap_clk (IN)
                         net (fo=152, unset)          0.924    10.924    bd_0_i/hls_inst/inst/ap_clk
                         FDRE                                         r  bd_0_i/hls_inst/inst/select_ln43_reg_206_reg[4]/C
                         clock pessimism              0.000    10.924    
                         clock uncertainty           -0.035    10.889    
                         FDRE (Setup_fdre_C_D)        0.109    10.998    bd_0_i/hls_inst/inst/select_ln43_reg_206_reg[4]
  -------------------------------------------------------------------
                         required time                         10.998    
                         arrival time                          -5.940    
  -------------------------------------------------------------------
                         slack                                  5.058    




