Copyright 1986-2022 Xilinx, Inc. All Rights Reserved. Copyright 2022-2025 Advanced Micro Devices, Inc. All Rights Reserved.
---------------------------------------------------------------------------------------------------------------------------------------------
| Tool Version : Vivado v.2025.2 (win64) Build 6299465 Fri Nov 14 19:35:11 GMT 2025
| Date         : Fri Aug 28 13:39:53 2026
| Host         : BHARADWAJ running 64-bit major release  (build 9200)
| Command      : report_timing -max_paths 10 -file ./report/fmcw_ramp_gen_timing_paths_routed.rpt
| Design       : bd_0_wrapper
| Device       : 7z020-clg484
| Speed File   : -1  PRODUCTION 1.12 2019-11-22
| Design State : Routed
---------------------------------------------------------------------------------------------------------------------------------------------

Timing Report

Slack (MET) :             4.284ns  (required time - arrival time)
  Source:                 bd_0_i/hls_inst/inst/s_axi_control_s_axi_U/int_step_size_reg[1]/C
                            (rising edge-triggered cell FDRE clocked by ap_clk  {rise@0.000ns fall@5.000ns period=10.000ns})
  Destination:            bd_0_i/hls_inst/inst/select_ln43_reg_206_reg[13]/D
                            (rising edge-triggered cell FDRE clocked by ap_clk  {rise@0.000ns fall@5.000ns period=10.000ns})
  Path Group:             ap_clk
  Path Type:              Setup (Max at Slow Process Corner)
  Requirement:            10.000ns  (ap_clk rise@10.000ns - ap_clk rise@0.000ns)
  Data Path Delay:        5.741ns  (logic 3.233ns (56.315%)  route 2.508ns (43.685%))
  Logic Levels:           11  (CARRY4=8 LUT3=1 LUT4=2)
  Clock Path Skew:        -0.049ns (DCD - SCD + CPR)
    Destination Clock Delay (DCD):    0.924ns = ( 10.924 - 10.000 ) 
    Source Clock Delay      (SCD):    0.973ns
    Clock Pessimism Removal (CPR):    0.000ns
  Clock Uncertainty:      0.035ns  ((TSJ^2 + TIJ^2)^1/2 + DJ) / 2 + PE
    Total System Jitter     (TSJ):    0.071ns
    Total Input Jitter      (TIJ):    0.000ns
    Discrete Jitter          (DJ):    0.000ns
    Phase Error              (PE):    0.000ns

    Location             Delay type                Incr(ns)  Path(ns)    Netlist Resource(s)
  -------------------------------------------------------------------    -------------------
                         (clock ap_clk rise edge)     0.000     0.000 r  
                                                      0.000     0.000 r  ap_clk (IN)
                         net (fo=152, unset)          0.973     0.973    bd_0_i/hls_inst/inst/s_axi_control_s_axi_U/ap_clk
    SLICE_X30Y89         FDRE                                         r  bd_0_i/hls_inst/inst/s_axi_control_s_axi_U/int_step_size_reg[1]/C
  -------------------------------------------------------------------    -------------------
    SLICE_X30Y89         FDRE (Prop_fdre_C_Q)         0.478     1.451 r  bd_0_i/hls_inst/inst/s_axi_control_s_axi_U/int_step_size_reg[1]/Q
                         net (fo=6, routed)           1.362     2.813    bd_0_i/hls_inst/inst/s_axi_control_s_axi_U/zext_ln43_1_fu_145_p1[1]
    SLICE_X33Y88         LUT3 (Prop_lut3_I1_O)        0.323     3.136 r  bd_0_i/hls_inst/inst/s_axi_control_s_axi_U/sync_trigger[0]_INST_0_i_27/O
                         net (fo=2, routed)           0.281     3.417    bd_0_i/hls_inst/inst/s_axi_control_s_axi_U/sync_trigger[0]_INST_0_i_27_n_0
    SLICE_X33Y88         LUT4 (Prop_lut4_I3_O)        0.332     3.749 r  bd_0_i/hls_inst/inst/s_axi_control_s_axi_U/sync_trigger[0]_INST_0_i_30/O
                         net (fo=1, routed)           0.000     3.749    bd_0_i/hls_inst/inst/s_axi_control_s_axi_U/sync_trigger[0]_INST_0_i_30_n_0
    SLICE_X33Y88         CARRY4 (Prop_carry4_S[2]_CO[3])
                                                      0.398     4.147 r  bd_0_i/hls_inst/inst/s_axi_control_s_axi_U/sync_trigger[0]_INST_0_i_17/CO[3]
                         net (fo=1, routed)           0.000     4.147    bd_0_i/hls_inst/inst/s_axi_control_s_axi_U/sync_trigger[0]_INST_0_i_17_n_0
    SLICE_X33Y89         CARRY4 (Prop_carry4_CI_CO[3])
                                                      0.114     4.261 r  bd_0_i/hls_inst/inst/s_axi_control_s_axi_U/sync_trigger[0]_INST_0_i_8/CO[3]
                         net (fo=1, routed)           0.000     4.261    bd_0_i/hls_inst/inst/s_axi_control_s_axi_U/sync_trigger[0]_INST_0_i_8_n_0
    SLICE_X33Y90         CARRY4 (Prop_carry4_CI_CO[3])
                                                      0.114     4.375 r  bd_0_i/hls_inst/inst/s_axi_control_s_axi_U/sync_trigger[0]_INST_0_i_2/CO[3]
                         net (fo=1, routed)           0.000     4.375    bd_0_i/hls_inst/inst/s_axi_control_s_axi_U/sync_trigger[0]_INST_0_i_2_n_0
    SLICE_X33Y91         CARRY4 (Prop_carry4_CI_CO[2])
                                                      0.228     4.603 r  bd_0_i/hls_inst/inst/s_axi_control_s_axi_U/sync_trigger[0]_INST_0_i_1/CO[2]
                         net (fo=30, routed)          0.865     5.468    bd_0_i/hls_inst/inst/s_axi_control_s_axi_U/CO[0]
    SLICE_X32Y86         LUT4 (Prop_lut4_I2_O)        0.313     5.781 r  bd_0_i/hls_inst/inst/s_axi_control_s_axi_U/select_ln43_reg_206[3]_i_6/O
                         net (fo=1, routed)           0.000     5.781    bd_0_i/hls_inst/inst/s_axi_control_s_axi_U/select_ln43_reg_206[3]_i_6_n_0
    SLICE_X32Y86         CARRY4 (Prop_carry4_S[3]_CO[3])
                                                      0.376     6.157 r  bd_0_i/hls_inst/inst/s_axi_control_s_axi_U/select_ln43_reg_206_reg[3]_i_1/CO[3]
                         net (fo=1, routed)           0.000     6.157    bd_0_i/hls_inst/inst/s_axi_control_s_axi_U/select_ln43_reg_206_reg[3]_i_1_n_0
    SLICE_X32Y87         CARRY4 (Prop_carry4_CI_CO[3])
                                                      0.117     6.274 r  bd_0_i/hls_inst/inst/s_axi_control_s_axi_U/select_ln43_reg_206_reg[7]_i_1/CO[3]
                         net (fo=1, routed)           0.000     6.274    bd_0_i/hls_inst/inst/s_axi_control_s_axi_U/select_ln43_reg_206_reg[7]_i_1_n_0
    SLICE_X32Y88         CARRY4 (Prop_carry4_CI_CO[3])
                                                      0.117     6.391 r  bd_0_i/hls_inst/inst/s_axi_control_s_axi_U/select_ln43_reg_206_reg[11]_i_1/CO[3]
                         net (fo=1, routed)           0.000     6.391    bd_0_i/hls_inst/inst/s_axi_control_s_axi_U/select_ln43_reg_206_reg[11]_i_1_n_0
    SLICE_X32Y89         CARRY4 (Prop_carry4_CI_O[1])
                                                      0.323     6.714 r  bd_0_i/hls_inst/inst/s_axi_control_s_axi_U/select_ln43_reg_206_reg[13]_i_1/O[1]
                         net (fo=1, routed)           0.000     6.714    bd_0_i/hls_inst/inst/s_axi_control_s_axi_U_n_43
    SLICE_X32Y89         FDRE                                         r  bd_0_i/hls_inst/inst/select_ln43_reg_206_reg[13]/D
  -------------------------------------------------------------------    -------------------

                         (clock ap_clk rise edge)    10.000    10.000 r  
                                                      0.000    10.000 r  ap_clk (IN)
                         net (fo=152, unset)          0.924    10.924    bd_0_i/hls_inst/inst/ap_clk
    SLICE_X32Y89         FDRE                                         r  bd_0_i/hls_inst/inst/select_ln43_reg_206_reg[13]/C
                         clock pessimism              0.000    10.924    
                         clock uncertainty           -0.035    10.889    
    SLICE_X32Y89         FDRE (Setup_fdre_C_D)        0.109    10.998    bd_0_i/hls_inst/inst/select_ln43_reg_206_reg[13]
  -------------------------------------------------------------------
                         required time                         10.998    
                         arrival time                          -6.714    
  -------------------------------------------------------------------
                         slack                                  4.284    

Slack (MET) :             4.388ns  (required time - arrival time)
  Source:                 bd_0_i/hls_inst/inst/s_axi_control_s_axi_U/int_step_size_reg[1]/C
                            (rising edge-triggered cell FDRE clocked by ap_clk  {rise@0.000ns fall@5.000ns period=10.000ns})
  Destination:            bd_0_i/hls_inst/inst/select_ln43_reg_206_reg[12]/D
                            (rising edge-triggered cell FDRE clocked by ap_clk  {rise@0.000ns fall@5.000ns period=10.000ns})
  Path Group:             ap_clk
  Path Type:              Setup (Max at Slow Process Corner)
  Requirement:            10.000ns  (ap_clk rise@10.000ns - ap_clk rise@0.000ns)
  Data Path Delay:        5.637ns  (logic 3.129ns (55.509%)  route 2.508ns (44.491%))
  Logic Levels:           11  (CARRY4=8 LUT3=1 LUT4=2)
  Clock Path Skew:        -0.049ns (DCD - SCD + CPR)
    Destination Clock Delay (DCD):    0.924ns = ( 10.924 - 10.000 ) 
    Source Clock Delay      (SCD):    0.973ns
    Clock Pessimism Removal (CPR):    0.000ns
  Clock Uncertainty:      0.035ns  ((TSJ^2 + TIJ^2)^1/2 + DJ) / 2 + PE
    Total System Jitter     (TSJ):    0.071ns
    Total Input Jitter      (TIJ):    0.000ns
    Discrete Jitter          (DJ):    0.000ns
    Phase Error              (PE):    0.000ns

    Location             Delay type                Incr(ns)  Path(ns)    Netlist Resource(s)
  -------------------------------------------------------------------    -------------------
                         (clock ap_clk rise edge)     0.000     0.000 r  
                                                      0.000     0.000 r  ap_clk (IN)
                         net (fo=152, unset)          0.973     0.973    bd_0_i/hls_inst/inst/s_axi_control_s_axi_U/ap_clk
    SLICE_X30Y89         FDRE                                         r  bd_0_i/hls_inst/inst/s_axi_control_s_axi_U/int_step_size_reg[1]/C
  -------------------------------------------------------------------    -------------------
    SLICE_X30Y89         FDRE (Prop_fdre_C_Q)         0.478     1.451 r  bd_0_i/hls_inst/inst/s_axi_control_s_axi_U/int_step_size_reg[1]/Q
                         net (fo=6, routed)           1.362     2.813    bd_0_i/hls_inst/inst/s_axi_control_s_axi_U/zext_ln43_1_fu_145_p1[1]
    SLICE_X33Y88         LUT3 (Prop_lut3_I1_O)        0.323     3.136 r  bd_0_i/hls_inst/inst/s_axi_control_s_axi_U/sync_trigger[0]_INST_0_i_27/O
                         net (fo=2, routed)           0.281     3.417    bd_0_i/hls_inst/inst/s_axi_control_s_axi_U/sync_trigger[0]_INST_0_i_27_n_0
    SLICE_X33Y88         LUT4 (Prop_lut4_I3_O)        0.332     3.749 r  bd_0_i/hls_inst/inst/s_axi_control_s_axi_U/sync_trigger[0]_INST_0_i_30/O
                         net (fo=1, routed)           0.000     3.749    bd_0_i/hls_inst/inst/s_axi_control_s_axi_U/sync_trigger[0]_INST_0_i_30_n_0
    SLICE_X33Y88         CARRY4 (Prop_carry4_S[2]_CO[3])
                                                      0.398     4.147 r  bd_0_i/hls_inst/inst/s_axi_control_s_axi_U/sync_trigger[0]_INST_0_i_17/CO[3]
                         net (fo=1, routed)           0.000     4.147    bd_0_i/hls_inst/inst/s_axi_control_s_axi_U/sync_trigger[0]_INST_0_i_17_n_0
    SLICE_X33Y89         CARRY4 (Prop_carry4_CI_CO[3])
                                                      0.114     4.261 r  bd_0_i/hls_inst/inst/s_axi_control_s_axi_U/sync_trigger[0]_INST_0_i_8/CO[3]
                         net (fo=1, routed)           0.000     4.261    bd_0_i/hls_inst/inst/s_axi_control_s_axi_U/sync_trigger[0]_INST_0_i_8_n_0
    SLICE_X33Y90         CARRY4 (Prop_carry4_CI_CO[3])
                                                      0.114     4.375 r  bd_0_i/hls_inst/inst/s_axi_control_s_axi_U/sync_trigger[0]_INST_0_i_2/CO[3]
                         net (fo=1, routed)           0.000     4.375    bd_0_i/hls_inst/inst/s_axi_control_s_axi_U/sync_trigger[0]_INST_0_i_2_n_0
    SLICE_X33Y91         CARRY4 (Prop_carry4_CI_CO[2])
                                                      0.228     4.603 r  bd_0_i/hls_inst/inst/s_axi_control_s_axi_U/sync_trigger[0]_INST_0_i_1/CO[2]
                         net (fo=30, routed)          0.865     5.468    bd_0_i/hls_inst/inst/s_axi_control_s_axi_U/CO[0]
    SLICE_X32Y86         LUT4 (Prop_lut4_I2_O)        0.313     5.781 r  bd_0_i/hls_inst/inst/s_axi_control_s_axi_U/select_ln43_reg_206[3]_i_6/O
                         net (fo=1, routed)           0.000     5.781    bd_0_i/hls_inst/inst/s_axi_control_s_axi_U/select_ln43_reg_206[3]_i_6_n_0
    SLICE_X32Y86         CARRY4 (Prop_carry4_S[3]_CO[3])
                                                      0.376     6.157 r  bd_0_i/hls_inst/inst/s_axi_control_s_axi_U/select_ln43_reg_206_reg[3]_i_1/CO[3]
                         net (fo=1, routed)           0.000     6.157    bd_0_i/hls_inst/inst/s_axi_control_s_axi_U/select_ln43_reg_206_reg[3]_i_1_n_0
    SLICE_X32Y87         CARRY4 (Prop_carry4_CI_CO[3])
                                                      0.117     6.274 r  bd_0_i/hls_inst/inst/s_axi_control_s_axi_U/select_ln43_reg_206_reg[7]_i_1/CO[3]
                         net (fo=1, routed)           0.000     6.274    bd_0_i/hls_inst/inst/s_axi_control_s_axi_U/select_ln43_reg_206_reg[7]_i_1_n_0
    SLICE_X32Y88         CARRY4 (Prop_carry4_CI_CO[3])
                                                      0.117     6.391 r  bd_0_i/hls_inst/inst/s_axi_control_s_axi_U/select_ln43_reg_206_reg[11]_i_1/CO[3]
                         net (fo=1, routed)           0.000     6.391    bd_0_i/hls_inst/inst/s_axi_control_s_axi_U/select_ln43_reg_206_reg[11]_i_1_n_0
    SLICE_X32Y89         CARRY4 (Prop_carry4_CI_O[0])
                                                      0.219     6.610 r  bd_0_i/hls_inst/inst/s_axi_control_s_axi_U/select_ln43_reg_206_reg[13]_i_1/O[0]
                         net (fo=1, routed)           0.000     6.610    bd_0_i/hls_inst/inst/s_axi_control_s_axi_U_n_44
    SLICE_X32Y89         FDRE                                         r  bd_0_i/hls_inst/inst/select_ln43_reg_206_reg[12]/D
  -------------------------------------------------------------------    -------------------

                         (clock ap_clk rise edge)    10.000    10.000 r  
                                                      0.000    10.000 r  ap_clk (IN)
                         net (fo=152, unset)          0.924    10.924    bd_0_i/hls_inst/inst/ap_clk
    SLICE_X32Y89         FDRE                                         r  bd_0_i/hls_inst/inst/select_ln43_reg_206_reg[12]/C
                         clock pessimism              0.000    10.924    
                         clock uncertainty           -0.035    10.889    
    SLICE_X32Y89         FDRE (Setup_fdre_C_D)        0.109    10.998    bd_0_i/hls_inst/inst/select_ln43_reg_206_reg[12]
  -------------------------------------------------------------------
                         required time                         10.998    
                         arrival time                          -6.610    
  -------------------------------------------------------------------
                         slack                                  4.388    

Slack (MET) :             4.401ns  (required time - arrival time)
  Source:                 bd_0_i/hls_inst/inst/s_axi_control_s_axi_U/int_step_size_reg[1]/C
                            (rising edge-triggered cell FDRE clocked by ap_clk  {rise@0.000ns fall@5.000ns period=10.000ns})
  Destination:            bd_0_i/hls_inst/inst/select_ln43_reg_206_reg[9]/D
                            (rising edge-triggered cell FDRE clocked by ap_clk  {rise@0.000ns fall@5.000ns period=10.000ns})
  Path Group:             ap_clk
  Path Type:              Setup (Max at Slow Process Corner)
  Requirement:            10.000ns  (ap_clk rise@10.000ns - ap_clk rise@0.000ns)
  Data Path Delay:        5.624ns  (logic 3.116ns (55.406%)  route 2.508ns (44.594%))
  Logic Levels:           10  (CARRY4=7 LUT3=1 LUT4=2)
  Clock Path Skew:        -0.049ns (DCD - SCD + CPR)
    Destination Clock Delay (DCD):    0.924ns = ( 10.924 - 10.000 ) 
    Source Clock Delay      (SCD):    0.973ns
    Clock Pessimism Removal (CPR):    0.000ns
  Clock Uncertainty:      0.035ns  ((TSJ^2 + TIJ^2)^1/2 + DJ) / 2 + PE
    Total System Jitter     (TSJ):    0.071ns
    Total Input Jitter      (TIJ):    0.000ns
    Discrete Jitter          (DJ):    0.000ns
    Phase Error              (PE):    0.000ns

    Location             Delay type                Incr(ns)  Path(ns)    Netlist Resource(s)
  -------------------------------------------------------------------    -------------------
                         (clock ap_clk rise edge)     0.000     0.000 r  
                                                      0.000     0.000 r  ap_clk (IN)
                         net (fo=152, unset)          0.973     0.973    bd_0_i/hls_inst/inst/s_axi_control_s_axi_U/ap_clk
    SLICE_X30Y89         FDRE                                         r  bd_0_i/hls_inst/inst/s_axi_control_s_axi_U/int_step_size_reg[1]/C
  -------------------------------------------------------------------    -------------------
    SLICE_X30Y89         FDRE (Prop_fdre_C_Q)         0.478     1.451 r  bd_0_i/hls_inst/inst/s_axi_control_s_axi_U/int_step_size_reg[1]/Q
                         net (fo=6, routed)           1.362     2.813    bd_0_i/hls_inst/inst/s_axi_control_s_axi_U/zext_ln43_1_fu_145_p1[1]
    SLICE_X33Y88         LUT3 (Prop_lut3_I1_O)        0.323     3.136 r  bd_0_i/hls_inst/inst/s_axi_control_s_axi_U/sync_trigger[0]_INST_0_i_27/O
                         net (fo=2, routed)           0.281     3.417    bd_0_i/hls_inst/inst/s_axi_control_s_axi_U/sync_trigger[0]_INST_0_i_27_n_0
    SLICE_X33Y88         LUT4 (Prop_lut4_I3_O)        0.332     3.749 r  bd_0_i/hls_inst/inst/s_axi_control_s_axi_U/sync_trigger[0]_INST_0_i_30/O
                         net (fo=1, routed)           0.000     3.749    bd_0_i/hls_inst/inst/s_axi_control_s_axi_U/sync_trigger[0]_INST_0_i_30_n_0
    SLICE_X33Y88         CARRY4 (Prop_carry4_S[2]_CO[3])
                                                      0.398     4.147 r  bd_0_i/hls_inst/inst/s_axi_control_s_axi_U/sync_trigger[0]_INST_0_i_17/CO[3]
                         net (fo=1, routed)           0.000     4.147    bd_0_i/hls_inst/inst/s_axi_control_s_axi_U/sync_trigger[0]_INST_0_i_17_n_0
    SLICE_X33Y89         CARRY4 (Prop_carry4_CI_CO[3])
                                                      0.114     4.261 r  bd_0_i/hls_inst/inst/s_axi_control_s_axi_U/sync_trigger[0]_INST_0_i_8/CO[3]
                         net (fo=1, routed)           0.000     4.261    bd_0_i/hls_inst/inst/s_axi_control_s_axi_U/sync_trigger[0]_INST_0_i_8_n_0
    SLICE_X33Y90         CARRY4 (Prop_carry4_CI_CO[3])
                                                      0.114     4.375 r  bd_0_i/hls_inst/inst/s_axi_control_s_axi_U/sync_trigger[0]_INST_0_i_2/CO[3]
                         net (fo=1, routed)           0.000     4.375    bd_0_i/hls_inst/inst/s_axi_control_s_axi_U/sync_trigger[0]_INST_0_i_2_n_0
    SLICE_X33Y91         CARRY4 (Prop_carry4_CI_CO[2])
                                                      0.228     4.603 r  bd_0_i/hls_inst/inst/s_axi_control_s_axi_U/sync_trigger[0]_INST_0_i_1/CO[2]
                         net (fo=30, routed)          0.865     5.468    bd_0_i/hls_inst/inst/s_axi_control_s_axi_U/CO[0]
    SLICE_X32Y86         LUT4 (Prop_lut4_I2_O)        0.313     5.781 r  bd_0_i/hls_inst/inst/s_axi_control_s_axi_U/select_ln43_reg_206[3]_i_6/O
                         net (fo=1, routed)           0.000     5.781    bd_0_i/hls_inst/inst/s_axi_control_s_axi_U/select_ln43_reg_206[3]_i_6_n_0
    SLICE_X32Y86         CARRY4 (Prop_carry4_S[3]_CO[3])
                                                      0.376     6.157 r  bd_0_i/hls_inst/inst/s_axi_control_s_axi_U/select_ln43_reg_206_reg[3]_i_1/CO[3]
                         net (fo=1, routed)           0.000     6.157    bd_0_i/hls_inst/inst/s_axi_control_s_axi_U/select_ln43_reg_206_reg[3]_i_1_n_0
    SLICE_X32Y87         CARRY4 (Prop_carry4_CI_CO[3])
                                                      0.117     6.274 r  bd_0_i/hls_inst/inst/s_axi_control_s_axi_U/select_ln43_reg_206_reg[7]_i_1/CO[3]
                         net (fo=1, routed)           0.000     6.274    bd_0_i/hls_inst/inst/s_axi_control_s_axi_U/select_ln43_reg_206_reg[7]_i_1_n_0
    SLICE_X32Y88         CARRY4 (Prop_carry4_CI_O[1])
                                                      0.323     6.597 r  bd_0_i/hls_inst/inst/s_axi_control_s_axi_U/select_ln43_reg_206_reg[11]_i_1/O[1]
                         net (fo=1, routed)           0.000     6.597    bd_0_i/hls_inst/inst/s_axi_control_s_axi_U_n_47
    SLICE_X32Y88         FDRE                                         r  bd_0_i/hls_inst/inst/select_ln43_reg_206_reg[9]/D
  -------------------------------------------------------------------    -------------------

                         (clock ap_clk rise edge)    10.000    10.000 r  
                                                      0.000    10.000 r  ap_clk (IN)
                         net (fo=152, unset)          0.924    10.924    bd_0_i/hls_inst/inst/ap_clk
    SLICE_X32Y88         FDRE                                         r  bd_0_i/hls_inst/inst/select_ln43_reg_206_reg[9]/C
                         clock pessimism              0.000    10.924    
                         clock uncertainty           -0.035    10.889    
    SLICE_X32Y88         FDRE (Setup_fdre_C_D)        0.109    10.998    bd_0_i/hls_inst/inst/select_ln43_reg_206_reg[9]
  -------------------------------------------------------------------
                         required time                         10.998    
                         arrival time                          -6.597    
  -------------------------------------------------------------------
                         slack                                  4.401    

Slack (MET) :             4.409ns  (required time - arrival time)
  Source:                 bd_0_i/hls_inst/inst/s_axi_control_s_axi_U/int_step_size_reg[1]/C
                            (rising edge-triggered cell FDRE clocked by ap_clk  {rise@0.000ns fall@5.000ns period=10.000ns})
  Destination:            bd_0_i/hls_inst/inst/select_ln43_reg_206_reg[11]/D
                            (rising edge-triggered cell FDRE clocked by ap_clk  {rise@0.000ns fall@5.000ns period=10.000ns})
  Path Group:             ap_clk
  Path Type:              Setup (Max at Slow Process Corner)
  Requirement:            10.000ns  (ap_clk rise@10.000ns - ap_clk rise@0.000ns)
  Data Path Delay:        5.616ns  (logic 3.108ns (55.343%)  route 2.508ns (44.657%))
  Logic Levels:           10  (CARRY4=7 LUT3=1 LUT4=2)
  Clock Path Skew:        -0.049ns (DCD - SCD + CPR)
    Destination Clock Delay (DCD):    0.924ns = ( 10.924 - 10.000 ) 
    Source Clock Delay      (SCD):    0.973ns
    Clock Pessimism Removal (CPR):    0.000ns
  Clock Uncertainty:      0.035ns  ((TSJ^2 + TIJ^2)^1/2 + DJ) / 2 + PE
    Total System Jitter     (TSJ):    0.071ns
    Total Input Jitter      (TIJ):    0.000ns
    Discrete Jitter          (DJ):    0.000ns
    Phase Error              (PE):    0.000ns

    Location             Delay type                Incr(ns)  Path(ns)    Netlist Resource(s)
  -------------------------------------------------------------------    -------------------
                         (clock ap_clk rise edge)     0.000     0.000 r  
                                                      0.000     0.000 r  ap_clk (IN)
                         net (fo=152, unset)          0.973     0.973    bd_0_i/hls_inst/inst/s_axi_control_s_axi_U/ap_clk
    SLICE_X30Y89         FDRE                                         r  bd_0_i/hls_inst/inst/s_axi_control_s_axi_U/int_step_size_reg[1]/C
  -------------------------------------------------------------------    -------------------
    SLICE_X30Y89         FDRE (Prop_fdre_C_Q)         0.478     1.451 r  bd_0_i/hls_inst/inst/s_axi_control_s_axi_U/int_step_size_reg[1]/Q
                         net (fo=6, routed)           1.362     2.813    bd_0_i/hls_inst/inst/s_axi_control_s_axi_U/zext_ln43_1_fu_145_p1[1]
    SLICE_X33Y88         LUT3 (Prop_lut3_I1_O)        0.323     3.136 r  bd_0_i/hls_inst/inst/s_axi_control_s_axi_U/sync_trigger[0]_INST_0_i_27/O
                         net (fo=2, routed)           0.281     3.417    bd_0_i/hls_inst/inst/s_axi_control_s_axi_U/sync_trigger[0]_INST_0_i_27_n_0
    SLICE_X33Y88         LUT4 (Prop_lut4_I3_O)        0.332     3.749 r  bd_0_i/hls_inst/inst/s_axi_control_s_axi_U/sync_trigger[0]_INST_0_i_30/O
                         net (fo=1, routed)           0.000     3.749    bd_0_i/hls_inst/inst/s_axi_control_s_axi_U/sync_trigger[0]_INST_0_i_30_n_0
    SLICE_X33Y88         CARRY4 (Prop_carry4_S[2]_CO[3])
                                                      0.398     4.147 r  bd_0_i/hls_inst/inst/s_axi_control_s_axi_U/sync_trigger[0]_INST_0_i_17/CO[3]
                         net (fo=1, routed)           0.000     4.147    bd_0_i/hls_inst/inst/s_axi_control_s_axi_U/sync_trigger[0]_INST_0_i_17_n_0
    SLICE_X33Y89         CARRY4 (Prop_carry4_CI_CO[3])
                                                      0.114     4.261 r  bd_0_i/hls_inst/inst/s_axi_control_s_axi_U/sync_trigger[0]_INST_0_i_8/CO[3]
                         net (fo=1, routed)           0.000     4.261    bd_0_i/hls_inst/inst/s_axi_control_s_axi_U/sync_trigger[0]_INST_0_i_8_n_0
    SLICE_X33Y90         CARRY4 (Prop_carry4_CI_CO[3])
                                                      0.114     4.375 r  bd_0_i/hls_inst/inst/s_axi_control_s_axi_U/sync_trigger[0]_INST_0_i_2/CO[3]
                         net (fo=1, routed)           0.000     4.375    bd_0_i/hls_inst/inst/s_axi_control_s_axi_U/sync_trigger[0]_INST_0_i_2_n_0
    SLICE_X33Y91         CARRY4 (Prop_carry4_CI_CO[2])
                                                      0.228     4.603 r  bd_0_i/hls_inst/inst/s_axi_control_s_axi_U/sync_trigger[0]_INST_0_i_1/CO[2]
                         net (fo=30, routed)          0.865     5.468    bd_0_i/hls_inst/inst/s_axi_control_s_axi_U/CO[0]
    SLICE_X32Y86         LUT4 (Prop_lut4_I2_O)        0.313     5.781 r  bd_0_i/hls_inst/inst/s_axi_control_s_axi_U/select_ln43_reg_206[3]_i_6/O
                         net (fo=1, routed)           0.000     5.781    bd_0_i/hls_inst/inst/s_axi_control_s_axi_U/select_ln43_reg_206[3]_i_6_n_0
    SLICE_X32Y86         CARRY4 (Prop_carry4_S[3]_CO[3])
                                                      0.376     6.157 r  bd_0_i/hls_inst/inst/s_axi_control_s_axi_U/select_ln43_reg_206_reg[3]_i_1/CO[3]
                         net (fo=1, routed)           0.000     6.157    bd_0_i/hls_inst/inst/s_axi_control_s_axi_U/select_ln43_reg_206_reg[3]_i_1_n_0
    SLICE_X32Y87         CARRY4 (Prop_carry4_CI_CO[3])
                                                      0.117     6.274 r  bd_0_i/hls_inst/inst/s_axi_control_s_axi_U/select_ln43_reg_206_reg[7]_i_1/CO[3]
                         net (fo=1, routed)           0.000     6.274    bd_0_i/hls_inst/inst/s_axi_control_s_axi_U/select_ln43_reg_206_reg[7]_i_1_n_0
    SLICE_X32Y88         CARRY4 (Prop_carry4_CI_O[3])
                                                      0.315     6.589 r  bd_0_i/hls_inst/inst/s_axi_control_s_axi_U/select_ln43_reg_206_reg[11]_i_1/O[3]
                         net (fo=1, routed)           0.000     6.589    bd_0_i/hls_inst/inst/s_axi_control_s_axi_U_n_45
    SLICE_X32Y88         FDRE                                         r  bd_0_i/hls_inst/inst/select_ln43_reg_206_reg[11]/D
  -------------------------------------------------------------------    -------------------

                         (clock ap_clk rise edge)    10.000    10.000 r  
                                                      0.000    10.000 r  ap_clk (IN)
                         net (fo=152, unset)          0.924    10.924    bd_0_i/hls_inst/inst/ap_clk
    SLICE_X32Y88         FDRE                                         r  bd_0_i/hls_inst/inst/select_ln43_reg_206_reg[11]/C
                         clock pessimism              0.000    10.924    
                         clock uncertainty           -0.035    10.889    
    SLICE_X32Y88         FDRE (Setup_fdre_C_D)        0.109    10.998    bd_0_i/hls_inst/inst/select_ln43_reg_206_reg[11]
  -------------------------------------------------------------------
                         required time                         10.998    
                         arrival time                          -6.589    
  -------------------------------------------------------------------
                         slack                                  4.409    

Slack (MET) :             4.485ns  (required time - arrival time)
  Source:                 bd_0_i/hls_inst/inst/s_axi_control_s_axi_U/int_step_size_reg[1]/C
                            (rising edge-triggered cell FDRE clocked by ap_clk  {rise@0.000ns fall@5.000ns period=10.000ns})
  Destination:            bd_0_i/hls_inst/inst/select_ln43_reg_206_reg[10]/D
                            (rising edge-triggered cell FDRE clocked by ap_clk  {rise@0.000ns fall@5.000ns period=10.000ns})
  Path Group:             ap_clk
  Path Type:              Setup (Max at Slow Process Corner)
  Requirement:            10.000ns  (ap_clk rise@10.000ns - ap_clk rise@0.000ns)
  Data Path Delay:        5.540ns  (logic 3.032ns (54.730%)  route 2.508ns (45.270%))
  Logic Levels:           10  (CARRY4=7 LUT3=1 LUT4=2)
  Clock Path Skew:        -0.049ns (DCD - SCD + CPR)
    Destination Clock Delay (DCD):    0.924ns = ( 10.924 - 10.000 ) 
    Source Clock Delay      (SCD):    0.973ns
    Clock Pessimism Removal (CPR):    0.000ns
  Clock Uncertainty:      0.035ns  ((TSJ^2 + TIJ^2)^1/2 + DJ) / 2 + PE
    Total System Jitter     (TSJ):    0.071ns
    Total Input Jitter      (TIJ):    0.000ns
    Discrete Jitter          (DJ):    0.000ns
    Phase Error              (PE):    0.000ns

    Location             Delay type                Incr(ns)  Path(ns)    Netlist Resource(s)
  -------------------------------------------------------------------    -------------------
                         (clock ap_clk rise edge)     0.000     0.000 r  
                                                      0.000     0.000 r  ap_clk (IN)
                         net (fo=152, unset)          0.973     0.973    bd_0_i/hls_inst/inst/s_axi_control_s_axi_U/ap_clk
    SLICE_X30Y89         FDRE                                         r  bd_0_i/hls_inst/inst/s_axi_control_s_axi_U/int_step_size_reg[1]/C
  -------------------------------------------------------------------    -------------------
    SLICE_X30Y89         FDRE (Prop_fdre_C_Q)         0.478     1.451 r  bd_0_i/hls_inst/inst/s_axi_control_s_axi_U/int_step_size_reg[1]/Q
                         net (fo=6, routed)           1.362     2.813    bd_0_i/hls_inst/inst/s_axi_control_s_axi_U/zext_ln43_1_fu_145_p1[1]
    SLICE_X33Y88         LUT3 (Prop_lut3_I1_O)        0.323     3.136 r  bd_0_i/hls_inst/inst/s_axi_control_s_axi_U/sync_trigger[0]_INST_0_i_27/O
                         net (fo=2, routed)           0.281     3.417    bd_0_i/hls_inst/inst/s_axi_control_s_axi_U/sync_trigger[0]_INST_0_i_27_n_0
    SLICE_X33Y88         LUT4 (Prop_lut4_I3_O)        0.332     3.749 r  bd_0_i/hls_inst/inst/s_axi_control_s_axi_U/sync_trigger[0]_INST_0_i_30/O
                         net (fo=1, routed)           0.000     3.749    bd_0_i/hls_inst/inst/s_axi_control_s_axi_U/sync_trigger[0]_INST_0_i_30_n_0
    SLICE_X33Y88         CARRY4 (Prop_carry4_S[2]_CO[3])
                                                      0.398     4.147 r  bd_0_i/hls_inst/inst/s_axi_control_s_axi_U/sync_trigger[0]_INST_0_i_17/CO[3]
                         net (fo=1, routed)           0.000     4.147    bd_0_i/hls_inst/inst/s_axi_control_s_axi_U/sync_trigger[0]_INST_0_i_17_n_0
    SLICE_X33Y89         CARRY4 (Prop_carry4_CI_CO[3])
                                                      0.114     4.261 r  bd_0_i/hls_inst/inst/s_axi_control_s_axi_U/sync_trigger[0]_INST_0_i_8/CO[3]
                         net (fo=1, routed)           0.000     4.261    bd_0_i/hls_inst/inst/s_axi_control_s_axi_U/sync_trigger[0]_INST_0_i_8_n_0
    SLICE_X33Y90         CARRY4 (Prop_carry4_CI_CO[3])
                                                      0.114     4.375 r  bd_0_i/hls_inst/inst/s_axi_control_s_axi_U/sync_trigger[0]_INST_0_i_2/CO[3]
                         net (fo=1, routed)           0.000     4.375    bd_0_i/hls_inst/inst/s_axi_control_s_axi_U/sync_trigger[0]_INST_0_i_2_n_0
    SLICE_X33Y91         CARRY4 (Prop_carry4_CI_CO[2])
                                                      0.228     4.603 r  bd_0_i/hls_inst/inst/s_axi_control_s_axi_U/sync_trigger[0]_INST_0_i_1/CO[2]
                         net (fo=30, routed)          0.865     5.468    bd_0_i/hls_inst/inst/s_axi_control_s_axi_U/CO[0]
    SLICE_X32Y86         LUT4 (Prop_lut4_I2_O)        0.313     5.781 r  bd_0_i/hls_inst/inst/s_axi_control_s_axi_U/select_ln43_reg_206[3]_i_6/O
                         net (fo=1, routed)           0.000     5.781    bd_0_i/hls_inst/inst/s_axi_control_s_axi_U/select_ln43_reg_206[3]_i_6_n_0
    SLICE_X32Y86         CARRY4 (Prop_carry4_S[3]_CO[3])
                                                      0.376     6.157 r  bd_0_i/hls_inst/inst/s_axi_control_s_axi_U/select_ln43_reg_206_reg[3]_i_1/CO[3]
                         net (fo=1, routed)           0.000     6.157    bd_0_i/hls_inst/inst/s_axi_control_s_axi_U/select_ln43_reg_206_reg[3]_i_1_n_0
    SLICE_X32Y87         CARRY4 (Prop_carry4_CI_CO[3])
                                                      0.117     6.274 r  bd_0_i/hls_inst/inst/s_axi_control_s_axi_U/select_ln43_reg_206_reg[7]_i_1/CO[3]
                         net (fo=1, routed)           0.000     6.274    bd_0_i/hls_inst/inst/s_axi_control_s_axi_U/select_ln43_reg_206_reg[7]_i_1_n_0
    SLICE_X32Y88         CARRY4 (Prop_carry4_CI_O[2])
                                                      0.239     6.513 r  bd_0_i/hls_inst/inst/s_axi_control_s_axi_U/select_ln43_reg_206_reg[11]_i_1/O[2]
                         net (fo=1, routed)           0.000     6.513    bd_0_i/hls_inst/inst/s_axi_control_s_axi_U_n_46
    SLICE_X32Y88         FDRE                                         r  bd_0_i/hls_inst/inst/select_ln43_reg_206_reg[10]/D
  -------------------------------------------------------------------    -------------------

                         (clock ap_clk rise edge)    10.000    10.000 r  
                                                      0.000    10.000 r  ap_clk (IN)
                         net (fo=152, unset)          0.924    10.924    bd_0_i/hls_inst/inst/ap_clk
    SLICE_X32Y88         FDRE                                         r  bd_0_i/hls_inst/inst/select_ln43_reg_206_reg[10]/C
                         clock pessimism              0.000    10.924    
                         clock uncertainty           -0.035    10.889    
    SLICE_X32Y88         FDRE (Setup_fdre_C_D)        0.109    10.998    bd_0_i/hls_inst/inst/select_ln43_reg_206_reg[10]
  -------------------------------------------------------------------
                         required time                         10.998    
                         arrival time                          -6.513    
  -------------------------------------------------------------------
                         slack                                  4.485    

Slack (MET) :             4.505ns  (required time - arrival time)
  Source:                 bd_0_i/hls_inst/inst/s_axi_control_s_axi_U/int_step_size_reg[1]/C
                            (rising edge-triggered cell FDRE clocked by ap_clk  {rise@0.000ns fall@5.000ns period=10.000ns})
  Destination:            bd_0_i/hls_inst/inst/select_ln43_reg_206_reg[8]/D
                            (rising edge-triggered cell FDRE clocked by ap_clk  {rise@0.000ns fall@5.000ns period=10.000ns})
  Path Group:             ap_clk
  Path Type:              Setup (Max at Slow Process Corner)
  Requirement:            10.000ns  (ap_clk rise@10.000ns - ap_clk rise@0.000ns)
  Data Path Delay:        5.520ns  (logic 3.012ns (54.566%)  route 2.508ns (45.434%))
  Logic Levels:           10  (CARRY4=7 LUT3=1 LUT4=2)
  Clock Path Skew:        -0.049ns (DCD - SCD + CPR)
    Destination Clock Delay (DCD):    0.924ns = ( 10.924 - 10.000 ) 
    Source Clock Delay      (SCD):    0.973ns
    Clock Pessimism Removal (CPR):    0.000ns
  Clock Uncertainty:      0.035ns  ((TSJ^2 + TIJ^2)^1/2 + DJ) / 2 + PE
    Total System Jitter     (TSJ):    0.071ns
    Total Input Jitter      (TIJ):    0.000ns
    Discrete Jitter          (DJ):    0.000ns
    Phase Error              (PE):    0.000ns

    Location             Delay type                Incr(ns)  Path(ns)    Netlist Resource(s)
  -------------------------------------------------------------------    -------------------
                         (clock ap_clk rise edge)     0.000     0.000 r  
                                                      0.000     0.000 r  ap_clk (IN)
                         net (fo=152, unset)          0.973     0.973    bd_0_i/hls_inst/inst/s_axi_control_s_axi_U/ap_clk
    SLICE_X30Y89         FDRE                                         r  bd_0_i/hls_inst/inst/s_axi_control_s_axi_U/int_step_size_reg[1]/C
  -------------------------------------------------------------------    -------------------
    SLICE_X30Y89         FDRE (Prop_fdre_C_Q)         0.478     1.451 r  bd_0_i/hls_inst/inst/s_axi_control_s_axi_U/int_step_size_reg[1]/Q
                         net (fo=6, routed)           1.362     2.813    bd_0_i/hls_inst/inst/s_axi_control_s_axi_U/zext_ln43_1_fu_145_p1[1]
    SLICE_X33Y88         LUT3 (Prop_lut3_I1_O)        0.323     3.136 r  bd_0_i/hls_inst/inst/s_axi_control_s_axi_U/sync_trigger[0]_INST_0_i_27/O
                         net (fo=2, routed)           0.281     3.417    bd_0_i/hls_inst/inst/s_axi_control_s_axi_U/sync_trigger[0]_INST_0_i_27_n_0
    SLICE_X33Y88         LUT4 (Prop_lut4_I3_O)        0.332     3.749 r  bd_0_i/hls_inst/inst/s_axi_control_s_axi_U/sync_trigger[0]_INST_0_i_30/O
                         net (fo=1, routed)           0.000     3.749    bd_0_i/hls_inst/inst/s_axi_control_s_axi_U/sync_trigger[0]_INST_0_i_30_n_0
    SLICE_X33Y88         CARRY4 (Prop_carry4_S[2]_CO[3])
                                                      0.398     4.147 r  bd_0_i/hls_inst/inst/s_axi_control_s_axi_U/sync_trigger[0]_INST_0_i_17/CO[3]
                         net (fo=1, routed)           0.000     4.147    bd_0_i/hls_inst/inst/s_axi_control_s_axi_U/sync_trigger[0]_INST_0_i_17_n_0
    SLICE_X33Y89         CARRY4 (Prop_carry4_CI_CO[3])
                                                      0.114     4.261 r  bd_0_i/hls_inst/inst/s_axi_control_s_axi_U/sync_trigger[0]_INST_0_i_8/CO[3]
                         net (fo=1, routed)           0.000     4.261    bd_0_i/hls_inst/inst/s_axi_control_s_axi_U/sync_trigger[0]_INST_0_i_8_n_0
    SLICE_X33Y90         CARRY4 (Prop_carry4_CI_CO[3])
                                                      0.114     4.375 r  bd_0_i/hls_inst/inst/s_axi_control_s_axi_U/sync_trigger[0]_INST_0_i_2/CO[3]
                         net (fo=1, routed)           0.000     4.375    bd_0_i/hls_inst/inst/s_axi_control_s_axi_U/sync_trigger[0]_INST_0_i_2_n_0
    SLICE_X33Y91         CARRY4 (Prop_carry4_CI_CO[2])
                                                      0.228     4.603 r  bd_0_i/hls_inst/inst/s_axi_control_s_axi_U/sync_trigger[0]_INST_0_i_1/CO[2]
                         net (fo=30, routed)          0.865     5.468    bd_0_i/hls_inst/inst/s_axi_control_s_axi_U/CO[0]
    SLICE_X32Y86         LUT4 (Prop_lut4_I2_O)        0.313     5.781 r  bd_0_i/hls_inst/inst/s_axi_control_s_axi_U/select_ln43_reg_206[3]_i_6/O
                         net (fo=1, routed)           0.000     5.781    bd_0_i/hls_inst/inst/s_axi_control_s_axi_U/select_ln43_reg_206[3]_i_6_n_0
    SLICE_X32Y86         CARRY4 (Prop_carry4_S[3]_CO[3])
                                                      0.376     6.157 r  bd_0_i/hls_inst/inst/s_axi_control_s_axi_U/select_ln43_reg_206_reg[3]_i_1/CO[3]
                         net (fo=1, routed)           0.000     6.157    bd_0_i/hls_inst/inst/s_axi_control_s_axi_U/select_ln43_reg_206_reg[3]_i_1_n_0
    SLICE_X32Y87         CARRY4 (Prop_carry4_CI_CO[3])
                                                      0.117     6.274 r  bd_0_i/hls_inst/inst/s_axi_control_s_axi_U/select_ln43_reg_206_reg[7]_i_1/CO[3]
                         net (fo=1, routed)           0.000     6.274    bd_0_i/hls_inst/inst/s_axi_control_s_axi_U/select_ln43_reg_206_reg[7]_i_1_n_0
    SLICE_X32Y88         CARRY4 (Prop_carry4_CI_O[0])
                                                      0.219     6.493 r  bd_0_i/hls_inst/inst/s_axi_control_s_axi_U/select_ln43_reg_206_reg[11]_i_1/O[0]
                         net (fo=1, routed)           0.000     6.493    bd_0_i/hls_inst/inst/s_axi_control_s_axi_U_n_48
    SLICE_X32Y88         FDRE                                         r  bd_0_i/hls_inst/inst/select_ln43_reg_206_reg[8]/D
  -------------------------------------------------------------------    -------------------

                         (clock ap_clk rise edge)    10.000    10.000 r  
                                                      0.000    10.000 r  ap_clk (IN)
                         net (fo=152, unset)          0.924    10.924    bd_0_i/hls_inst/inst/ap_clk
    SLICE_X32Y88         FDRE                                         r  bd_0_i/hls_inst/inst/select_ln43_reg_206_reg[8]/C
                         clock pessimism              0.000    10.924    
                         clock uncertainty           -0.035    10.889    
    SLICE_X32Y88         FDRE (Setup_fdre_C_D)        0.109    10.998    bd_0_i/hls_inst/inst/select_ln43_reg_206_reg[8]
  -------------------------------------------------------------------
                         required time                         10.998    
                         arrival time                          -6.493    
  -------------------------------------------------------------------
                         slack                                  4.505    

Slack (MET) :             4.518ns  (required time - arrival time)
  Source:                 bd_0_i/hls_inst/inst/s_axi_control_s_axi_U/int_step_size_reg[1]/C
                            (rising edge-triggered cell FDRE clocked by ap_clk  {rise@0.000ns fall@5.000ns period=10.000ns})
  Destination:            bd_0_i/hls_inst/inst/select_ln43_reg_206_reg[5]/D
                            (rising edge-triggered cell FDRE clocked by ap_clk  {rise@0.000ns fall@5.000ns period=10.000ns})
  Path Group:             ap_clk
  Path Type:              Setup (Max at Slow Process Corner)
  Requirement:            10.000ns  (ap_clk rise@10.000ns - ap_clk rise@0.000ns)
  Data Path Delay:        5.507ns  (logic 2.999ns (54.459%)  route 2.508ns (45.541%))
  Logic Levels:           9  (CARRY4=6 LUT3=1 LUT4=2)
  Clock Path Skew:        -0.049ns (DCD - SCD + CPR)
    Destination Clock Delay (DCD):    0.924ns = ( 10.924 - 10.000 ) 
    Source Clock Delay      (SCD):    0.973ns
    Clock Pessimism Removal (CPR):    0.000ns
  Clock Uncertainty:      0.035ns  ((TSJ^2 + TIJ^2)^1/2 + DJ) / 2 + PE
    Total System Jitter     (TSJ):    0.071ns
    Total Input Jitter      (TIJ):    0.000ns
    Discrete Jitter          (DJ):    0.000ns
    Phase Error              (PE):    0.000ns

    Location             Delay type                Incr(ns)  Path(ns)    Netlist Resource(s)
  -------------------------------------------------------------------    -------------------
                         (clock ap_clk rise edge)     0.000     0.000 r  
                                                      0.000     0.000 r  ap_clk (IN)
                         net (fo=152, unset)          0.973     0.973    bd_0_i/hls_inst/inst/s_axi_control_s_axi_U/ap_clk
    SLICE_X30Y89         FDRE                                         r  bd_0_i/hls_inst/inst/s_axi_control_s_axi_U/int_step_size_reg[1]/C
  -------------------------------------------------------------------    -------------------
    SLICE_X30Y89         FDRE (Prop_fdre_C_Q)         0.478     1.451 r  bd_0_i/hls_inst/inst/s_axi_control_s_axi_U/int_step_size_reg[1]/Q
                         net (fo=6, routed)           1.362     2.813    bd_0_i/hls_inst/inst/s_axi_control_s_axi_U/zext_ln43_1_fu_145_p1[1]
    SLICE_X33Y88         LUT3 (Prop_lut3_I1_O)        0.323     3.136 r  bd_0_i/hls_inst/inst/s_axi_control_s_axi_U/sync_trigger[0]_INST_0_i_27/O
                         net (fo=2, routed)           0.281     3.417    bd_0_i/hls_inst/inst/s_axi_control_s_axi_U/sync_trigger[0]_INST_0_i_27_n_0
    SLICE_X33Y88         LUT4 (Prop_lut4_I3_O)        0.332     3.749 r  bd_0_i/hls_inst/inst/s_axi_control_s_axi_U/sync_trigger[0]_INST_0_i_30/O
                         net (fo=1, routed)           0.000     3.749    bd_0_i/hls_inst/inst/s_axi_control_s_axi_U/sync_trigger[0]_INST_0_i_30_n_0
    SLICE_X33Y88         CARRY4 (Prop_carry4_S[2]_CO[3])
                                                      0.398     4.147 r  bd_0_i/hls_inst/inst/s_axi_control_s_axi_U/sync_trigger[0]_INST_0_i_17/CO[3]
                         net (fo=1, routed)           0.000     4.147    bd_0_i/hls_inst/inst/s_axi_control_s_axi_U/sync_trigger[0]_INST_0_i_17_n_0
    SLICE_X33Y89         CARRY4 (Prop_carry4_CI_CO[3])
                                                      0.114     4.261 r  bd_0_i/hls_inst/inst/s_axi_control_s_axi_U/sync_trigger[0]_INST_0_i_8/CO[3]
                         net (fo=1, routed)           0.000     4.261    bd_0_i/hls_inst/inst/s_axi_control_s_axi_U/sync_trigger[0]_INST_0_i_8_n_0
    SLICE_X33Y90         CARRY4 (Prop_carry4_CI_CO[3])
                                                      0.114     4.375 r  bd_0_i/hls_inst/inst/s_axi_control_s_axi_U/sync_trigger[0]_INST_0_i_2/CO[3]
                         net (fo=1, routed)           0.000     4.375    bd_0_i/hls_inst/inst/s_axi_control_s_axi_U/sync_trigger[0]_INST_0_i_2_n_0
    SLICE_X33Y91         CARRY4 (Prop_carry4_CI_CO[2])
                                                      0.228     4.603 r  bd_0_i/hls_inst/inst/s_axi_control_s_axi_U/sync_trigger[0]_INST_0_i_1/CO[2]
                         net (fo=30, routed)          0.865     5.468    bd_0_i/hls_inst/inst/s_axi_control_s_axi_U/CO[0]
    SLICE_X32Y86         LUT4 (Prop_lut4_I2_O)        0.313     5.781 r  bd_0_i/hls_inst/inst/s_axi_control_s_axi_U/select_ln43_reg_206[3]_i_6/O
                         net (fo=1, routed)           0.000     5.781    bd_0_i/hls_inst/inst/s_axi_control_s_axi_U/select_ln43_reg_206[3]_i_6_n_0
    SLICE_X32Y86         CARRY4 (Prop_carry4_S[3]_CO[3])
                                                      0.376     6.157 r  bd_0_i/hls_inst/inst/s_axi_control_s_axi_U/select_ln43_reg_206_reg[3]_i_1/CO[3]
                         net (fo=1, routed)           0.000     6.157    bd_0_i/hls_inst/inst/s_axi_control_s_axi_U/select_ln43_reg_206_reg[3]_i_1_n_0
    SLICE_X32Y87         CARRY4 (Prop_carry4_CI_O[1])
                                                      0.323     6.480 r  bd_0_i/hls_inst/inst/s_axi_control_s_axi_U/select_ln43_reg_206_reg[7]_i_1/O[1]
                         net (fo=1, routed)           0.000     6.480    bd_0_i/hls_inst/inst/s_axi_control_s_axi_U_n_51
    SLICE_X32Y87         FDRE                                         r  bd_0_i/hls_inst/inst/select_ln43_reg_206_reg[5]/D
  -------------------------------------------------------------------    -------------------

                         (clock ap_clk rise edge)    10.000    10.000 r  
                                                      0.000    10.000 r  ap_clk (IN)
                         net (fo=152, unset)          0.924    10.924    bd_0_i/hls_inst/inst/ap_clk
    SLICE_X32Y87         FDRE                                         r  bd_0_i/hls_inst/inst/select_ln43_reg_206_reg[5]/C
                         clock pessimism              0.000    10.924    
                         clock uncertainty           -0.035    10.889    
    SLICE_X32Y87         FDRE (Setup_fdre_C_D)        0.109    10.998    bd_0_i/hls_inst/inst/select_ln43_reg_206_reg[5]
  -------------------------------------------------------------------
                         required time                         10.998    
                         arrival time                          -6.480    
  -------------------------------------------------------------------
                         slack                                  4.518    

Slack (MET) :             4.526ns  (required time - arrival time)
  Source:                 bd_0_i/hls_inst/inst/s_axi_control_s_axi_U/int_step_size_reg[1]/C
                            (rising edge-triggered cell FDRE clocked by ap_clk  {rise@0.000ns fall@5.000ns period=10.000ns})
  Destination:            bd_0_i/hls_inst/inst/select_ln43_reg_206_reg[7]/D
                            (rising edge-triggered cell FDRE clocked by ap_clk  {rise@0.000ns fall@5.000ns period=10.000ns})
  Path Group:             ap_clk
  Path Type:              Setup (Max at Slow Process Corner)
  Requirement:            10.000ns  (ap_clk rise@10.000ns - ap_clk rise@0.000ns)
  Data Path Delay:        5.499ns  (logic 2.991ns (54.393%)  route 2.508ns (45.607%))
  Logic Levels:           9  (CARRY4=6 LUT3=1 LUT4=2)
  Clock Path Skew:        -0.049ns (DCD - SCD + CPR)
    Destination Clock Delay (DCD):    0.924ns = ( 10.924 - 10.000 ) 
    Source Clock Delay      (SCD):    0.973ns
    Clock Pessimism Removal (CPR):    0.000ns
  Clock Uncertainty:      0.035ns  ((TSJ^2 + TIJ^2)^1/2 + DJ) / 2 + PE
    Total System Jitter     (TSJ):    0.071ns
    Total Input Jitter      (TIJ):    0.000ns
    Discrete Jitter          (DJ):    0.000ns
    Phase Error              (PE):    0.000ns

    Location             Delay type                Incr(ns)  Path(ns)    Netlist Resource(s)
  -------------------------------------------------------------------    -------------------
                         (clock ap_clk rise edge)     0.000     0.000 r  
                                                      0.000     0.000 r  ap_clk (IN)
                         net (fo=152, unset)          0.973     0.973    bd_0_i/hls_inst/inst/s_axi_control_s_axi_U/ap_clk
    SLICE_X30Y89         FDRE                                         r  bd_0_i/hls_inst/inst/s_axi_control_s_axi_U/int_step_size_reg[1]/C
  -------------------------------------------------------------------    -------------------
    SLICE_X30Y89         FDRE (Prop_fdre_C_Q)         0.478     1.451 r  bd_0_i/hls_inst/inst/s_axi_control_s_axi_U/int_step_size_reg[1]/Q
                         net (fo=6, routed)           1.362     2.813    bd_0_i/hls_inst/inst/s_axi_control_s_axi_U/zext_ln43_1_fu_145_p1[1]
    SLICE_X33Y88         LUT3 (Prop_lut3_I1_O)        0.323     3.136 r  bd_0_i/hls_inst/inst/s_axi_control_s_axi_U/sync_trigger[0]_INST_0_i_27/O
                         net (fo=2, routed)           0.281     3.417    bd_0_i/hls_inst/inst/s_axi_control_s_axi_U/sync_trigger[0]_INST_0_i_27_n_0
    SLICE_X33Y88         LUT4 (Prop_lut4_I3_O)        0.332     3.749 r  bd_0_i/hls_inst/inst/s_axi_control_s_axi_U/sync_trigger[0]_INST_0_i_30/O
                         net (fo=1, routed)           0.000     3.749    bd_0_i/hls_inst/inst/s_axi_control_s_axi_U/sync_trigger[0]_INST_0_i_30_n_0
    SLICE_X33Y88         CARRY4 (Prop_carry4_S[2]_CO[3])
                                                      0.398     4.147 r  bd_0_i/hls_inst/inst/s_axi_control_s_axi_U/sync_trigger[0]_INST_0_i_17/CO[3]
                         net (fo=1, routed)           0.000     4.147    bd_0_i/hls_inst/inst/s_axi_control_s_axi_U/sync_trigger[0]_INST_0_i_17_n_0
    SLICE_X33Y89         CARRY4 (Prop_carry4_CI_CO[3])
                                                      0.114     4.261 r  bd_0_i/hls_inst/inst/s_axi_control_s_axi_U/sync_trigger[0]_INST_0_i_8/CO[3]
                         net (fo=1, routed)           0.000     4.261    bd_0_i/hls_inst/inst/s_axi_control_s_axi_U/sync_trigger[0]_INST_0_i_8_n_0
    SLICE_X33Y90         CARRY4 (Prop_carry4_CI_CO[3])
                                                      0.114     4.375 r  bd_0_i/hls_inst/inst/s_axi_control_s_axi_U/sync_trigger[0]_INST_0_i_2/CO[3]
                         net (fo=1, routed)           0.000     4.375    bd_0_i/hls_inst/inst/s_axi_control_s_axi_U/sync_trigger[0]_INST_0_i_2_n_0
    SLICE_X33Y91         CARRY4 (Prop_carry4_CI_CO[2])
                                                      0.228     4.603 r  bd_0_i/hls_inst/inst/s_axi_control_s_axi_U/sync_trigger[0]_INST_0_i_1/CO[2]
                         net (fo=30, routed)          0.865     5.468    bd_0_i/hls_inst/inst/s_axi_control_s_axi_U/CO[0]
    SLICE_X32Y86         LUT4 (Prop_lut4_I2_O)        0.313     5.781 r  bd_0_i/hls_inst/inst/s_axi_control_s_axi_U/select_ln43_reg_206[3]_i_6/O
                         net (fo=1, routed)           0.000     5.781    bd_0_i/hls_inst/inst/s_axi_control_s_axi_U/select_ln43_reg_206[3]_i_6_n_0
    SLICE_X32Y86         CARRY4 (Prop_carry4_S[3]_CO[3])
                                                      0.376     6.157 r  bd_0_i/hls_inst/inst/s_axi_control_s_axi_U/select_ln43_reg_206_reg[3]_i_1/CO[3]
                         net (fo=1, routed)           0.000     6.157    bd_0_i/hls_inst/inst/s_axi_control_s_axi_U/select_ln43_reg_206_reg[3]_i_1_n_0
    SLICE_X32Y87         CARRY4 (Prop_carry4_CI_O[3])
                                                      0.315     6.472 r  bd_0_i/hls_inst/inst/s_axi_control_s_axi_U/select_ln43_reg_206_reg[7]_i_1/O[3]
                         net (fo=1, routed)           0.000     6.472    bd_0_i/hls_inst/inst/s_axi_control_s_axi_U_n_49
    SLICE_X32Y87         FDRE                                         r  bd_0_i/hls_inst/inst/select_ln43_reg_206_reg[7]/D
  -------------------------------------------------------------------    -------------------

                         (clock ap_clk rise edge)    10.000    10.000 r  
                                                      0.000    10.000 r  ap_clk (IN)
                         net (fo=152, unset)          0.924    10.924    bd_0_i/hls_inst/inst/ap_clk
    SLICE_X32Y87         FDRE                                         r  bd_0_i/hls_inst/inst/select_ln43_reg_206_reg[7]/C
                         clock pessimism              0.000    10.924    
                         clock uncertainty           -0.035    10.889    
    SLICE_X32Y87         FDRE (Setup_fdre_C_D)        0.109    10.998    bd_0_i/hls_inst/inst/select_ln43_reg_206_reg[7]
  -------------------------------------------------------------------
                         required time                         10.998    
                         arrival time                          -6.472    
  -------------------------------------------------------------------
                         slack                                  4.526    

Slack (MET) :             4.602ns  (required time - arrival time)
  Source:                 bd_0_i/hls_inst/inst/s_axi_control_s_axi_U/int_step_size_reg[1]/C
                            (rising edge-triggered cell FDRE clocked by ap_clk  {rise@0.000ns fall@5.000ns period=10.000ns})
  Destination:            bd_0_i/hls_inst/inst/select_ln43_reg_206_reg[6]/D
                            (rising edge-triggered cell FDRE clocked by ap_clk  {rise@0.000ns fall@5.000ns period=10.000ns})
  Path Group:             ap_clk
  Path Type:              Setup (Max at Slow Process Corner)
  Requirement:            10.000ns  (ap_clk rise@10.000ns - ap_clk rise@0.000ns)
  Data Path Delay:        5.423ns  (logic 2.915ns (53.753%)  route 2.508ns (46.247%))
  Logic Levels:           9  (CARRY4=6 LUT3=1 LUT4=2)
  Clock Path Skew:        -0.049ns (DCD - SCD + CPR)
    Destination Clock Delay (DCD):    0.924ns = ( 10.924 - 10.000 ) 
    Source Clock Delay      (SCD):    0.973ns
    Clock Pessimism Removal (CPR):    0.000ns
  Clock Uncertainty:      0.035ns  ((TSJ^2 + TIJ^2)^1/2 + DJ) / 2 + PE
    Total System Jitter     (TSJ):    0.071ns
    Total Input Jitter      (TIJ):    0.000ns
    Discrete Jitter          (DJ):    0.000ns
    Phase Error              (PE):    0.000ns

    Location             Delay type                Incr(ns)  Path(ns)    Netlist Resource(s)
  -------------------------------------------------------------------    -------------------
                         (clock ap_clk rise edge)     0.000     0.000 r  
                                                      0.000     0.000 r  ap_clk (IN)
                         net (fo=152, unset)          0.973     0.973    bd_0_i/hls_inst/inst/s_axi_control_s_axi_U/ap_clk
    SLICE_X30Y89         FDRE                                         r  bd_0_i/hls_inst/inst/s_axi_control_s_axi_U/int_step_size_reg[1]/C
  -------------------------------------------------------------------    -------------------
    SLICE_X30Y89         FDRE (Prop_fdre_C_Q)         0.478     1.451 r  bd_0_i/hls_inst/inst/s_axi_control_s_axi_U/int_step_size_reg[1]/Q
                         net (fo=6, routed)           1.362     2.813    bd_0_i/hls_inst/inst/s_axi_control_s_axi_U/zext_ln43_1_fu_145_p1[1]
    SLICE_X33Y88         LUT3 (Prop_lut3_I1_O)        0.323     3.136 r  bd_0_i/hls_inst/inst/s_axi_control_s_axi_U/sync_trigger[0]_INST_0_i_27/O
                         net (fo=2, routed)           0.281     3.417    bd_0_i/hls_inst/inst/s_axi_control_s_axi_U/sync_trigger[0]_INST_0_i_27_n_0
    SLICE_X33Y88         LUT4 (Prop_lut4_I3_O)        0.332     3.749 r  bd_0_i/hls_inst/inst/s_axi_control_s_axi_U/sync_trigger[0]_INST_0_i_30/O
                         net (fo=1, routed)           0.000     3.749    bd_0_i/hls_inst/inst/s_axi_control_s_axi_U/sync_trigger[0]_INST_0_i_30_n_0
    SLICE_X33Y88         CARRY4 (Prop_carry4_S[2]_CO[3])
                                                      0.398     4.147 r  bd_0_i/hls_inst/inst/s_axi_control_s_axi_U/sync_trigger[0]_INST_0_i_17/CO[3]
                         net (fo=1, routed)           0.000     4.147    bd_0_i/hls_inst/inst/s_axi_control_s_axi_U/sync_trigger[0]_INST_0_i_17_n_0
    SLICE_X33Y89         CARRY4 (Prop_carry4_CI_CO[3])
                                                      0.114     4.261 r  bd_0_i/hls_inst/inst/s_axi_control_s_axi_U/sync_trigger[0]_INST_0_i_8/CO[3]
                         net (fo=1, routed)           0.000     4.261    bd_0_i/hls_inst/inst/s_axi_control_s_axi_U/sync_trigger[0]_INST_0_i_8_n_0
    SLICE_X33Y90         CARRY4 (Prop_carry4_CI_CO[3])
                                                      0.114     4.375 r  bd_0_i/hls_inst/inst/s_axi_control_s_axi_U/sync_trigger[0]_INST_0_i_2/CO[3]
                         net (fo=1, routed)           0.000     4.375    bd_0_i/hls_inst/inst/s_axi_control_s_axi_U/sync_trigger[0]_INST_0_i_2_n_0
    SLICE_X33Y91         CARRY4 (Prop_carry4_CI_CO[2])
                                                      0.228     4.603 r  bd_0_i/hls_inst/inst/s_axi_control_s_axi_U/sync_trigger[0]_INST_0_i_1/CO[2]
                         net (fo=30, routed)          0.865     5.468    bd_0_i/hls_inst/inst/s_axi_control_s_axi_U/CO[0]
    SLICE_X32Y86         LUT4 (Prop_lut4_I2_O)        0.313     5.781 r  bd_0_i/hls_inst/inst/s_axi_control_s_axi_U/select_ln43_reg_206[3]_i_6/O
                         net (fo=1, routed)           0.000     5.781    bd_0_i/hls_inst/inst/s_axi_control_s_axi_U/select_ln43_reg_206[3]_i_6_n_0
    SLICE_X32Y86         CARRY4 (Prop_carry4_S[3]_CO[3])
                                                      0.376     6.157 r  bd_0_i/hls_inst/inst/s_axi_control_s_axi_U/select_ln43_reg_206_reg[3]_i_1/CO[3]
                         net (fo=1, routed)           0.000     6.157    bd_0_i/hls_inst/inst/s_axi_control_s_axi_U/select_ln43_reg_206_reg[3]_i_1_n_0
    SLICE_X32Y87         CARRY4 (Prop_carry4_CI_O[2])
                                                      0.239     6.396 r  bd_0_i/hls_inst/inst/s_axi_control_s_axi_U/select_ln43_reg_206_reg[7]_i_1/O[2]
                         net (fo=1, routed)           0.000     6.396    bd_0_i/hls_inst/inst/s_axi_control_s_axi_U_n_50
    SLICE_X32Y87         FDRE                                         r  bd_0_i/hls_inst/inst/select_ln43_reg_206_reg[6]/D
  -------------------------------------------------------------------    -------------------

                         (clock ap_clk rise edge)    10.000    10.000 r  
                                                      0.000    10.000 r  ap_clk (IN)
                         net (fo=152, unset)          0.924    10.924    bd_0_i/hls_inst/inst/ap_clk
    SLICE_X32Y87         FDRE                                         r  bd_0_i/hls_inst/inst/select_ln43_reg_206_reg[6]/C
                         clock pessimism              0.000    10.924    
                         clock uncertainty           -0.035    10.889    
    SLICE_X32Y87         FDRE (Setup_fdre_C_D)        0.109    10.998    bd_0_i/hls_inst/inst/select_ln43_reg_206_reg[6]
  -------------------------------------------------------------------
                         required time                         10.998    
                         arrival time                          -6.396    
  -------------------------------------------------------------------
                         slack                                  4.602    

Slack (MET) :             4.622ns  (required time - arrival time)
  Source:                 bd_0_i/hls_inst/inst/s_axi_control_s_axi_U/int_step_size_reg[1]/C
                            (rising edge-triggered cell FDRE clocked by ap_clk  {rise@0.000ns fall@5.000ns period=10.000ns})
  Destination:            bd_0_i/hls_inst/inst/select_ln43_reg_206_reg[4]/D
                            (rising edge-triggered cell FDRE clocked by ap_clk  {rise@0.000ns fall@5.000ns period=10.000ns})
  Path Group:             ap_clk
  Path Type:              Setup (Max at Slow Process Corner)
  Requirement:            10.000ns  (ap_clk rise@10.000ns - ap_clk rise@0.000ns)
  Data Path Delay:        5.403ns  (logic 2.895ns (53.582%)  route 2.508ns (46.418%))
  Logic Levels:           9  (CARRY4=6 LUT3=1 LUT4=2)
  Clock Path Skew:        -0.049ns (DCD - SCD + CPR)
    Destination Clock Delay (DCD):    0.924ns = ( 10.924 - 10.000 ) 
    Source Clock Delay      (SCD):    0.973ns
    Clock Pessimism Removal (CPR):    0.000ns
  Clock Uncertainty:      0.035ns  ((TSJ^2 + TIJ^2)^1/2 + DJ) / 2 + PE
    Total System Jitter     (TSJ):    0.071ns
    Total Input Jitter      (TIJ):    0.000ns
    Discrete Jitter          (DJ):    0.000ns
    Phase Error              (PE):    0.000ns

    Location             Delay type                Incr(ns)  Path(ns)    Netlist Resource(s)
  -------------------------------------------------------------------    -------------------
                         (clock ap_clk rise edge)     0.000     0.000 r  
                                                      0.000     0.000 r  ap_clk (IN)
                         net (fo=152, unset)          0.973     0.973    bd_0_i/hls_inst/inst/s_axi_control_s_axi_U/ap_clk
    SLICE_X30Y89         FDRE                                         r  bd_0_i/hls_inst/inst/s_axi_control_s_axi_U/int_step_size_reg[1]/C
  -------------------------------------------------------------------    -------------------
    SLICE_X30Y89         FDRE (Prop_fdre_C_Q)         0.478     1.451 r  bd_0_i/hls_inst/inst/s_axi_control_s_axi_U/int_step_size_reg[1]/Q
                         net (fo=6, routed)           1.362     2.813    bd_0_i/hls_inst/inst/s_axi_control_s_axi_U/zext_ln43_1_fu_145_p1[1]
    SLICE_X33Y88         LUT3 (Prop_lut3_I1_O)        0.323     3.136 r  bd_0_i/hls_inst/inst/s_axi_control_s_axi_U/sync_trigger[0]_INST_0_i_27/O
                         net (fo=2, routed)           0.281     3.417    bd_0_i/hls_inst/inst/s_axi_control_s_axi_U/sync_trigger[0]_INST_0_i_27_n_0
    SLICE_X33Y88         LUT4 (Prop_lut4_I3_O)        0.332     3.749 r  bd_0_i/hls_inst/inst/s_axi_control_s_axi_U/sync_trigger[0]_INST_0_i_30/O
                         net (fo=1, routed)           0.000     3.749    bd_0_i/hls_inst/inst/s_axi_control_s_axi_U/sync_trigger[0]_INST_0_i_30_n_0
    SLICE_X33Y88         CARRY4 (Prop_carry4_S[2]_CO[3])
                                                      0.398     4.147 r  bd_0_i/hls_inst/inst/s_axi_control_s_axi_U/sync_trigger[0]_INST_0_i_17/CO[3]
                         net (fo=1, routed)           0.000     4.147    bd_0_i/hls_inst/inst/s_axi_control_s_axi_U/sync_trigger[0]_INST_0_i_17_n_0
    SLICE_X33Y89         CARRY4 (Prop_carry4_CI_CO[3])
                                                      0.114     4.261 r  bd_0_i/hls_inst/inst/s_axi_control_s_axi_U/sync_trigger[0]_INST_0_i_8/CO[3]
                         net (fo=1, routed)           0.000     4.261    bd_0_i/hls_inst/inst/s_axi_control_s_axi_U/sync_trigger[0]_INST_0_i_8_n_0
    SLICE_X33Y90         CARRY4 (Prop_carry4_CI_CO[3])
                                                      0.114     4.375 r  bd_0_i/hls_inst/inst/s_axi_control_s_axi_U/sync_trigger[0]_INST_0_i_2/CO[3]
                         net (fo=1, routed)           0.000     4.375    bd_0_i/hls_inst/inst/s_axi_control_s_axi_U/sync_trigger[0]_INST_0_i_2_n_0
    SLICE_X33Y91         CARRY4 (Prop_carry4_CI_CO[2])
                                                      0.228     4.603 r  bd_0_i/hls_inst/inst/s_axi_control_s_axi_U/sync_trigger[0]_INST_0_i_1/CO[2]
                         net (fo=30, routed)          0.865     5.468    bd_0_i/hls_inst/inst/s_axi_control_s_axi_U/CO[0]
    SLICE_X32Y86         LUT4 (Prop_lut4_I2_O)        0.313     5.781 r  bd_0_i/hls_inst/inst/s_axi_control_s_axi_U/select_ln43_reg_206[3]_i_6/O
                         net (fo=1, routed)           0.000     5.781    bd_0_i/hls_inst/inst/s_axi_control_s_axi_U/select_ln43_reg_206[3]_i_6_n_0
    SLICE_X32Y86         CARRY4 (Prop_carry4_S[3]_CO[3])
                                                      0.376     6.157 r  bd_0_i/hls_inst/inst/s_axi_control_s_axi_U/select_ln43_reg_206_reg[3]_i_1/CO[3]
                         net (fo=1, routed)           0.000     6.157    bd_0_i/hls_inst/inst/s_axi_control_s_axi_U/select_ln43_reg_206_reg[3]_i_1_n_0
    SLICE_X32Y87         CARRY4 (Prop_carry4_CI_O[0])
                                                      0.219     6.376 r  bd_0_i/hls_inst/inst/s_axi_control_s_axi_U/select_ln43_reg_206_reg[7]_i_1/O[0]
                         net (fo=1, routed)           0.000     6.376    bd_0_i/hls_inst/inst/s_axi_control_s_axi_U_n_52
    SLICE_X32Y87         FDRE                                         r  bd_0_i/hls_inst/inst/select_ln43_reg_206_reg[4]/D
  -------------------------------------------------------------------    -------------------

                         (clock ap_clk rise edge)    10.000    10.000 r  
                                                      0.000    10.000 r  ap_clk (IN)
                         net (fo=152, unset)          0.924    10.924    bd_0_i/hls_inst/inst/ap_clk
    SLICE_X32Y87         FDRE                                         r  bd_0_i/hls_inst/inst/select_ln43_reg_206_reg[4]/C
                         clock pessimism              0.000    10.924    
                         clock uncertainty           -0.035    10.889    
    SLICE_X32Y87         FDRE (Setup_fdre_C_D)        0.109    10.998    bd_0_i/hls_inst/inst/select_ln43_reg_206_reg[4]
  -------------------------------------------------------------------
                         required time                         10.998    
                         arrival time                          -6.376    
  -------------------------------------------------------------------
                         slack                                  4.622    




