Copyright 1986-2022 Xilinx, Inc. All Rights Reserved. Copyright 2022-2025 Advanced Micro Devices, Inc. All Rights Reserved.
---------------------------------------------------------------------------------------------------------------------------------------------
| Tool Version : Vivado v.2025.2 (win64) Build 6299465 Fri Nov 14 19:35:11 GMT 2025
| Date         : Fri Aug 28 13:38:44 2026
| Host         : BHARADWAJ running 64-bit major release  (build 9200)
| Command      : report_utilization -hierarchical -hierarchical_depth 5 -file ./report/fmcw_ramp_gen_utilization_hierarchical_synth.rpt
| Design       : bd_0_wrapper
| Device       : xc7z020clg484-1
| Speed File   : -1
| Design State : Synthesized
---------------------------------------------------------------------------------------------------------------------------------------------

Utilization Design Information

Table of Contents
-----------------
1. Utilization by Hierarchy

1. Utilization by Hierarchy
---------------------------

+-------------------------------+---------------------------------------------------+------------+------------+---------+------+-----+--------+--------+------------+
|            Instance           |                       Module                      | Total LUTs | Logic LUTs | LUTRAMs | SRLs | FFs | RAMB36 | RAMB18 | DSP Blocks |
+-------------------------------+---------------------------------------------------+------------+------------+---------+------+-----+--------+--------+------------+
| bd_0_wrapper                  |                                             (top) |        147 |        147 |       0 |    0 | 153 |      0 |      0 |          0 |
|   bd_0_i                      |                                              bd_0 |        147 |        147 |       0 |    0 | 153 |      0 |      0 |          0 |
|     hls_inst                  |                                   bd_0_hls_inst_0 |        147 |        147 |       0 |    0 | 153 |      0 |      0 |          0 |
|       inst                    |                     bd_0_hls_inst_0_fmcw_ramp_gen |        147 |        147 |       0 |    0 | 153 |      0 |      0 |          0 |
|         s_axi_control_s_axi_U | bd_0_hls_inst_0_fmcw_ramp_gen_s_axi_control_s_axi |        119 |        119 |       0 |    0 |  78 |      0 |      0 |          0 |
+-------------------------------+---------------------------------------------------+------------+------------+---------+------+-----+--------+--------+------------+


