Copyright 1986-2022 Xilinx, Inc. All Rights Reserved. Copyright 2022-2025 Advanced Micro Devices, Inc. All Rights Reserved.
---------------------------------------------------------------------------------------------------------------------------------------------
| Tool Version : Vivado v.2025.2 (win64) Build 6299465 Fri Nov 14 19:35:11 GMT 2025
| Date         : Fri Aug 28 13:39:52 2026
| Host         : BHARADWAJ running 64-bit major release  (build 9200)
| Command      : report_timing_summary -file ./report/fmcw_ramp_gen_timing_routed.rpt
| Design       : bd_0_wrapper
| Device       : 7z020-clg484
| Speed File   : -1  PRODUCTION 1.12 2019-11-22
| Design State : Routed
---------------------------------------------------------------------------------------------------------------------------------------------

Timing Summary Report

------------------------------------------------------------------------------------------------
| Timer Settings
| --------------
------------------------------------------------------------------------------------------------

  Enable Multi Corner Analysis               :  Yes
  Enable Pessimism Removal                   :  Yes
  Pessimism Removal Resolution               :  Nearest Common Node
  Enable Input Delay Default Clock           :  No
  Enable Preset / Clear Arcs                 :  No
  Disable Flight Delays                      :  No
  Ignore I/O Paths                           :  No
  Timing Early Launch at Borrowing Latches   :  No
  Borrow Time for Max Delay Exceptions       :  Yes
  Merge Timing Exceptions                    :  Yes
  Inter-SLR Compensation                     :  Conservative

  Corner  Analyze    Analyze    
  Name    Max Paths  Min Paths  
  ------  ---------  ---------  
  Slow    Yes        Yes        
  Fast    Yes        Yes        


------------------------------------------------------------------------------------------------
| Report Methodology
| ------------------
------------------------------------------------------------------------------------------------

Rule       Severity  Description                    Violations  
---------  --------  -----------------------------  ----------  
TIMING-18  Warning   Missing input or output delay  136         

Note: This report is based on the most recent report_methodology run and may not be up-to-date. Run report_methodology on the current design for the latest report.



check_timing report

Table of Contents
-----------------
1. checking no_clock (0)
2. checking constant_clock (0)
3. checking pulse_width_clock (0)
4. checking unconstrained_internal_endpoints (0)
5. checking no_input_delay (33)
6. checking no_output_delay (45)
7. checking multiple_clock (0)
8. checking generated_clocks (0)
9. checking loops (0)
10. checking partial_input_delay (0)
11. checking partial_output_delay (0)
12. checking latch_loops (0)

1. checking no_clock (0)
------------------------
 There are 0 register/latch pins with no clock.


2. checking constant_clock (0)
------------------------------
 There are 0 register/latch pins with constant_clock.


3. checking pulse_width_clock (0)
---------------------------------
 There are 0 register/latch pins which need pulse_width check


4. checking unconstrained_internal_endpoints (0)
------------------------------------------------
 There are 0 pins that are not constrained for maximum delay.

 There are 0 pins that are not constrained for maximum delay due to constant clock.


5. checking no_input_delay (33)
-------------------------------
 There are 33 input ports with no input delay specified. (HIGH)

 There are 0 input ports with no input delay but user has a false path constraint.


6. checking no_output_delay (45)
--------------------------------
 There are 45 ports with no output delay specified. (HIGH)

 There are 0 ports with no output delay but user has a false path constraint

 There are 0 ports with no output delay but with a timing clock defined on it or propagating through it


7. checking multiple_clock (0)
------------------------------
 There are 0 register/latch pins with multiple clocks.


8. checking generated_clocks (0)
--------------------------------
 There are 0 generated clocks that are not connected to a clock source.


9. checking loops (0)
---------------------
 There are 0 combinational loops in the design.


10. checking partial_input_delay (0)
------------------------------------
 There are 0 input ports with partial input delay specified.


11. checking partial_output_delay (0)
-------------------------------------
 There are 0 ports with partial output delay specified.


12. checking latch_loops (0)
----------------------------
 There are 0 combinational latch loops in the design through latch input



------------------------------------------------------------------------------------------------
| Design Timing Summary
| ---------------------
------------------------------------------------------------------------------------------------

    WNS(ns)      TNS(ns)  TNS Failing Endpoints  TNS Total Endpoints      WHS(ns)      THS(ns)  THS Failing Endpoints  THS Total Endpoints     WPWS(ns)     TPWS(ns)  TPWS Failing Endpoints  TPWS Total Endpoints  
    -------      -------  ---------------------  -------------------      -------      -------  ---------------------  -------------------     --------     --------  ----------------------  --------------------  
      4.284        0.000                      0                  276        0.098        0.000                      0                  276        4.500        0.000                       0                   153  


All user specified timing constraints are met.


------------------------------------------------------------------------------------------------
| Clock Summary
| -------------
------------------------------------------------------------------------------------------------

Clock   Waveform(ns)       Period(ns)      Frequency(MHz)
-----   ------------       ----------      --------------
ap_clk  {0.000 5.000}      10.000          100.000         


------------------------------------------------------------------------------------------------
| Intra Clock Table
| -----------------
------------------------------------------------------------------------------------------------

Clock             WNS(ns)      TNS(ns)  TNS Failing Endpoints  TNS Total Endpoints      WHS(ns)      THS(ns)  THS Failing Endpoints  THS Total Endpoints     WPWS(ns)     TPWS(ns)  TPWS Failing Endpoints  TPWS Total Endpoints  
-----             -------      -------  ---------------------  -------------------      -------      -------  ---------------------  -------------------     --------     --------  ----------------------  --------------------  
ap_clk              4.284        0.000                      0                  276        0.098        0.000                      0                  276        4.500        0.000                       0                   153  


------------------------------------------------------------------------------------------------
| Inter Clock Table
| -----------------
------------------------------------------------------------------------------------------------

From Clock    To Clock          WNS(ns)      TNS(ns)  TNS Failing Endpoints  TNS Total Endpoints      WHS(ns)      THS(ns)  THS Failing Endpoints  THS Total Endpoints  
----------    --------          -------      -------  ---------------------  -------------------      -------      -------  ---------------------  -------------------  


------------------------------------------------------------------------------------------------
| Other Path Groups Table
| -----------------------
------------------------------------------------------------------------------------------------

Path Group    From Clock    To Clock          WNS(ns)      TNS(ns)  TNS Failing Endpoints  TNS Total Endpoints      WHS(ns)      THS(ns)  THS Failing Endpoints  THS Total Endpoints  
----------    ----------    --------          -------      -------  ---------------------  -------------------      -------      -------  ---------------------  -------------------  


------------------------------------------------------------------------------------------------
| Timing Details
| --------------
------------------------------------------------------------------------------------------------


---------------------------------------------------------------------------------------------------
From Clock:  ap_clk
  To Clock:  ap_clk

Setup :            0  Failing Endpoints,  Worst Slack        4.284ns,  Total Violation        0.000ns
Hold  :            0  Failing Endpoints,  Worst Slack        0.098ns,  Total Violation        0.000ns
PW    :            0  Failing Endpoints,  Worst Slack        4.500ns,  Total Violation        0.000ns
---------------------------------------------------------------------------------------------------


Max Delay Paths
--------------------------------------------------------------------------------------
Slack (MET) :             4.284ns  (required time - arrival time)
  Source:                 bd_0_i/hls_inst/inst/s_axi_control_s_axi_U/int_step_size_reg[1]/C
                            (rising edge-triggered cell FDRE clocked by ap_clk  {rise@0.000ns fall@5.000ns period=10.000ns})
  Destination:            bd_0_i/hls_inst/inst/select_ln43_reg_206_reg[13]/D
                            (rising edge-triggered cell FDRE clocked by ap_clk  {rise@0.000ns fall@5.000ns period=10.000ns})
  Path Group:             ap_clk
  Path Type:              Setup (Max at Slow Process Corner)
  Requirement:            10.000ns  (ap_clk rise@10.000ns - ap_clk rise@0.000ns)
  Data Path Delay:        5.741ns  (logic 3.233ns (56.315%)  route 2.508ns (43.685%))
  Logic Levels:           11  (CARRY4=8 LUT3=1 LUT4=2)
  Clock Path Skew:        -0.049ns (DCD - SCD + CPR)
    Destination Clock Delay (DCD):    0.924ns = ( 10.924 - 10.000 ) 
    Source Clock Delay      (SCD):    0.973ns
    Clock Pessimism Removal (CPR):    0.000ns
  Clock Uncertainty:      0.035ns  ((TSJ^2 + TIJ^2)^1/2 + DJ) / 2 + PE
    Total System Jitter     (TSJ):    0.071ns
    Total Input Jitter      (TIJ):    0.000ns
    Discrete Jitter          (DJ):    0.000ns
    Phase Error              (PE):    0.000ns

    Location             Delay type                Incr(ns)  Path(ns)    Netlist Resource(s)
  -------------------------------------------------------------------    -------------------
                         (clock ap_clk rise edge)     0.000     0.000 r  
                                                      0.000     0.000 r  ap_clk (IN)
                         net (fo=152, unset)          0.973     0.973    bd_0_i/hls_inst/inst/s_axi_control_s_axi_U/ap_clk
    SLICE_X30Y89         FDRE                                         r  bd_0_i/hls_inst/inst/s_axi_control_s_axi_U/int_step_size_reg[1]/C
  -------------------------------------------------------------------    -------------------
    SLICE_X30Y89         FDRE (Prop_fdre_C_Q)         0.478     1.451 r  bd_0_i/hls_inst/inst/s_axi_control_s_axi_U/int_step_size_reg[1]/Q
                         net (fo=6, routed)           1.362     2.813    bd_0_i/hls_inst/inst/s_axi_control_s_axi_U/zext_ln43_1_fu_145_p1[1]
    SLICE_X33Y88         LUT3 (Prop_lut3_I1_O)        0.323     3.136 r  bd_0_i/hls_inst/inst/s_axi_control_s_axi_U/sync_trigger[0]_INST_0_i_27/O
                         net (fo=2, routed)           0.281     3.417    bd_0_i/hls_inst/inst/s_axi_control_s_axi_U/sync_trigger[0]_INST_0_i_27_n_0
    SLICE_X33Y88         LUT4 (Prop_lut4_I3_O)        0.332     3.749 r  bd_0_i/hls_inst/inst/s_axi_control_s_axi_U/sync_trigger[0]_INST_0_i_30/O
                         net (fo=1, routed)           0.000     3.749    bd_0_i/hls_inst/inst/s_axi_control_s_axi_U/sync_trigger[0]_INST_0_i_30_n_0
    SLICE_X33Y88         CARRY4 (Prop_carry4_S[2]_CO[3])
                                                      0.398     4.147 r  bd_0_i/hls_inst/inst/s_axi_control_s_axi_U/sync_trigger[0]_INST_0_i_17/CO[3]
                         net (fo=1, routed)           0.000     4.147    bd_0_i/hls_inst/inst/s_axi_control_s_axi_U/sync_trigger[0]_INST_0_i_17_n_0
    SLICE_X33Y89         CARRY4 (Prop_carry4_CI_CO[3])
                                                      0.114     4.261 r  bd_0_i/hls_inst/inst/s_axi_control_s_axi_U/sync_trigger[0]_INST_0_i_8/CO[3]
                         net (fo=1, routed)           0.000     4.261    bd_0_i/hls_inst/inst/s_axi_control_s_axi_U/sync_trigger[0]_INST_0_i_8_n_0
    SLICE_X33Y90         CARRY4 (Prop_carry4_CI_CO[3])
                                                      0.114     4.375 r  bd_0_i/hls_inst/inst/s_axi_control_s_axi_U/sync_trigger[0]_INST_0_i_2/CO[3]
                         net (fo=1, routed)           0.000     4.375    bd_0_i/hls_inst/inst/s_axi_control_s_axi_U/sync_trigger[0]_INST_0_i_2_n_0
    SLICE_X33Y91         CARRY4 (Prop_carry4_CI_CO[2])
                                                      0.228     4.603 r  bd_0_i/hls_inst/inst/s_axi_control_s_axi_U/sync_trigger[0]_INST_0_i_1/CO[2]
                         net (fo=30, routed)          0.865     5.468    bd_0_i/hls_inst/inst/s_axi_control_s_axi_U/CO[0]
    SLICE_X32Y86         LUT4 (Prop_lut4_I2_O)        0.313     5.781 r  bd_0_i/hls_inst/inst/s_axi_control_s_axi_U/select_ln43_reg_206[3]_i_6/O
                         net (fo=1, routed)           0.000     5.781    bd_0_i/hls_inst/inst/s_axi_control_s_axi_U/select_ln43_reg_206[3]_i_6_n_0
    SLICE_X32Y86         CARRY4 (Prop_carry4_S[3]_CO[3])
                                                      0.376     6.157 r  bd_0_i/hls_inst/inst/s_axi_control_s_axi_U/select_ln43_reg_206_reg[3]_i_1/CO[3]
                         net (fo=1, routed)           0.000     6.157    bd_0_i/hls_inst/inst/s_axi_control_s_axi_U/select_ln43_reg_206_reg[3]_i_1_n_0
    SLICE_X32Y87         CARRY4 (Prop_carry4_CI_CO[3])
                                                      0.117     6.274 r  bd_0_i/hls_inst/inst/s_axi_control_s_axi_U/select_ln43_reg_206_reg[7]_i_1/CO[3]
                         net (fo=1, routed)           0.000     6.274    bd_0_i/hls_inst/inst/s_axi_control_s_axi_U/select_ln43_reg_206_reg[7]_i_1_n_0
    SLICE_X32Y88         CARRY4 (Prop_carry4_CI_CO[3])
                                                      0.117     6.391 r  bd_0_i/hls_inst/inst/s_axi_control_s_axi_U/select_ln43_reg_206_reg[11]_i_1/CO[3]
                         net (fo=1, routed)           0.000     6.391    bd_0_i/hls_inst/inst/s_axi_control_s_axi_U/select_ln43_reg_206_reg[11]_i_1_n_0
    SLICE_X32Y89         CARRY4 (Prop_carry4_CI_O[1])
                                                      0.323     6.714 r  bd_0_i/hls_inst/inst/s_axi_control_s_axi_U/select_ln43_reg_206_reg[13]_i_1/O[1]
                         net (fo=1, routed)           0.000     6.714    bd_0_i/hls_inst/inst/s_axi_control_s_axi_U_n_43
    SLICE_X32Y89         FDRE                                         r  bd_0_i/hls_inst/inst/select_ln43_reg_206_reg[13]/D
  -------------------------------------------------------------------    -------------------

                         (clock ap_clk rise edge)    10.000    10.000 r  
                                                      0.000    10.000 r  ap_clk (IN)
                         net (fo=152, unset)          0.924    10.924    bd_0_i/hls_inst/inst/ap_clk
    SLICE_X32Y89         FDRE                                         r  bd_0_i/hls_inst/inst/select_ln43_reg_206_reg[13]/C
                         clock pessimism              0.000    10.924    
                         clock uncertainty           -0.035    10.889    
    SLICE_X32Y89         FDRE (Setup_fdre_C_D)        0.109    10.998    bd_0_i/hls_inst/inst/select_ln43_reg_206_reg[13]
  -------------------------------------------------------------------
                         required time                         10.998    
                         arrival time                          -6.714    
  -------------------------------------------------------------------
                         slack                                  4.284    





Min Delay Paths
--------------------------------------------------------------------------------------
Slack (MET) :             0.098ns  (arrival time - required time)
  Source:                 bd_0_i/hls_inst/inst/regslice_both_dac_stream_V_data_V_U/data_p2_reg[6]/C
                            (rising edge-triggered cell FDRE clocked by ap_clk  {rise@0.000ns fall@5.000ns period=10.000ns})
  Destination:            bd_0_i/hls_inst/inst/regslice_both_dac_stream_V_data_V_U/data_p1_reg[6]/D
                            (rising edge-triggered cell FDRE clocked by ap_clk  {rise@0.000ns fall@5.000ns period=10.000ns})
  Path Group:             ap_clk
  Path Type:              Hold (Min at Fast Process Corner)
  Requirement:            0.000ns  (ap_clk rise@0.000ns - ap_clk rise@0.000ns)
  Data Path Delay:        0.240ns  (logic 0.186ns (77.466%)  route 0.054ns (22.534%))
  Logic Levels:           1  (LUT4=1)
  Clock Path Skew:        0.022ns (DCD - SCD - CPR)
    Destination Clock Delay (DCD):    0.432ns
    Source Clock Delay      (SCD):    0.410ns
    Clock Pessimism Removal (CPR):    -0.000ns

    Location             Delay type                Incr(ns)  Path(ns)    Netlist Resource(s)
  -------------------------------------------------------------------    -------------------
                         (clock ap_clk rise edge)     0.000     0.000 r  
                                                      0.000     0.000 r  ap_clk (IN)
                         net (fo=152, unset)          0.410     0.410    bd_0_i/hls_inst/inst/regslice_both_dac_stream_V_data_V_U/ap_clk
    SLICE_X33Y91         FDRE                                         r  bd_0_i/hls_inst/inst/regslice_both_dac_stream_V_data_V_U/data_p2_reg[6]/C
  -------------------------------------------------------------------    -------------------
    SLICE_X33Y91         FDRE (Prop_fdre_C_Q)         0.141     0.551 r  bd_0_i/hls_inst/inst/regslice_both_dac_stream_V_data_V_U/data_p2_reg[6]/Q
                         net (fo=1, routed)           0.054     0.605    bd_0_i/hls_inst/inst/regslice_both_dac_stream_V_data_V_U/data_p2_reg_n_0_[6]
    SLICE_X32Y91         LUT4 (Prop_lut4_I0_O)        0.045     0.650 r  bd_0_i/hls_inst/inst/regslice_both_dac_stream_V_data_V_U/data_p1[6]_i_1/O
                         net (fo=1, routed)           0.000     0.650    bd_0_i/hls_inst/inst/regslice_both_dac_stream_V_data_V_U/data_p1[6]_i_1_n_0
    SLICE_X32Y91         FDRE                                         r  bd_0_i/hls_inst/inst/regslice_both_dac_stream_V_data_V_U/data_p1_reg[6]/D
  -------------------------------------------------------------------    -------------------

                         (clock ap_clk rise edge)     0.000     0.000 r  
                                                      0.000     0.000 r  ap_clk (IN)
                         net (fo=152, unset)          0.432     0.432    bd_0_i/hls_inst/inst/regslice_both_dac_stream_V_data_V_U/ap_clk
    SLICE_X32Y91         FDRE                                         r  bd_0_i/hls_inst/inst/regslice_both_dac_stream_V_data_V_U/data_p1_reg[6]/C
                         clock pessimism              0.000     0.432    
    SLICE_X32Y91         FDRE (Hold_fdre_C_D)         0.121     0.553    bd_0_i/hls_inst/inst/regslice_both_dac_stream_V_data_V_U/data_p1_reg[6]
  -------------------------------------------------------------------
                         required time                         -0.553    
                         arrival time                           0.650    
  -------------------------------------------------------------------
                         slack                                  0.098    





Pulse Width Checks
--------------------------------------------------------------------------------------
Clock Name:         ap_clk
Waveform(ns):       { 0.000 5.000 }
Period(ns):         10.000
Sources:            { ap_clk }

Check Type        Corner  Lib Pin  Reference Pin  Required(ns)  Actual(ns)  Slack(ns)  Location      Pin
Min Period        n/a     FDSE/C   n/a            1.000         10.000      9.000      SLICE_X27Y87  bd_0_i/hls_inst/inst/ap_CS_fsm_reg[0]/C
Low Pulse Width   Slow    FDSE/C   n/a            0.500         5.000       4.500      SLICE_X27Y87  bd_0_i/hls_inst/inst/ap_CS_fsm_reg[0]/C
High Pulse Width  Slow    FDSE/C   n/a            0.500         5.000       4.500      SLICE_X27Y87  bd_0_i/hls_inst/inst/ap_CS_fsm_reg[0]/C



