

================================================================
== Vitis HLS Report for 'fmcw_ramp_gen'
================================================================
* Date:           Fri Aug 28 13:31:00 2026

* Version:        2025.2 (Build 6295257 on Nov 14 2025)
* Project:        RADAR_ramp
* Solution:       hls (Vivado IP Flow Target)
* Product family: zynq
* Target device:  xc7z020-clg484-1


================================================================
== Performance Estimates
================================================================
+ Timing: 
    * Summary: 
    +--------+----------+----------+------------+
    |  Clock |  Target  | Estimated| Uncertainty|
    +--------+----------+----------+------------+
    |ap_clk  |  10.00 ns|  7.024 ns|     2.70 ns|
    +--------+----------+----------+------------+

+ Latency: 
    * Summary: 
    +---------+---------+-----------+-----------+-----+-----+---------+
    |  Latency (cycles) |   Latency (absolute)  |  Interval | Pipeline|
    |   min   |   max   |    min    |    max    | min | max |   Type  |
    +---------+---------+-----------+-----------+-----+-----+---------+
    |        1|        1|  10.000 ns|  10.000 ns|    2|    2|       no|
    +---------+---------+-----------+-----------+-----+-----+---------+

    + Detail: 
        * Instance: 
        N/A

        * Loop: 
        N/A



================================================================
== Utilization Estimates
================================================================
* Summary: 
+-----------------+---------+-----+--------+-------+-----+
|       Name      | BRAM_18K| DSP |   FF   |  LUT  | URAM|
+-----------------+---------+-----+--------+-------+-----+
|DSP              |        -|    -|       -|      -|    -|
|Expression       |        -|    -|       0|     77|    -|
|FIFO             |        -|    -|       -|      -|    -|
|Instance         |        0|    -|     103|    126|    -|
|Memory           |        -|    -|       -|      -|    -|
|Multiplexer      |        -|    -|       0|     55|    -|
|Register         |        -|    -|      32|      -|    -|
+-----------------+---------+-----+--------+-------+-----+
|Total            |        0|    0|     135|    258|    0|
+-----------------+---------+-----+--------+-------+-----+
|Available        |      280|  220|  106400|  53200|    0|
+-----------------+---------+-----+--------+-------+-----+
|Utilization (%)  |        0|    0|      ~0|     ~0|    0|
+-----------------+---------+-----+--------+-------+-----+

+ Detail: 
    * Instance: 
    +-----------------------+---------------------+---------+----+-----+-----+-----+
    |        Instance       |        Module       | BRAM_18K| DSP|  FF | LUT | URAM|
    +-----------------------+---------------------+---------+----+-----+-----+-----+
    |s_axi_control_s_axi_U  |s_axi_control_s_axi  |        0|   0|  103|  126|    0|
    +-----------------------+---------------------+---------+----+-----+-----+-----+
    |Total                  |                     |        0|   0|  103|  126|    0|
    +-----------------------+---------------------+---------+----+-----+-----+-----+

    * DSP: 
    N/A

    * Memory: 
    N/A

    * FIFO: 
    N/A

    * Expression: 
    +-----------------------+----------+----+---+----+------------+------------+
    |     Variable Name     | Operation| DSP| FF| LUT| Bitwidth P0| Bitwidth P1|
    +-----------------------+----------+----+---+----+------------+------------+
    |add_ln43_fu_149_p2     |         +|   0|  0|  20|          15|          15|
    |add_ln49_fu_173_p2     |         +|   0|  0|  17|          14|          14|
    |icmp_ln43_fu_159_p2    |      icmp|   0|  0|  20|          15|          15|
    |ap_block_state1        |        or|   0|  0|   2|           1|           1|
    |ap_block_state2        |        or|   0|  0|   2|           1|           1|
    |select_ln43_fu_179_p3  |    select|   0|  0|  14|           1|          14|
    |xor_ln43_fu_165_p2     |       xor|   0|  0|   2|           1|           2|
    +-----------------------+----------+----+---+----+------------+------------+
    |Total                  |          |   0|  0|  77|          48|          62|
    +-----------------------+----------+----+---+----+------------+------------+

    * Multiplexer: 
    +------------------------+----+-----------+-----+-----------+
    |          Name          | LUT| Input Size| Bits| Total Bits|
    +------------------------+----+-----------+-----+-----------+
    |ap_NS_fsm               |  14|          3|    1|          3|
    |current_val             |   9|          2|   14|         28|
    |dac_stream_TDATA_blk_n  |   9|          2|    1|          2|
    |sync_trigger            |  14|          3|    1|          3|
    |sync_trigger_preg       |   9|          2|    1|          2|
    +------------------------+----+-----------+-----+-----------+
    |Total                   |  55|         12|   18|         38|
    +------------------------+----+-----------+-----+-----------+

    * Register: 
    +---------------------+----+----+-----+-----------+
    |         Name        | FF | LUT| Bits| Const Bits|
    +---------------------+----+----+-----+-----------+
    |ap_CS_fsm            |   2|   0|    2|          0|
    |current_val          |  14|   0|   14|          0|
    |enable_read_reg_192  |   1|   0|    1|          0|
    |select_ln43_reg_206  |  14|   0|   14|          0|
    |sync_trigger_preg    |   1|   0|    1|          0|
    +---------------------+----+----+-----+-----------+
    |Total                |  32|   0|   32|          0|
    +---------------------+----+----+-----+-----------+



================================================================
== Interface
================================================================
* Summary: 
+-----------------------------+-----+-----+------------+---------------------+--------------+
|          RTL Ports          | Dir | Bits|  Protocol  |    Source Object    |    C Type    |
+-----------------------------+-----+-----+------------+---------------------+--------------+
|s_axi_s_axi_control_AWVALID  |   in|    1|       s_axi|        s_axi_control|        scalar|
|s_axi_s_axi_control_AWREADY  |  out|    1|       s_axi|        s_axi_control|        scalar|
|s_axi_s_axi_control_AWADDR   |   in|    6|       s_axi|        s_axi_control|        scalar|
|s_axi_s_axi_control_WVALID   |   in|    1|       s_axi|        s_axi_control|        scalar|
|s_axi_s_axi_control_WREADY   |  out|    1|       s_axi|        s_axi_control|        scalar|
|s_axi_s_axi_control_WDATA    |   in|   32|       s_axi|        s_axi_control|        scalar|
|s_axi_s_axi_control_WSTRB    |   in|    4|       s_axi|        s_axi_control|        scalar|
|s_axi_s_axi_control_ARVALID  |   in|    1|       s_axi|        s_axi_control|        scalar|
|s_axi_s_axi_control_ARREADY  |  out|    1|       s_axi|        s_axi_control|        scalar|
|s_axi_s_axi_control_ARADDR   |   in|    6|       s_axi|        s_axi_control|        scalar|
|s_axi_s_axi_control_RVALID   |  out|    1|       s_axi|        s_axi_control|        scalar|
|s_axi_s_axi_control_RREADY   |   in|    1|       s_axi|        s_axi_control|        scalar|
|s_axi_s_axi_control_RDATA    |  out|   32|       s_axi|        s_axi_control|        scalar|
|s_axi_s_axi_control_RRESP    |  out|    2|       s_axi|        s_axi_control|        scalar|
|s_axi_s_axi_control_BVALID   |  out|    1|       s_axi|        s_axi_control|        scalar|
|s_axi_s_axi_control_BREADY   |   in|    1|       s_axi|        s_axi_control|        scalar|
|s_axi_s_axi_control_BRESP    |  out|    2|       s_axi|        s_axi_control|        scalar|
|ap_clk                       |   in|    1|  ap_ctrl_hs|        fmcw_ramp_gen|  return value|
|ap_rst_n                     |   in|    1|  ap_ctrl_hs|        fmcw_ramp_gen|  return value|
|interrupt                    |  out|    1|  ap_ctrl_hs|        fmcw_ramp_gen|  return value|
|dac_stream_TDATA             |  out|   32|        axis|  dac_stream_V_data_V|       pointer|
|dac_stream_TVALID            |  out|    1|        axis|  dac_stream_V_last_V|       pointer|
|dac_stream_TREADY            |   in|    1|        axis|  dac_stream_V_last_V|       pointer|
|dac_stream_TLAST             |  out|    1|        axis|  dac_stream_V_last_V|       pointer|
|dac_stream_TKEEP             |  out|    4|        axis|  dac_stream_V_keep_V|       pointer|
|dac_stream_TSTRB             |  out|    4|        axis|  dac_stream_V_strb_V|       pointer|
|sync_trigger                 |  out|    1|     ap_none|         sync_trigger|       pointer|
+-----------------------------+-----+-----+------------+---------------------+--------------+

